Archive member included to satisfy reference by file (symbol)

c:/programfiles/arduino-1.8.19/hardware/tools/avr/bin/../lib/gcc/avr/7.3.0/../../../../avr/lib/avr6\libprintf_flt.a(vfprintf_flt.o)
                              (vfprintf)
bin/atmega2560/core/core.a(Print.o)
                              bin/atmega2560/DEBUG/obj/dpy_display.o (Print::write(unsigned char const*, unsigned int))
bin/atmega2560/core/core.a(wiring.o)
                              bin/atmega2560/DEBUG/obj/gsl_systemLoad.o (millis)
bin/atmega2560/core/core.a(wiring_digital.o)
                              bin/atmega2560/DEBUG/obj/asi_arduinoSampleIntegration.o (pinMode)
bin/atmega2560/core/core.a(abi.o)
                              bin/atmega2560/core/core.a(Print.o) (__cxa_pure_virtual)
bin/atmega2560/core/core.a(HardwareSerial.o)
                              bin/atmega2560/DEBUG/obj/stdout.o (HardwareSerial::begin(unsigned long, unsigned char))
bin/atmega2560/core/core.a(HardwareSerial0.o)
                              bin/atmega2560/DEBUG/obj/stdout.o (Serial)
bin/atmega2560/core/core.a(LiquidCrystal.o)
                              bin/atmega2560/DEBUG/obj/dpy_display.o (LiquidCrystal::write(unsigned char))
c:/programfiles/arduino-1.8.19/hardware/tools/avr/bin/../lib/gcc/avr/7.3.0/../../../../avr/lib/avr6\libm.a(addsf3.o)
                              bin/atmega2560/DEBUG/obj/asi_arduinoSampleIntegration.o (__subsf3)
c:/programfiles/arduino-1.8.19/hardware/tools/avr/bin/../lib/gcc/avr/7.3.0/../../../../avr/lib/avr6\libm.a(addsf3x.o)
                              c:/programfiles/arduino-1.8.19/hardware/tools/avr/bin/../lib/gcc/avr/7.3.0/../../../../avr/lib/avr6\libm.a(addsf3.o) (__addsf3x)
c:/programfiles/arduino-1.8.19/hardware/tools/avr/bin/../lib/gcc/avr/7.3.0/../../../../avr/lib/avr6\libm.a(cmpsf2.o)
                              bin/atmega2560/DEBUG/obj/pwr_computeEnginePower.o (__ltsf2)
c:/programfiles/arduino-1.8.19/hardware/tools/avr/bin/../lib/gcc/avr/7.3.0/../../../../avr/lib/avr6\libm.a(divsf3.o)
                              bin/atmega2560/DEBUG/obj/sim_simulateCanReception.o (__divsf3)
c:/programfiles/arduino-1.8.19/hardware/tools/avr/bin/../lib/gcc/avr/7.3.0/../../../../avr/lib/avr6\libm.a(divsf3x.o)
                              c:/programfiles/arduino-1.8.19/hardware/tools/avr/bin/../lib/gcc/avr/7.3.0/../../../../avr/lib/avr6\libm.a(divsf3.o) (__divsf3x)
c:/programfiles/arduino-1.8.19/hardware/tools/avr/bin/../lib/gcc/avr/7.3.0/../../../../avr/lib/avr6\libm.a(fixsfdi.o)
                              bin/atmega2560/DEBUG/obj/sim_simulateCanReception.o (__fixunssfdi)
c:/programfiles/arduino-1.8.19/hardware/tools/avr/bin/../lib/gcc/avr/7.3.0/../../../../avr/lib/avr6\libm.a(fixsfsi.o)
                              bin/atmega2560/DEBUG/obj/asi_arduinoSampleIntegration.o (__fixsfsi)
c:/programfiles/arduino-1.8.19/hardware/tools/avr/bin/../lib/gcc/avr/7.3.0/../../../../avr/lib/avr6\libm.a(fixunssfsi.o)
                              bin/atmega2560/DEBUG/obj/pwr_computeEnginePower.o (__fixunssfsi)
c:/programfiles/arduino-1.8.19/hardware/tools/avr/bin/../lib/gcc/avr/7.3.0/../../../../avr/lib/avr6\libm.a(floatsisf.o)
                              bin/atmega2560/DEBUG/obj/asi_arduinoSampleIntegration.o (__floatunsisf)
c:/programfiles/arduino-1.8.19/hardware/tools/avr/bin/../lib/gcc/avr/7.3.0/../../../../avr/lib/avr6\libm.a(fp_cmp.o)
                              c:/programfiles/arduino-1.8.19/hardware/tools/avr/bin/../lib/gcc/avr/7.3.0/../../../../avr/lib/avr6\libm.a(cmpsf2.o) (__fp_cmp)
c:/programfiles/arduino-1.8.19/hardware/tools/avr/bin/../lib/gcc/avr/7.3.0/../../../../avr/lib/avr6\libm.a(fp_inf.o)
                              c:/programfiles/arduino-1.8.19/hardware/tools/avr/bin/../lib/gcc/avr/7.3.0/../../../../avr/lib/avr6\libm.a(addsf3x.o) (__fp_inf)
c:/programfiles/arduino-1.8.19/hardware/tools/avr/bin/../lib/gcc/avr/7.3.0/../../../../avr/lib/avr6\libm.a(fp_nan.o)
                              c:/programfiles/arduino-1.8.19/hardware/tools/avr/bin/../lib/gcc/avr/7.3.0/../../../../avr/lib/avr6\libm.a(addsf3x.o) (__fp_nan)
c:/programfiles/arduino-1.8.19/hardware/tools/avr/bin/../lib/gcc/avr/7.3.0/../../../../avr/lib/avr6\libm.a(fp_negdi.o)
                              c:/programfiles/arduino-1.8.19/hardware/tools/avr/bin/../lib/gcc/avr/7.3.0/../../../../avr/lib/avr6\libm.a(fixsfdi.o) (__fp_negdi)
c:/programfiles/arduino-1.8.19/hardware/tools/avr/bin/../lib/gcc/avr/7.3.0/../../../../avr/lib/avr6\libm.a(fp_pscA.o)
                              c:/programfiles/arduino-1.8.19/hardware/tools/avr/bin/../lib/gcc/avr/7.3.0/../../../../avr/lib/avr6\libm.a(addsf3x.o) (__fp_pscA)
c:/programfiles/arduino-1.8.19/hardware/tools/avr/bin/../lib/gcc/avr/7.3.0/../../../../avr/lib/avr6\libm.a(fp_pscB.o)
                              c:/programfiles/arduino-1.8.19/hardware/tools/avr/bin/../lib/gcc/avr/7.3.0/../../../../avr/lib/avr6\libm.a(addsf3x.o) (__fp_pscB)
[...]
Memory Configuration

Name             Origin             Length             Attributes
text             0x00000000         0x00100000         xr
data             0x00800200         0x0000fe00         rw !x
eeprom           0x00810000         0x00010000         rw !x
fuse             0x00820000         0x00000003         rw !x
lock             0x00830000         0x00000400         rw !x
signature        0x00840000         0x00000400         rw !x
user_signatures  0x00850000         0x00000400         rw !x
*default*        0x00000000         0xffffffff

Linker script and memory map

Address of section .data set to 0x800200
LOAD c:/programfiles/arduino-1.8.19/hardware/tools/avr/bin/../lib/gcc/avr/7.3.0/../../../../avr/lib/avr6/crtatmega2560.o
LOAD c:/programfiles/arduino-1.8.19/hardware/tools/avr/bin/../lib/gcc/avr/7.3.0/../../../../avr/lib/avr6\libprintf_flt.a
START GROUP
LOAD bin/atmega2560/core/core.a
LOAD bin/atmega2560/DEBUG/obj/main.o
LOAD bin/atmega2560/DEBUG/obj/gsl_systemLoad.o
LOAD bin/atmega2560/DEBUG/obj/rtos.o
LOAD bin/atmega2560/DEBUG/obj/stdout.o
LOAD bin/atmega2560/DEBUG/obj/ede_eventDispatcherEngine.o
LOAD bin/atmega2560/DEBUG/obj/ede_eventSender.o
LOAD bin/atmega2560/DEBUG/obj/mem_malloc.o
LOAD bin/atmega2560/DEBUG/obj/vsq_threadSafeQueueVariableSize.o
LOAD bin/atmega2560/DEBUG/obj/vsq_dispatcherPortInterface.o
LOAD bin/atmega2560/DEBUG/obj/mpo_mapOffsetOnly.o
LOAD bin/atmega2560/DEBUG/obj/mid_mapIdentity.o
LOAD bin/atmega2560/DEBUG/obj/m16_mapDirectLookupU16.o
LOAD bin/atmega2560/DEBUG/obj/mu8_mapDirectLookupU8.o
LOAD bin/atmega2560/DEBUG/obj/mci_mapBinarySearchCanId.o
LOAD bin/atmega2560/DEBUG/obj/asi_arduinoSampleIntegration.o
LOAD bin/atmega2560/DEBUG/obj/cde_stubs.o
LOAD bin/atmega2560/DEBUG/obj/pck_packCanFrame.o
LOAD bin/atmega2560/DEBUG/obj/cbk_callbacks.o
LOAD bin/atmega2560/DEBUG/obj/chk_checksum.o
LOAD bin/atmega2560/DEBUG/obj/apt_applicationTask.o
LOAD bin/atmega2560/DEBUG/obj/pwr_computeEnginePower.o
LOAD bin/atmega2560/DEBUG/obj/dpy_display.o
LOAD bin/atmega2560/DEBUG/obj/sim_simulateCanReception.o
LOAD bin/atmega2560/DEBUG/obj/csh_canShield.o
END GROUP
LOAD c:/programfiles/arduino-1.8.19/hardware/tools/avr/bin/../lib/gcc/avr/7.3.0/../../../../avr/lib/avr6\libm.a
START GROUP
LOAD c:/programfiles/arduino-1.8.19/hardware/tools/avr/bin/../lib/gcc/avr/7.3.0/avr6\libgcc.a
LOAD c:/programfiles/arduino-1.8.19/hardware/tools/avr/bin/../lib/gcc/avr/7.3.0/../../../../avr/lib/avr6\libm.a
LOAD c:/programfiles/arduino-1.8.19/hardware/tools/avr/bin/../lib/gcc/avr/7.3.0/../../../../avr/lib/avr6\libc.a
LOAD c:/programfiles/arduino-1.8.19/hardware/tools/avr/bin/../lib/gcc/avr/7.3.0/../../../../avr/lib/avr6\libatmega2560.a
END GROUP
                0x00100000                __TEXT_REGION_LENGTH__ = DEFINED (__TEXT_REGION_LENGTH__)?__TEXT_REGION_LENGTH__:0x100000
                0x0000fe00                __DATA_REGION_LENGTH__ = DEFINED (__DATA_REGION_LENGTH__)?__DATA_REGION_LENGTH__:0xfe00
                0x00010000                __EEPROM_REGION_LENGTH__ = DEFINED (__EEPROM_REGION_LENGTH__)?__EEPROM_REGION_LENGTH__:0x10000
                [0x00000003]                __FUSE_REGION_LENGTH__ = DEFINED (__FUSE_REGION_LENGTH__)?__FUSE_REGION_LENGTH__:0x400
                0x00000400                __LOCK_REGION_LENGTH__ = DEFINED (__LOCK_REGION_LENGTH__)?__LOCK_REGION_LENGTH__:0x400
                0x00000400                __SIGNATURE_REGION_LENGTH__ = DEFINED (__SIGNATURE_REGION_LENGTH__)?__SIGNATURE_REGION_LENGTH__:0x400
                0x00000400                __USER_SIGNATURE_REGION_LENGTH__ = DEFINED (__USER_SIGNATURE_REGION_LENGTH__)?__USER_SIGNATURE_REGION_LENGTH__:0x400
                0x00800200                __DATA_REGION_ORIGIN__ = DEFINED (__DATA_REGION_ORIGIN__)?__DATA_REGION_ORIGIN__:0x800200

.hash
 *(.hash)

.dynsym
 *(.dynsym)

.dynstr
 *(.dynstr)

.gnu.version
 *(.gnu.version)

.gnu.version_d
 *(.gnu.version_d)

.gnu.version_r
 *(.gnu.version_r)

.rel.init
 *(.rel.init)

.rela.init
 *(.rela.init)

.rel.text
 *(.rel.text)
 *(.rel.text.*)
 *(.rel.gnu.linkonce.t*)

.rela.text
 *(.rela.text)
 *(.rela.text.*)
 *(.rela.gnu.linkonce.t*)

.rel.fini
 *(.rel.fini)

.rela.fini
 *(.rela.fini)

.rel.rodata
 *(.rel.rodata)
 *(.rel.rodata.*)
 *(.rel.gnu.linkonce.r*)

.rela.rodata
 *(.rela.rodata)
 *(.rela.rodata.*)
 *(.rela.gnu.linkonce.r*)

.rel.data
 *(.rel.data)
 *(.rel.data.*)
 *(.rel.gnu.linkonce.d*)

.rela.data
 *(.rela.data)
 *(.rela.data.*)
 *(.rela.gnu.linkonce.d*)

.rel.ctors
 *(.rel.ctors)

.rela.ctors
 *(.rela.ctors)

.rel.dtors
 *(.rel.dtors)

.rela.dtors
 *(.rela.dtors)

.rel.got
 *(.rel.got)

.rela.got
 *(.rela.got)

.rel.bss
 *(.rel.bss)

.rela.bss
 *(.rela.bss)

.rel.plt
 *(.rel.plt)

.rela.plt
 *(.rela.plt)

.text           0x00000000     0xaf02
 *(.vectors)
 .vectors       0x00000000       0xe4 c:/programfiles/arduino-1.8.19/hardware/tools/avr/bin/../lib/gcc/avr/7.3.0/../../../../avr/lib/avr6/crtatmega2560.o
                0x00000000                __vector_default
                0x00000000                __vectors
 *(.vectors)
 *(.progmem.gcc*)
                0x000000e4                . = ALIGN (0x2)
                0x000000e4                __trampolines_start = .
 *(.trampolines)
 .trampolines   0x000000e4        0x0 linker stubs
 *(.trampolines*)
                0x000000e4                __trampolines_end = .
 *libprintf_flt.a:*(.progmem.data)
 .progmem.data  0x000000e4        0x8 c:/programfiles/arduino-1.8.19/hardware/tools/avr/bin/../lib/gcc/avr/7.3.0/../../../../avr/lib/avr6\libprintf_flt.a(vfprintf_flt.o)
 *libc.a:*(.progmem.data)
 .progmem.data  0x000000ec       0xfa c:/programfiles/arduino-1.8.19/hardware/tools/avr/bin/../lib/gcc/avr/7.3.0/../../../../avr/lib/avr6\libc.a(ftoa_engine.o)
 *(.progmem*)
 .progmem.rtuinos
                0x000001e6       0xfb bin/atmega2560/DEBUG/obj/rtos.o
                0x000001e6                rtos_rtuinosStartupMsg
 .progmem.data.digital_pin_to_timer_PGM
                0x000002e1       0x46 bin/atmega2560/core/core.a(wiring_digital.o)
                0x000002e1                digital_pin_to_timer_PGM
 .progmem.data.digital_pin_to_bit_mask_PGM
                0x00000327       0x46 bin/atmega2560/core/core.a(wiring_digital.o)
                0x00000327                digital_pin_to_bit_mask_PGM
 .progmem.data.digital_pin_to_port_PGM
                0x0000036d       0x46 bin/atmega2560/core/core.a(wiring_digital.o)
                0x0000036d                digital_pin_to_port_PGM
 .progmem.data.port_to_output_PGM
                0x000003b3       0x1a bin/atmega2560/core/core.a(wiring_digital.o)
                0x000003b3                port_to_output_PGM
 .progmem.data.port_to_mode_PGM
                0x000003cd       0x1a bin/atmega2560/core/core.a(wiring_digital.o)
                0x000003cd                port_to_mode_PGM
                0x000003e8                . = ALIGN (0x2)
 *fill*         0x000003e7        0x1 
 *(.jumptables)
 *(.jumptables*)
 *(.lowtext)
 *(.lowtext*)
                0x000003e8                __ctors_start = .
 *(.ctors)
 .ctors         0x000003e8        0x2 bin/atmega2560/DEBUG/obj/dpy_display.o
 .ctors         0x000003ea        0x2 bin/atmega2560/core/core.a(HardwareSerial0.o)
                0x000003ec                __ctors_end = .
                0x000003ec                __dtors_start = .
 *(.dtors)
                0x000003ec                __dtors_end = .
 SORT(*)(.ctors)
 SORT(*)(.dtors)
 *(.init0)
 .init0         0x000003ec        0x0 c:/programfiles/arduino-1.8.19/hardware/tools/avr/bin/../lib/gcc/avr/7.3.0/../../../../avr/lib/avr6/crtatmega2560.o
                0x000003ec                __init
 *(.init0)
 *(.init1)
 *(.init1)
 *(.init2)
 .init2         0x000003ec       0x10 c:/programfiles/arduino-1.8.19/hardware/tools/avr/bin/../lib/gcc/avr/7.3.0/../../../../avr/lib/avr6/crtatmega2560.o
 *(.init2)
 *(.init3)
 *(.init3)
 *(.init4)
 .init4         0x000003fc       0x1a c:/programfiles/arduino-1.8.19/hardware/tools/avr/bin/../lib/gcc/avr/7.3.0/avr6\libgcc.a(_copy_data.o)
                0x000003fc                __do_copy_data
 .init4         0x00000416       0x10 c:/programfiles/arduino-1.8.19/hardware/tools/avr/bin/../lib/gcc/avr/7.3.0/avr6\libgcc.a(_clear_bss.o)
                0x00000416                __do_clear_bss
 *(.init4)
 *(.init5)
 *(.init5)
 *(.init6)
 .init6         0x00000426       0x20 c:/programfiles/arduino-1.8.19/hardware/tools/avr/bin/../lib/gcc/avr/7.3.0/avr6\libgcc.a(_ctors.o)
                0x00000426                __do_global_ctors
 *(.init6)
 *(.init7)
 *(.init7)
 *(.init8)
 *(.init8)
 *(.init9)
 .init9         0x00000446        0x6 c:/programfiles/arduino-1.8.19/hardware/tools/avr/bin/../lib/gcc/avr/7.3.0/../../../../avr/lib/avr6/crtatmega2560.o
 *(.init9)
 *(.text)
 .text          0x0000044c        0x2 c:/programfiles/arduino-1.8.19/hardware/tools/avr/bin/../lib/gcc/avr/7.3.0/../../../../avr/lib/avr6/crtatmega2560.o
                0x0000044c                __vector_38
                0x0000044c                __vector_22
                0x0000044c                __vector_28
                0x0000044c                __vector_1
                0x0000044c                __vector_32
                0x0000044c                __vector_34
                0x0000044c                __vector_24
                0x0000044c                __vector_12
                0x0000044c                __vector_55
                0x0000044c                __vector_46
                0x0000044c                __bad_interrupt
                0x0000044c                __vector_6
                0x0000044c                __vector_31
                0x0000044c                __vector_35
                0x0000044c                __vector_39
                0x0000044c                __vector_3
                0x0000044c                __vector_30
                0x0000044c                __vector_45
                0x0000044c                __vector_11
                0x0000044c                __vector_54
                0x0000044c                __vector_13
                0x0000044c                __vector_17
                0x0000044c                __vector_19
                0x0000044c                __vector_56
                0x0000044c                __vector_7
                0x0000044c                __vector_49
                0x0000044c                __vector_41
                0x0000044c                __vector_43
                0x0000044c                __vector_27
                0x0000044c                __vector_5
                0x0000044c                __vector_33
                0x0000044c                __vector_47
                0x0000044c                __vector_52
                0x0000044c                __vector_37
                0x0000044c                __vector_4
                0x0000044c                __vector_44
                0x0000044c                __vector_51
                0x0000044c                __vector_9
                0x0000044c                __vector_2
                0x0000044c                __vector_21
                0x0000044c                __vector_36
                0x0000044c                __vector_29
                0x0000044c                __vector_40
                0x0000044c                __vector_8
                0x0000044c                __vector_48
                0x0000044c                __vector_14
                0x0000044c                __vector_53
                0x0000044c                __vector_10
                0x0000044c                __vector_50
                0x0000044c                __vector_16
                0x0000044c                __vector_18
                0x0000044c                __vector_20
                0x0000044c                __vector_42
                0x0000044e                . = ALIGN (0x2)
 *(.text.*)
 .text.avr-libc
                0x0000044e      0x714 c:/programfiles/arduino-1.8.19/hardware/tools/avr/bin/../lib/gcc/avr/7.3.0/../../../../avr/lib/avr6\libprintf_flt.a(vfprintf_flt.o)
                0x0000044e                vfprintf
 .text.yield    0x00000b62        0x2 bin/atmega2560/DEBUG/obj/main.o
                0x00000b62                yield
 .text.main     0x00000b64        0xc bin/atmega2560/DEBUG/obj/main.o
                0x00000b64                main
 .text.gsl_getSystemLoad
                0x00000b70      0x140 bin/atmega2560/DEBUG/obj/gsl_systemLoad.o
                0x00000b70                gsl_getSystemLoad
 .text.rtos_enableIRQTimerTic
                0x00000cb0        0xc bin/atmega2560/DEBUG/obj/rtos.o
                0x00000cb0                rtos_enableIRQTimerTic
 .text.onTimerTic
                0x00000cbc      0x1e4 bin/atmega2560/DEBUG/obj/rtos.o
 .text.__vector_15
                0x00000ea0       0xfa bin/atmega2560/DEBUG/obj/rtos.o
                0x00000ea0                __vector_15
 .text.waitForEvent
                0x00000f9a      0x24c bin/atmega2560/DEBUG/obj/rtos.o
 .text.rtos_waitForEvent
                0x000011e6       0xf6 bin/atmega2560/DEBUG/obj/rtos.o
                0x000011e6                rtos_waitForEvent
 .text.rtos_getTaskOverrunCounter
                0x000012dc       0x34 bin/atmega2560/DEBUG/obj/rtos.o
                0x000012dc                rtos_getTaskOverrunCounter
 .text.rtos_getStackReserve
                0x00001310       0x32 bin/atmega2560/DEBUG/obj/rtos.o
                0x00001310                rtos_getStackReserve
 .text.rtos_initializeTask
                0x00001342      0x214 bin/atmega2560/DEBUG/obj/rtos.o
                0x00001342                rtos_initializeTask
 .text.rtos_initRTOS
                0x00001556      0x1ce bin/atmega2560/DEBUG/obj/rtos.o
                0x00001556                rtos_initRTOS
 .text._ZL14serial_putcharcP6(float, int, long,...)
                0x00001724       0x4a bin/atmega2560/DEBUG/obj/stdout.o
 .text.init_stdout
                0x0000176e       0x32 bin/atmega2560/DEBUG/obj/stdout.o
                0x0000176e                init_stdout
 .text.puts_progmem
                0x000017a0       0x50 bin/atmega2560/DEBUG/obj/stdout.o
                0x000017a0                puts_progmem
 .text.invokeCallback
                0x000017f0       0xc0 bin/atmega2560/DEBUG/obj/ede_eventDispatcherEngine.o
 .text.createTimer
                0x000018b0      0x2b0 bin/atmega2560/DEBUG/obj/ede_eventDispatcherEngine.o
 .text.ede_createDispatcherSystem
                0x00001b60      0x1d4 bin/atmega2560/DEBUG/obj/ede_eventDispatcherEngine.o
                0x00001b60                ede_createDispatcherSystem
 .text.ede_createDispatcher
                0x00001d34      0x226 bin/atmega2560/DEBUG/obj/ede_eventDispatcherEngine.o
                0x00001d34                ede_createDispatcher
 .text.ede_registerExternalEventSource
                0x00001f5a      0x1a8 bin/atmega2560/DEBUG/obj/ede_eventDispatcherEngine.o
                0x00001f5a                ede_registerExternalEventSource
 .text.ede_registerInternalEventSource
                0x00002102      0x136 bin/atmega2560/DEBUG/obj/ede_eventDispatcherEngine.o
                0x00002102                ede_registerInternalEventSource
 .text.ede_dispatcherMain
                0x00002238      0x522 bin/atmega2560/DEBUG/obj/ede_eventDispatcherEngine.o
                0x00002238                ede_dispatcherMain
 .text.ede_createPeriodicTimer
                0x0000275a       0x10 bin/atmega2560/DEBUG/obj/ede_eventDispatcherEngine.o
                0x0000275a                ede_createPeriodicTimer
 .text.ede_createSingleShotTimer
                0x0000276a       0x10 bin/atmega2560/DEBUG/obj/ede_eventDispatcherEngine.o
                0x0000276a                ede_createSingleShotTimer
 .text.ede_suspendSingleShotTimer
                0x0000277a      0x1c4 bin/atmega2560/DEBUG/obj/ede_eventDispatcherEngine.o
                0x0000277a                ede_suspendSingleShotTimer
 .text.ede_retriggerSingleShotTimer
                0x0000293e      0x1f2 bin/atmega2560/DEBUG/obj/ede_eventDispatcherEngine.o
                0x0000293e                ede_retriggerSingleShotTimer
 .text.ede_installCallback
                0x00002b30      0x276 bin/atmega2560/DEBUG/obj/ede_eventDispatcherEngine.o
                0x00002b30                ede_installCallback
 .text.ede_getEventSourceData
                0x00002da6       0xa6 bin/atmega2560/DEBUG/obj/ede_eventDispatcherEngine.o
                0x00002da6                ede_getEventSourceData
 .text.ede_getKindOfEvent
                0x00002e4c        0x6 bin/atmega2560/DEBUG/obj/ede_eventDispatcherEngine.o
                0x00002e4c                ede_getKindOfEvent
 .text.ede_getEventData
                0x00002e52       0x14 bin/atmega2560/DEBUG/obj/ede_eventDispatcherEngine.o
                0x00002e52                ede_getEventData
 .text.ede_createSender
                0x00002e66      0x172 bin/atmega2560/DEBUG/obj/ede_eventSender.o
                0x00002e66                ede_createSender
 .text.ede_postEventToPort
                0x00002fd8      0x172 bin/atmega2560/DEBUG/obj/ede_eventSender.o
                0x00002fd8                ede_postEventToPort
 .text.mallocChunk
                0x0000314a       0xa2 bin/atmega2560/DEBUG/obj/mem_malloc.o
 .text.getNbrOfAvailableBytes
                0x000031ec       0x20 bin/atmega2560/DEBUG/obj/mem_malloc.o
 .text.getNbrOfAllocatedBytes
                0x0000320c        0x8 bin/atmega2560/DEBUG/obj/mem_malloc.o
 .text.mem_createMemoryPool
                0x00003214       0xc6 bin/atmega2560/DEBUG/obj/mem_malloc.o
                0x00003214                mem_createMemoryPool
 .text.vsq_getSizeOfQueueHead
                0x000032da        0x6 bin/atmega2560/DEBUG/obj/vsq_threadSafeQueueVariableSize.o
                0x000032da                vsq_getSizeOfQueueHead
 .text.vsq_getSizeOfQueueTail
                0x000032e0       0xb6 bin/atmega2560/DEBUG/obj/vsq_threadSafeQueueVariableSize.o
                0x000032e0                vsq_getSizeOfQueueTail
 .text.vsq_createQueueHead
                0x00003396        0xa bin/atmega2560/DEBUG/obj/vsq_threadSafeQueueVariableSize.o
                0x00003396                vsq_createQueueHead
 .text.vsq_createQueueTail
                0x000033a0      0x2b8 bin/atmega2560/DEBUG/obj/vsq_threadSafeQueueVariableSize.o
                0x000033a0                vsq_createQueueTail
 .text.vsq_linkQueueHeadWithTail
                0x00003658       0x10 bin/atmega2560/DEBUG/obj/vsq_threadSafeQueueVariableSize.o
                0x00003658                vsq_linkQueueHeadWithTail
 .text.vsq_linkQueueTailWithHead
                0x00003668       0xa6 bin/atmega2560/DEBUG/obj/vsq_threadSafeQueueVariableSize.o
                0x00003668                vsq_linkQueueTailWithHead
 .text.vsq_allocTailElement
                0x0000370e      0x7b6 bin/atmega2560/DEBUG/obj/vsq_threadSafeQueueVariableSize.o
                0x0000370e                vsq_allocTailElement
 .text.vsq_postTailElement
                0x00003ec4       0xa6 bin/atmega2560/DEBUG/obj/vsq_threadSafeQueueVariableSize.o
                0x00003ec4                vsq_postTailElement
 .text.vsq_readFromHead
                0x00003f6a      0x1fe bin/atmega2560/DEBUG/obj/vsq_threadSafeQueueVariableSize.o
                0x00003f6a                vsq_readFromHead
 .text.edePortDisp_freeBuffer
                0x00004168        0x2 bin/atmega2560/DEBUG/obj/vsq_dispatcherPortInterface.o
 .text.edePortDisp_readBuffer
                0x0000416a       0xbc bin/atmega2560/DEBUG/obj/vsq_dispatcherPortInterface.o
 .text.edePortSdr_submitBuffer
                0x00004226        0x4 bin/atmega2560/DEBUG/obj/vsq_dispatcherPortInterface.o
 .text.edePortSdr_allocBuffer
                0x0000422a        0x8 bin/atmega2560/DEBUG/obj/vsq_dispatcherPortInterface.o
 .text.vsq_createEventQueueHead
                0x00004232       0x54 bin/atmega2560/DEBUG/obj/vsq_dispatcherPortInterface.o
                0x00004232                vsq_createEventQueueHead
 .text.vsq_createEventQueueTail
                0x00004286       0x74 bin/atmega2560/DEBUG/obj/vsq_dispatcherPortInterface.o
                0x00004286                vsq_createEventQueueTail
 .text.vsq_createEventQueue
                0x000042fa       0x78 bin/atmega2560/DEBUG/obj/vsq_dispatcherPortInterface.o
                0x000042fa                vsq_createEventQueue
 .text.getValue
                0x00004372      0x1bc bin/atmega2560/DEBUG/obj/mpo_mapOffsetOnly.o
 .text.addKeyValuePair
                0x0000452e      0x380 bin/atmega2560/DEBUG/obj/mpo_mapOffsetOnly.o
 .text.mpo_createMapOffsetOnly
                0x000048ae      0x15e bin/atmega2560/DEBUG/obj/mpo_mapOffsetOnly.o
                0x000048ae                mpo_createMapOffsetOnly
 .text.task100ms
                0x00004a0c      0x132 bin/atmega2560/DEBUG/obj/asi_arduinoSampleIntegration.o
 .text.task10ms
                0x00004b3e      0x132 bin/atmega2560/DEBUG/obj/asi_arduinoSampleIntegration.o
 .text.taskOnCanReceive
                0x00004c70      0x14a bin/atmega2560/DEBUG/obj/asi_arduinoSampleIntegration.o
 .text.setup    0x00004dba       0x82 bin/atmega2560/DEBUG/obj/asi_arduinoSampleIntegration.o
                0x00004dba                setup
 .text.loop     0x00004e3c      0x27e bin/atmega2560/DEBUG/obj/asi_arduinoSampleIntegration.o
                0x00004e3c                loop
 .text.cde_getCanId
                0x000050ba       0xa6 bin/atmega2560/DEBUG/obj/cde_stubs.o
                0x000050ba                cde_getCanId
 .text.pck_unpack_PT_StateEcu01_1024
                0x00005160       0x56 bin/atmega2560/DEBUG/obj/pck_packCanFrame.o
                0x00005160                pck_unpack_PT_StateEcu01_1024
 .text.pck_unpack_PT_StateEcu02_1040
                0x000051b6       0x3a bin/atmega2560/DEBUG/obj/pck_packCanFrame.o
                0x000051b6                pck_unpack_PT_StateEcu02_1040
 .text.pck_unpack_PT_UserLimits_2032
                0x000051f0       0xc4 bin/atmega2560/DEBUG/obj/pck_packCanFrame.o
                0x000051f0                pck_unpack_PT_UserLimits_2032
 .text.pck_pack_PT_InfoPowerDisplay_1536
                0x000052b4       0x82 bin/atmega2560/DEBUG/obj/pck_packCanFrame.o
                0x000052b4                pck_pack_PT_InfoPowerDisplay_1536
 .text.pck_pack_PT_StatusPowerDisplay_1537
                0x00005336       0x8a bin/atmega2560/DEBUG/obj/pck_packCanFrame.o
                0x00005336                pck_pack_PT_StatusPowerDisplay_1537
 .text.pck_pack_PT_LimitsPowerDisplay_1538
                0x000053c0       0x4e bin/atmega2560/DEBUG/obj/pck_packCanFrame.o
                0x000053c0                pck_pack_PT_LimitsPowerDisplay_1538
 .text.onTimeoutFrame_PT_1040
                0x0000540e       0x94 bin/atmega2560/DEBUG/obj/cbk_callbacks.o
 .text.onTimeoutFrame_PT_1024
                0x000054a2       0x94 bin/atmega2560/DEBUG/obj/cbk_callbacks.o
 .text.onInitFrame_PT_1538
                0x00005536      0x126 bin/atmega2560/DEBUG/obj/cbk_callbacks.o
 .text.onInitFrame_PT_1537
                0x0000565c      0x1b2 bin/atmega2560/DEBUG/obj/cbk_callbacks.o
 .text.onDueCheckEventFrame_PT_1538
                0x0000580e      0x192 bin/atmega2560/DEBUG/obj/cbk_callbacks.o
 .text.onSendFrame_PT_1537
                0x000059a0      0x11a bin/atmega2560/DEBUG/obj/cbk_callbacks.o
 .text.onDueCheckEventFrame_PT_1537
                0x00005aba       0xc0 bin/atmega2560/DEBUG/obj/cbk_callbacks.o
 .text.onInitFrame_PT_1536
                0x00005b7a      0x11c bin/atmega2560/DEBUG/obj/cbk_callbacks.o
 .text.onSendFrame_PT_1536
                0x00005c96       0xe2 bin/atmega2560/DEBUG/obj/cbk_callbacks.o
 .text.onInitFrame_PT_2032
                0x00005d78       0x9e bin/atmega2560/DEBUG/obj/cbk_callbacks.o
 .text.onInitFrame_PT_1040
                0x00005e16      0x130 bin/atmega2560/DEBUG/obj/cbk_callbacks.o
 .text.onInitFrame_PT_1024
                0x00005f46      0x130 bin/atmega2560/DEBUG/obj/cbk_callbacks.o
 .text.onReceiveFrame_PT_2032
                0x00006076      0x134 bin/atmega2560/DEBUG/obj/cbk_callbacks.o
 .text.onReceiveFrame_PT_1040
                0x000061aa      0x148 bin/atmega2560/DEBUG/obj/cbk_callbacks.o
 .text.onReceiveFrame_PT_1024
                0x000062f2      0x148 bin/atmega2560/DEBUG/obj/cbk_callbacks.o
 .text.cbk_initInterface
                0x0000643a      0x3e0 bin/atmega2560/DEBUG/obj/cbk_callbacks.o
                0x0000643a                cbk_initInterface
 .text.chk_validateSequenceCounter
                0x0000681a       0x7a bin/atmega2560/DEBUG/obj/chk_checksum.o
                0x0000681a                chk_validateSequenceCounter
 .text.chk_updateSequenceCounter
                0x00006894       0x28 bin/atmega2560/DEBUG/obj/chk_checksum.o
                0x00006894                chk_updateSequenceCounter
 .text.chk_validateChecksum
                0x000068bc       0xc4 bin/atmega2560/DEBUG/obj/chk_checksum.o
                0x000068bc                chk_validateChecksum
 .text.chk_computeChecksum
                0x00006980      0x150 bin/atmega2560/DEBUG/obj/chk_checksum.o
                0x00006980                chk_computeChecksum
 .text.onInitEvRecovBusOff
                0x00006ad0       0x9e bin/atmega2560/DEBUG/obj/apt_applicationTask.o
 .text.onBusOnOff
                0x00006b6e      0x164 bin/atmega2560/DEBUG/obj/apt_applicationTask.o
 .text.onInitEvBusOff
                0x00006cd2      0x1aa bin/atmega2560/DEBUG/obj/apt_applicationTask.o
 .text.csh_callbackOnBusStateChange
                0x00006e7c       0xd8 bin/atmega2560/DEBUG/obj/apt_applicationTask.o
                0x00006e7c                csh_callbackOnBusStateChange
 .text.csh_callbackOnReceiveCanFrame
                0x00006f54       0x94 bin/atmega2560/DEBUG/obj/apt_applicationTask.o
                0x00006f54                csh_callbackOnReceiveCanFrame
 .text.apt_taskInit
                0x00006fe8      0x748 bin/atmega2560/DEBUG/obj/apt_applicationTask.o
                0x00006fe8                apt_taskInit
 .text.apt_task10ms
                0x00007730       0x14 bin/atmega2560/DEBUG/obj/apt_applicationTask.o
                0x00007730                apt_task10ms
 .text.apt_task100ms
                0x00007744       0x16 bin/atmega2560/DEBUG/obj/apt_applicationTask.o
                0x00007744                apt_task100ms
 .text.updateGlobalErrCounters
                0x0000775a       0x4c bin/atmega2560/DEBUG/obj/pwr_computeEnginePower.o
 .text.pwr_computeEnginePwr
                0x000077a6      0x194 bin/atmega2560/DEBUG/obj/pwr_computeEnginePower.o
                0x000077a6                pwr_computeEnginePwr
 .text.pwr_checkUserLimits
                0x0000793a      0x204 bin/atmega2560/DEBUG/obj/pwr_computeEnginePower.o
                0x0000793a                pwr_checkUserLimits
 .text.pwr_updateDisplay
                0x00007b3e      0x1a6 bin/atmega2560/DEBUG/obj/pwr_computeEnginePower.o
                0x00007b3e                pwr_updateDisplay
 .text._ZN5Print17availableForWriteEv
                0x00007ce4        0x6 bin/atmega2560/DEBUG/obj/dpy_display.o
                0x00007ce4                Print::availableForWrite()
 .text._ZN5Print5flushEv
                0x00007cea        0x2 bin/atmega2560/DEBUG/obj/dpy_display.o
                0x00007cea                Print::flush()
 .text._ZN13dpy_display_tC2Ev
                0x00007cec       0x54 bin/atmega2560/DEBUG/obj/dpy_display.o
                0x00007cec                dpy_display_t::dpy_display_t()
                0x00007cec                dpy_display_t::dpy_display_t()
 .text._ZN13dpy_display_t13printGreetingEv
                0x00007d40      0x12a bin/atmega2560/DEBUG/obj/dpy_display.o
                0x00007d40                dpy_display_t::printGreeting()
 .text._ZN13dpy_display_t15printBackgroundEv
                0x00007e6a       0x94 bin/atmega2560/DEBUG/obj/dpy_display.o
                0x00007e6a                dpy_display_t::printBackground()
 .text._ZN13dpy_display_t15printValueAsBarEhh
                0x00007efe      0x106 bin/atmega2560/DEBUG/obj/dpy_display.o
                0x00007efe                dpy_display_t::printValueAsBar(unsigned char, unsigned char)
 .text._ZN13dpy_display_t13printTqAndPwrEii
                0x00008004      0x1ca bin/atmega2560/DEBUG/obj/dpy_display.o
                0x00008004                dpy_display_t::printTqAndPwr(int, int)
 .text._ZN13dpy_display_t11printStatusEPKc
                0x000081ce       0x72 bin/atmega2560/DEBUG/obj/dpy_display.o
                0x000081ce                dpy_display_t::printStatus(char const*)
 .text.dpy_printGreeting
                0x00008240        0x8 bin/atmega2560/DEBUG/obj/dpy_display.o
                0x00008240                dpy_printGreeting
 .text.dpy_printBackground
                0x00008248        0x8 bin/atmega2560/DEBUG/obj/dpy_display.o
                0x00008248                dpy_printBackground
 .text.dpy_printValueAsBar
                0x00008250        0xc bin/atmega2560/DEBUG/obj/dpy_display.o
                0x00008250                dpy_printValueAsBar
 .text.dpy_printTqAndPwr
                0x0000825c        0xc bin/atmega2560/DEBUG/obj/dpy_display.o
                0x0000825c                dpy_printTqAndPwr
 .text.dpy_printStatus
                0x00008268        0xa bin/atmega2560/DEBUG/obj/dpy_display.o
                0x00008268                dpy_printStatus
 .text._GLOBAL__sub_I_dpy_display
                0x00008272        0x8 bin/atmega2560/DEBUG/obj/dpy_display.o
 .text.sim_simulateCanReception
                0x0000827a      0xa64 bin/atmega2560/DEBUG/obj/sim_simulateCanReception.o
                0x0000827a                sim_simulateCanReception
 .text.registerCanFrame
                0x00008cde      0x160 bin/atmega2560/DEBUG/obj/csh_canShield.o
 .text.csh_initModule
                0x00008e3e       0x5a bin/atmega2560/DEBUG/obj/csh_canShield.o
                0x00008e3e                csh_initModule
 .text.csh_registerStdCanFrame
                0x00008e98       0xc8 bin/atmega2560/DEBUG/obj/csh_canShield.o
                0x00008e98                csh_registerStdCanFrame
 .text.csh_sendExtCanFrame
                0x00008f60      0x1d2 bin/atmega2560/DEBUG/obj/csh_canShield.o
                0x00008f60                csh_sendExtCanFrame
 .text.csh_sendStdCanFrame
                0x00009132       0xc2 bin/atmega2560/DEBUG/obj/csh_canShield.o
                0x00009132                csh_sendStdCanFrame
 .text.csh_restartCanBus
                0x000091f4        0x8 bin/atmega2560/DEBUG/obj/csh_canShield.o
                0x000091f4                csh_restartCanBus
 .text.csh_getCanDLC
                0x000091fc       0x9e bin/atmega2560/DEBUG/obj/csh_canShield.o
                0x000091fc                csh_getCanDLC
 .text.csh_getFrameData
                0x0000929a       0xc8 bin/atmega2560/DEBUG/obj/csh_canShield.o
                0x0000929a                csh_getFrameData
 .text.csh_hwBusStateChange
                0x00009362       0xb0 bin/atmega2560/DEBUG/obj/csh_canShield.o
                0x00009362                csh_hwBusStateChange
 .text.csh_hwGetRestartBus
                0x00009412        0xa bin/atmega2560/DEBUG/obj/csh_canShield.o
                0x00009412                csh_hwGetRestartBus
 .text.csh_hwFrameReceived
                0x0000941c      0x1cc bin/atmega2560/DEBUG/obj/csh_canShield.o
                0x0000941c                csh_hwFrameReceived
 .text._ZN5Print5writeEPKhj
                0x000095e8       0x5e bin/atmega2560/core/core.a(Print.o)
                0x000095e8                Print::write(unsigned char const*, unsigned int)
 .text._ZN5Print5printEPKc
                0x00009646       0x98 bin/atmega2560/core/core.a(Print.o)
                0x00009646                Print::print(char const*)
 .text.__vector_23
                0x000096de       0x94 bin/atmega2560/core/core.a(wiring.o)
                0x000096de                __vector_23
 .text.millis   0x00009772       0x18 bin/atmega2560/core/core.a(wiring.o)
                0x00009772                millis
 .text.delay    0x0000978a       0xf8 bin/atmega2560/core/core.a(wiring.o)
                0x0000978a                delay
 .text.delayMicroseconds
                0x00009882       0x16 bin/atmega2560/core/core.a(wiring.o)
                0x00009882                delayMicroseconds
 .text.init     0x00009898       0xc4 bin/atmega2560/core/core.a(wiring.o)
                0x00009898                init
 .text.pinMode  0x0000995c       0x82 bin/atmega2560/core/core.a(wiring_digital.o)
                0x0000995c                pinMode
 .text.digitalWrite
                0x000099de      0x142 bin/atmega2560/core/core.a(wiring_digital.o)
                0x000099de                digitalWrite
 .text._ZN14HardwareSerial9availableEv
                0x00009b20       0x18 bin/atmega2560/core/core.a(HardwareSerial.o)
                0x00009b20                HardwareSerial::available()
 .text._ZN14HardwareSerial4peekEv
                0x00009b38       0x1c bin/atmega2560/core/core.a(HardwareSerial.o)
                0x00009b38                HardwareSerial::peek()
 .text._ZN14HardwareSerial4readEv
                0x00009b54       0x28 bin/atmega2560/core/core.a(HardwareSerial.o)
                0x00009b54                HardwareSerial::read()
 .text._ZN14HardwareSerial17availableForWriteEv
                0x00009b7c       0x22 bin/atmega2560/core/core.a(HardwareSerial.o)
                0x00009b7c                HardwareSerial::availableForWrite()
 .text._ZN14HardwareSerial5flushEv
                0x00009b9e       0x78 bin/atmega2560/core/core.a(HardwareSerial.o)
                0x00009b9e                HardwareSerial::flush()
 .text._ZN14HardwareSerial5writeEh
                0x00009c16       0xca bin/atmega2560/core/core.a(HardwareSerial.o)
                0x00009c16                HardwareSerial::write(unsigned char)
 .text._ZN14HardwareSerial17_tx_udr_empty_irqEv
                0x00009ce0       0x44 bin/atmega2560/core/core.a(HardwareSerial.o)
                0x00009ce0                HardwareSerial::_tx_udr_empty_irq()
 .text._ZN14HardwareSerial5beginEmh
                0x00009d24       0xc0 bin/atmega2560/core/core.a(HardwareSerial.o)
                0x00009d24                HardwareSerial::begin(unsigned long, unsigned char)
 .text.__vector_25
                0x00009de4       0x6c bin/atmega2560/core/core.a(HardwareSerial0.o)
                0x00009de4                __vector_25
 .text.__vector_26
                0x00009e50       0x52 bin/atmega2560/core/core.a(HardwareSerial0.o)
                0x00009e50                __vector_26
 .text.startup._GLOBAL__sub_I___vector_25
                0x00009ea2       0x5a bin/atmega2560/core/core.a(HardwareSerial0.o)
 .text._ZN13LiquidCrystal5writeEh
                0x00009efc      0x140 bin/atmega2560/core/core.a(LiquidCrystal.o)
                0x00009efc                LiquidCrystal::write(unsigned char)
 .text._ZN13LiquidCrystal4sendEhh.constprop.1
                0x0000a03c      0x13a bin/atmega2560/core/core.a(LiquidCrystal.o)
 .text._ZN13LiquidCrystal5beginEhhh
                0x0000a176      0x276 bin/atmega2560/core/core.a(LiquidCrystal.o)
                0x0000a176                LiquidCrystal::begin(unsigned char, unsigned char, unsigned char)
 .text._ZN13LiquidCrystalC2Ehhhhhh
                0x0000a3ec       0x3e bin/atmega2560/core/core.a(LiquidCrystal.o)
                0x0000a3ec                LiquidCrystal::LiquidCrystal(unsigned char, unsigned char, unsigned char, unsigned char, unsigned char, unsigned char)
                0x0000a3ec                LiquidCrystal::LiquidCrystal(unsigned char, unsigned char, unsigned char, unsigned char, unsigned char, unsigned char)
 .text._ZN13LiquidCrystal9setCursorEhh
                0x0000a42a       0x20 bin/atmega2560/core/core.a(LiquidCrystal.o)
                0x0000a42a                LiquidCrystal::setCursor(unsigned char, unsigned char)
 .text._ZN13LiquidCrystal8noCursorEv
                0x0000a44a        0xc bin/atmega2560/core/core.a(LiquidCrystal.o)
                0x0000a44a                LiquidCrystal::noCursor()
 .text._ZN13LiquidCrystal7noBlinkEv
                0x0000a456        0xc bin/atmega2560/core/core.a(LiquidCrystal.o)
                0x0000a456                LiquidCrystal::noBlink()
 .text.avr-libc.fplib
                0x0000a462        0xa c:/programfiles/arduino-1.8.19/hardware/tools/avr/bin/../lib/gcc/avr/7.3.0/../../../../avr/lib/avr6\libm.a(addsf3.o)
                0x0000a462                __subsf3
                0x0000a464                __addsf3
 .text.avr-libc.fplib
                0x0000a46c       0xc0 c:/programfiles/arduino-1.8.19/hardware/tools/avr/bin/../lib/gcc/avr/7.3.0/../../../../avr/lib/avr6\libm.a(addsf3x.o)
                0x0000a486                __addsf3x
 .text.avr-libc.fplib
                0x0000a52c        0x8 c:/programfiles/arduino-1.8.19/hardware/tools/avr/bin/../lib/gcc/avr/7.3.0/../../../../avr/lib/avr6\libm.a(cmpsf2.o)
                0x0000a52c                __nesf2
                0x0000a52c                __eqsf2
                0x0000a52c                __cmpsf2
                0x0000a52c                __ltsf2
                0x0000a52c                __lesf2
 .text.avr-libc.fplib
                0x0000a534        0x4 c:/programfiles/arduino-1.8.19/hardware/tools/avr/bin/../lib/gcc/avr/7.3.0/../../../../avr/lib/avr6\libm.a(divsf3.o)
                0x0000a534                __divsf3
 .text.avr-libc.fplib
                0x0000a538       0xcc c:/programfiles/arduino-1.8.19/hardware/tools/avr/bin/../lib/gcc/avr/7.3.0/../../../../avr/lib/avr6\libm.a(divsf3x.o)
                0x0000a54e                __divsf3x
                0x0000a552                __divsf3_pse
 .text.avr-libc.fplib
                0x0000a604       0x74 c:/programfiles/arduino-1.8.19/hardware/tools/avr/bin/../lib/gcc/avr/7.3.0/../../../../avr/lib/avr6\libm.a(fixsfdi.o)
                0x0000a604                __fixsfdi
                0x0000a60e                __fixunssfdi
 .text.avr-libc.fplib
                0x0000a678        0xa c:/programfiles/arduino-1.8.19/hardware/tools/avr/bin/../lib/gcc/avr/7.3.0/../../../../avr/lib/avr6\libm.a(fixsfsi.o)
                0x0000a678                __fixsfsi
 .text.avr-libc.fplib
                0x0000a682       0x58 c:/programfiles/arduino-1.8.19/hardware/tools/avr/bin/../lib/gcc/avr/7.3.0/../../../../avr/lib/avr6\libm.a(fixunssfsi.o)
                0x0000a682                __fixunssfsi
 .text.avr-libc.fplib
                0x0000a6da       0x7a c:/programfiles/arduino-1.8.19/hardware/tools/avr/bin/../lib/gcc/avr/7.3.0/../../../../avr/lib/avr6\libm.a(floatsisf.o)
                0x0000a6da                __floatunsisf
                0x0000a6de                __floatsisf
 .text.avr-libc.fplib
                0x0000a754       0x48 c:/programfiles/arduino-1.8.19/hardware/tools/avr/bin/../lib/gcc/avr/7.3.0/../../../../avr/lib/avr6\libm.a(fp_cmp.o)
                0x0000a754                __fp_cmp
 .text.avr-libc.fplib
                0x0000a79c        0xc c:/programfiles/arduino-1.8.19/hardware/tools/avr/bin/../lib/gcc/avr/7.3.0/../../../../avr/lib/avr6\libm.a(fp_inf.o)
                0x0000a79c                __fp_inf
 .text.avr-libc.fplib
                0x0000a7a8        0x6 c:/programfiles/arduino-1.8.19/hardware/tools/avr/bin/../lib/gcc/avr/7.3.0/../../../../avr/lib/avr6\libm.a(fp_nan.o)
                0x0000a7a8                __fp_nan
 .text.avr-libc.fplib
                0x0000a7ae       0x20 c:/programfiles/arduino-1.8.19/hardware/tools/avr/bin/../lib/gcc/avr/7.3.0/../../../../avr/lib/avr6\libm.a(fp_negdi.o)
                0x0000a7ae                __fp_negdi
 .text.avr-libc.fplib
                0x0000a7ce        0xe c:/programfiles/arduino-1.8.19/hardware/tools/avr/bin/../lib/gcc/avr/7.3.0/../../../../avr/lib/avr6\libm.a(fp_pscA.o)
                0x0000a7ce                __fp_pscA
 .text.avr-libc.fplib
                0x0000a7dc        0xe c:/programfiles/arduino-1.8.19/hardware/tools/avr/bin/../lib/gcc/avr/7.3.0/../../../../avr/lib/avr6\libm.a(fp_pscB.o)
                0x0000a7dc                __fp_pscB
 .text.avr-libc.fplib
                0x0000a7ea       0x22 c:/programfiles/arduino-1.8.19/hardware/tools/avr/bin/../lib/gcc/avr/7.3.0/../../../../avr/lib/avr6\libm.a(fp_round.o)
                0x0000a7ea                __fp_round
 .text.avr-libc.fplib
                0x0000a80c       0x44 c:/programfiles/arduino-1.8.19/hardware/tools/avr/bin/../lib/gcc/avr/7.3.0/../../../../avr/lib/avr6\libm.a(fp_split3.o)
                0x0000a80c                __fp_split3
                0x0000a81c                __fp_splitA
 .text.avr-libc.fplib
                0x0000a850        0xe c:/programfiles/arduino-1.8.19/hardware/tools/avr/bin/../lib/gcc/avr/7.3.0/../../../../avr/lib/avr6\libm.a(fp_zero.o)
                0x0000a850                __fp_zero
                0x0000a852                __fp_szero
 .text.avr-libc.fplib
                0x0000a85e        0x8 c:/programfiles/arduino-1.8.19/hardware/tools/avr/bin/../lib/gcc/avr/7.3.0/../../../../avr/lib/avr6\libm.a(gesf2.o)
                0x0000a85e                __gesf2
                0x0000a85e                __gtsf2
 .text.avr-libc.fplib
                0x0000a866        0x4 c:/programfiles/arduino-1.8.19/hardware/tools/avr/bin/../lib/gcc/avr/7.3.0/../../../../avr/lib/avr6\libm.a(mulsf3.o)
                0x0000a866                __mulsf3
 .text.avr-libc.fplib
                0x0000a86a       0xc2 c:/programfiles/arduino-1.8.19/hardware/tools/avr/bin/../lib/gcc/avr/7.3.0/../../../../avr/lib/avr6\libm.a(mulsf3x.o)
                0x0000a87e                __mulsf3x
                0x0000a882                __mulsf3_pse
 .text.libgcc.div
                0x0000a92c       0x28 c:/programfiles/arduino-1.8.19/hardware/tools/avr/bin/../lib/gcc/avr/7.3.0/avr6\libgcc.a(_udivmodhi4.o)
                0x0000a92c                __udivmodhi4
 .text.libgcc.div
                0x0000a954       0x26 c:/programfiles/arduino-1.8.19/hardware/tools/avr/bin/../lib/gcc/avr/7.3.0/avr6\libgcc.a(_divmodhi4.o)
                0x0000a954                _div
                0x0000a954                __divmodhi4
 .text.libgcc.div
                0x0000a97a       0x44 c:/programfiles/arduino-1.8.19/hardware/tools/avr/bin/../lib/gcc/avr/7.3.0/avr6\libgcc.a(_udivmodsi4.o)
                0x0000a97a                __udivmodsi4
 .text.libgcc.div
                0x0000a9be       0x28 c:/programfiles/arduino-1.8.19/hardware/tools/avr/bin/../lib/gcc/avr/7.3.0/avr6\libgcc.a(_divmodsi4.o)
                0x0000a9be                __divmodsi4
 .text.libgcc.div
                0x0000a9e6       0x10 c:/programfiles/arduino-1.8.19/hardware/tools/avr/bin/../lib/gcc/avr/7.3.0/avr6\libgcc.a(_negsi2.o)
                0x0000a9e6                __negsi2
 .text.libgcc   0x0000a9f6       0x10 c:/programfiles/arduino-1.8.19/hardware/tools/avr/bin/../lib/gcc/avr/7.3.0/avr6\libgcc.a(_tablejump2.o)
                0x0000a9f6                __tablejump2__
 .text.libgcc.mul
                0x0000aa06       0x14 c:/programfiles/arduino-1.8.19/hardware/tools/avr/bin/../lib/gcc/avr/7.3.0/avr6\libgcc.a(_muluhisi3.o)
                0x0000aa06                __muluhisi3
 .text.libgcc.mul
                0x0000aa1a       0x1e c:/programfiles/arduino-1.8.19/hardware/tools/avr/bin/../lib/gcc/avr/7.3.0/avr6\libgcc.a(_umulhisi3.o)
                0x0000aa1a                __umulhisi3
 .text.avr-libc
                0x0000aa38       0xaa c:/programfiles/arduino-1.8.19/hardware/tools/avr/bin/../lib/gcc/avr/7.3.0/../../../../avr/lib/avr6\libc.a(rand.o)
                0x0000aac4                rand_r
                0x0000aac6                rand
                0x0000aacc                srand
 .text.avr-libc
                0x0000aae2      0x1b0 c:/programfiles/arduino-1.8.19/hardware/tools/avr/bin/../lib/gcc/avr/7.3.0/../../../../avr/lib/avr6\libc.a(ftoa_engine.o)
                0x0000aae2                __ftoa_engine
 .text.avr-libc
                0x0000ac92       0x16 c:/programfiles/arduino-1.8.19/hardware/tools/avr/bin/../lib/gcc/avr/7.3.0/../../../../avr/lib/avr6\libc.a(strnlen_P.o)
                0x0000ac92                strnlen_P
 .text.avr-libc
                0x0000aca8       0x1a c:/programfiles/arduino-1.8.19/hardware/tools/avr/bin/../lib/gcc/avr/7.3.0/../../../../avr/lib/avr6\libc.a(memcmp.o)
                0x0000aca8                memcmp
 .text.avr-libc
                0x0000acc2       0x12 c:/programfiles/arduino-1.8.19/hardware/tools/avr/bin/../lib/gcc/avr/7.3.0/../../../../avr/lib/avr6\libc.a(memcpy.o)
                0x0000acc2                memcpy
 .text.avr-libc
                0x0000acd4        0xe c:/programfiles/arduino-1.8.19/hardware/tools/avr/bin/../lib/gcc/avr/7.3.0/../../../../avr/lib/avr6\libc.a(memset.o)
                0x0000acd4                memset
 .text.avr-libc
                0x0000ace2       0x16 c:/programfiles/arduino-1.8.19/hardware/tools/avr/bin/../lib/gcc/avr/7.3.0/../../../../avr/lib/avr6\libc.a(strnlen.o)
                0x0000ace2                strnlen
 .text.avr-libc
                0x0000acf8       0x60 c:/programfiles/arduino-1.8.19/hardware/tools/avr/bin/../lib/gcc/avr/7.3.0/../../../../avr/lib/avr6\libc.a(fputc.o)
                0x0000acf8                fputc
 .text.avr-libc
                0x0000ad58       0x28 c:/programfiles/arduino-1.8.19/hardware/tools/avr/bin/../lib/gcc/avr/7.3.0/../../../../avr/lib/avr6\libc.a(printf.o)
                0x0000ad58                printf
 .text.avr-libc
                0x0000ad80       0x56 c:/programfiles/arduino-1.8.19/hardware/tools/avr/bin/../lib/gcc/avr/7.3.0/../../../../avr/lib/avr6\libc.a(puts.o)
                0x0000ad80                puts
 .text.avr-libc
                0x0000add6       0x60 c:/programfiles/arduino-1.8.19/hardware/tools/avr/bin/../lib/gcc/avr/7.3.0/../../../../avr/lib/avr6\libc.a(sprintf.o)
                0x0000add6                sprintf
 .text.avr-libc
                0x0000ae36       0xbc c:/programfiles/arduino-1.8.19/hardware/tools/avr/bin/../lib/gcc/avr/7.3.0/../../../../avr/lib/avr6\libc.a(ultoa_invert.o)
                0x0000ae36                __ultoa_invert
 .text.libgcc.mul
                0x0000aef2        0xc c:/programfiles/arduino-1.8.19/hardware/tools/avr/bin/../lib/gcc/avr/7.3.0/avr6\libgcc.a(_mulshisi3.o)
                0x0000aef2                __mulshisi3
                0x0000aef6                __mulohisi3
                0x0000aefe                . = ALIGN (0x2)
 *(.fini9)
 .fini9         0x0000aefe        0x0 c:/programfiles/arduino-1.8.19/hardware/tools/avr/bin/../lib/gcc/avr/7.3.0/avr6\libgcc.a(_exit.o)
                0x0000aefe                _exit
                0x0000aefe                exit
 *(.fini9)
 *(.fini8)
 *(.fini8)
 *(.fini7)
 *(.fini7)
 *(.fini6)
 *(.fini6)
 *(.fini5)
 *(.fini5)
 *(.fini4)
 *(.fini4)
 *(.fini3)
 *(.fini3)
 *(.fini2)
 *(.fini2)
 *(.fini1)
 *(.fini1)
 *(.fini0)
 .fini0         0x0000aefe        0x4 c:/programfiles/arduino-1.8.19/hardware/tools/avr/bin/../lib/gcc/avr/7.3.0/avr6\libgcc.a(_exit.o)
 *(.fini0)
                0x0000af02                _etext = .

.data           0x00800200      0x718 load address 0x0000af02
                0x00800200                PROVIDE (__data_start, .)
 *(.data)
 .data          0x00800200        0x4 c:/programfiles/arduino-1.8.19/hardware/tools/avr/bin/../lib/gcc/avr/7.3.0/../../../../avr/lib/avr6\libc.a(rand.o)
 *(.data*)
 .data._pActiveTask
                0x00800204        0x2 bin/atmega2560/DEBUG/obj/rtos.o
 .data._time    0x00800206        0x1 bin/atmega2560/DEBUG/obj/rtos.o
 .data.pck_API_PT_LimitsPowerDisplay_1538
                0x00800207        0x6 bin/atmega2560/DEBUG/obj/pck_packCanFrame.o
                0x00800207                pck_API_PT_LimitsPowerDisplay_1538
 .data.pck_API_PT_StatusPowerDisplay_1537
                0x0080020d        0x9 bin/atmega2560/DEBUG/obj/pck_packCanFrame.o
                0x0080020d                pck_API_PT_StatusPowerDisplay_1537
 .data.pck_API_PT_InfoPowerDisplay_1536
                0x00800216        0x6 bin/atmega2560/DEBUG/obj/pck_packCanFrame.o
                0x00800216                pck_API_PT_InfoPowerDisplay_1536
 .data.pck_API_PT_UserLimits_2032
                0x0080021c        0xb bin/atmega2560/DEBUG/obj/pck_packCanFrame.o
                0x0080021c                pck_API_PT_UserLimits_2032
 .data.pck_API_PT_StateEcu02_1040
                0x00800227        0x5 bin/atmega2560/DEBUG/obj/pck_packCanFrame.o
                0x00800227                pck_API_PT_StateEcu02_1040
 .data.pck_API_PT_StateEcu01_1024
                0x0080022c        0x5 bin/atmega2560/DEBUG/obj/pck_packCanFrame.o
                0x0080022c                pck_API_PT_StateEcu01_1024
 .data._lastSentFrContents_PT_LimitsPowerDisplay_1538
                0x00800231        0x5 bin/atmega2560/DEBUG/obj/cbk_callbacks.o
 .data._lastSentFrContents_PT_StatusPowerDisplay_1537
                0x00800236        0x8 bin/atmega2560/DEBUG/obj/cbk_callbacks.o
 .data.cntDispPwrNum_.2621
                0x0080023e        0x1 bin/atmega2560/DEBUG/obj/pwr_computeEnginePower.o
 .data.cntHoldStsCan_.2616
                0x0080023f        0x1 bin/atmega2560/DEBUG/obj/pwr_computeEnginePower.o
 .data._PT_InfoPowerDisplay_1536
                0x00800240        0x5 bin/atmega2560/DEBUG/obj/pwr_computeEnginePower.o
 .data.SQC_.2424
                0x00800245        0x2 bin/atmega2560/DEBUG/obj/sim_simulateCanReception.o
 .data.maxPower.2428
                0x00800247        0x2 bin/atmega2560/DEBUG/obj/sim_simulateCanReception.o
 .data.deltaPwr.2430
                0x00800249        0x2 bin/atmega2560/DEBUG/obj/sim_simulateCanReception.o
 .data.minPower.2427
                0x0080024b        0x2 bin/atmega2560/DEBUG/obj/sim_simulateCanReception.o
 .data.maxSpeedOfRotation.2426
                0x0080024d        0x2 bin/atmega2560/DEBUG/obj/sim_simulateCanReception.o
 .data.deltaSOR.2429
                0x0080024f        0x2 bin/atmega2560/DEBUG/obj/sim_simulateCanReception.o
 .data.minSpeedOfRotation.2425
                0x00800251        0x2 bin/atmega2560/DEBUG/obj/sim_simulateCanReception.o
 .data.tiReceive_.2422
                0x00800253        0x4 bin/atmega2560/DEBUG/obj/sim_simulateCanReception.o
 .data.SQC_.2414
                0x00800257        0x2 bin/atmega2560/DEBUG/obj/sim_simulateCanReception.o
 .data.torque_.2413
                0x00800259        0x4 bin/atmega2560/DEBUG/obj/sim_simulateCanReception.o
 .data.torqueSlope_.2412
                0x0080025d        0x4 bin/atmega2560/DEBUG/obj/sim_simulateCanReception.o
 .data.tiReceive_.2410
                0x00800261        0x4 bin/atmega2560/DEBUG/obj/sim_simulateCanReception.o
 .data.speedOfRotation_.2398
                0x00800265        0x4 bin/atmega2560/DEBUG/obj/sim_simulateCanReception.o
 .data.speedOfRotationSlope_.2397
                0x00800269        0x4 bin/atmega2560/DEBUG/obj/sim_simulateCanReception.o
 .data.tiReceive_.2395
                0x0080026d        0x4 bin/atmega2560/DEBUG/obj/sim_simulateCanReception.o
 .data._stateCanBus
                0x00800271        0x2 bin/atmega2560/DEBUG/obj/csh_canShield.o
                0x00800271                _stateCanBus
 *(.gnu.linkonce.d*)
 *(.rodata)
 *(.rodata*)
 .rodata.gsl_getSystemLoad.str1.1
                0x00800273       0x3e bin/atmega2560/DEBUG/obj/gsl_systemLoad.o
 .rodata.onTimerTic.str1.1
                0x008002b1       0x34 bin/atmega2560/DEBUG/obj/rtos.o
 .rodata.invokeCallback.str1.1
                0x008002e5       0x5a bin/atmega2560/DEBUG/obj/ede_eventDispatcherEngine.o
 .rodata.ede_createSender.str1.1
                0x0080033f       0x50 bin/atmega2560/DEBUG/obj/ede_eventSender.o
 .rodata.vsq_getSizeOfQueueTail.str1.1
                0x0080038f       0x5b bin/atmega2560/DEBUG/obj/vsq_threadSafeQueueVariableSize.o
 .rodata.edePortDisp_readBuffer.str1.1
                0x008003ea       0x57 bin/atmega2560/DEBUG/obj/vsq_dispatcherPortInterface.o
 .rodata.getValue.str1.1
                0x00800441       0x4d bin/atmega2560/DEBUG/obj/mpo_mapOffsetOnly.o
 .rodata.task100ms.str1.1
                0x0080048e       0x57 bin/atmega2560/DEBUG/obj/asi_arduinoSampleIntegration.o
 .rodata.loop.str1.1
                0x008004e5      0x16b bin/atmega2560/DEBUG/obj/asi_arduinoSampleIntegration.o
 .rodata.cde_getCanId.str1.1
                0x00800650       0x3c bin/atmega2560/DEBUG/obj/cde_stubs.o
 .rodata.onTimeoutFrame_PT_1040.str1.1
                0x0080068c       0x40 bin/atmega2560/DEBUG/obj/cbk_callbacks.o
 .rodata.chk_validateChecksum.str1.1
                0x008006cc       0x43 bin/atmega2560/DEBUG/obj/chk_checksum.o
 .rodata.onInitEvRecovBusOff.str1.1
                0x0080070f       0x4a bin/atmega2560/DEBUG/obj/apt_applicationTask.o
 .rodata.apt_taskInit.str1.1
                0x00800759       0x49 bin/atmega2560/DEBUG/obj/apt_applicationTask.o
 .rodata.pwr_updateDisplay.str1.1
                0x008007a2       0x46 bin/atmega2560/DEBUG/obj/pwr_computeEnginePower.o
                                 0x51 (size before relaxing)
 .rodata._ZN13dpy_display_t13printGreetingEv.str1.1
                0x008007e8       0x13 bin/atmega2560/DEBUG/obj/dpy_display.o
 .rodata._ZN13dpy_display_t15printBackgroundEv.str1.1
                0x008007fb       0x23 bin/atmega2560/DEBUG/obj/dpy_display.o
 .rodata._ZN13dpy_display_t13printTqAndPwrEii.str1.1
                0x0080081e       0x41 bin/atmega2560/DEBUG/obj/dpy_display.o
 .rodata._ZTV13dpy_display_t
                0x0080085f        0xc bin/atmega2560/DEBUG/obj/dpy_display.o
                0x0080085f                vtable for dpy_display_t
 .rodata.sim_simulateCanReception.str1.1
                0x0080086b       0x4d bin/atmega2560/DEBUG/obj/sim_simulateCanReception.o
 .rodata.registerCanFrame.str1.1
                0x008008b8       0x42 bin/atmega2560/DEBUG/obj/csh_canShield.o
 .rodata._ZTV14HardwareSerial
                0x008008fa       0x12 bin/atmega2560/core/core.a(HardwareSerial.o)
                0x008008fa                vtable for HardwareSerial
 .rodata._ZTV13LiquidCrystal
                0x0080090c        0xc bin/atmega2560/core/core.a(LiquidCrystal.o)
                0x0080090c                vtable for LiquidCrystal
 *(.gnu.linkonce.r*)
                0x00800918                . = ALIGN (0x2)
                0x00800918                _edata = .
                0x00800918                PROVIDE (__data_end, .)

.bss            0x00800918      0xb15
                0x00800918                PROVIDE (__bss_start, .)
 *(.bss)
 *(.bss*)
 .bss._noSuspendedTasks
                0x00800918        0x1 bin/atmega2560/DEBUG/obj/rtos.o
 .bss._pSuspendedTaskAry
                0x00800919        0x6 bin/atmega2560/DEBUG/obj/rtos.o
 .bss._noDueTasksAry
                0x0080091f        0x3 bin/atmega2560/DEBUG/obj/rtos.o
 .bss._pDueTaskAryAry
                0x00800922        0x6 bin/atmega2560/DEBUG/obj/rtos.o
 .bss._pSuspendedTask
                0x00800928        0x2 bin/atmega2560/DEBUG/obj/rtos.o
 .bss._taskAry  0x0080092a       0x44 bin/atmega2560/DEBUG/obj/rtos.o
 .bss._ZZ11init_stdoutE8myStdout
                0x0080096e        0xe bin/atmega2560/DEBUG/obj/stdout.o
 .bss.stackTask100ms_.2738
                0x0080097c      0x100 bin/atmega2560/DEBUG/obj/asi_arduinoSampleIntegration.o
 .bss.stackTask10ms_.2733
                0x00800a7c      0x100 bin/atmega2560/DEBUG/obj/asi_arduinoSampleIntegration.o
 .bss.stackTaskOnCanReceive_.2728
                0x00800b7c      0x100 bin/atmega2560/DEBUG/obj/asi_arduinoSampleIntegration.o
 .bss._cnt100ms
                0x00800c7c        0x4 bin/atmega2560/DEBUG/obj/asi_arduinoSampleIntegration.o
                0x00800c7c                _cnt100ms
 .bss._cnt10ms  0x00800c80        0x4 bin/atmega2560/DEBUG/obj/asi_arduinoSampleIntegration.o
                0x00800c80                _cnt10ms
 .bss._cntOnCanReceive
                0x00800c84        0x4 bin/atmega2560/DEBUG/obj/asi_arduinoSampleIntegration.o
                0x00800c84                _cntOnCanReceive
 .bss.lastSqc_.2662
                0x00800c88        0x1 bin/atmega2560/DEBUG/obj/cbk_callbacks.o
 .bss.lastSqc_.2673
                0x00800c89        0x1 bin/atmega2560/DEBUG/obj/cbk_callbacks.o
 .bss.lastSqc_.2684
                0x00800c8a        0x1 bin/atmega2560/DEBUG/obj/cbk_callbacks.o
 .bss._hTimerDueCheck_PT_1538
                0x00800c8b        0x2 bin/atmega2560/DEBUG/obj/cbk_callbacks.o
 .bss._hTimerDueCheck_PT_1537
                0x00800c8d        0x2 bin/atmega2560/DEBUG/obj/cbk_callbacks.o
 .bss._hTimerTimeout_PT_1537
                0x00800c8f        0x2 bin/atmega2560/DEBUG/obj/cbk_callbacks.o
 .bss._hTimerTimeout_PT_1040
                0x00800c91        0x2 bin/atmega2560/DEBUG/obj/cbk_callbacks.o
 .bss._hTimerTimeout_PT_1024
                0x00800c93        0x2 bin/atmega2560/DEBUG/obj/cbk_callbacks.o
 .bss.heapMemoryForCanInterface.2673
                0x00800c95      0x3e8 bin/atmega2560/DEBUG/obj/apt_applicationTask.o
 .bss._hTimerBusRecovery
                0x0080107d        0x2 bin/atmega2560/DEBUG/obj/apt_applicationTask.o
 .bss.apt_noLostFrameEvents
                0x0080107f        0x2 bin/atmega2560/DEBUG/obj/apt_applicationTask.o
                0x0080107f                apt_noLostFrameEvents
 .bss.apt_noLostBusStateEvents
                0x00801081        0x2 bin/atmega2560/DEBUG/obj/apt_applicationTask.o
                0x00801081                apt_noLostBusStateEvents
 .bss.apt_hDispatcherSystem
                0x00801083        0x2 bin/atmega2560/DEBUG/obj/apt_applicationTask.o
                0x00801083                apt_hDispatcherSystem
 .bss._hOsEventSender
                0x00801085        0x2 bin/atmega2560/DEBUG/obj/apt_applicationTask.o
 .bss.apt_memoryPool
                0x00801087        0x8 bin/atmega2560/DEBUG/obj/apt_applicationTask.o
 .bss.apt_canBusOff
                0x0080108f        0x1 bin/atmega2560/DEBUG/obj/apt_applicationTask.o
                0x0080108f                apt_canBusOff
 .bss.lastStsCan_.2617
                0x00801090        0x1 bin/atmega2560/DEBUG/obj/pwr_computeEnginePower.o
 .bss.stsTransmission_last_.2594
                0x00801091        0x1 bin/atmega2560/DEBUG/obj/pwr_computeEnginePower.o
 .bss.stsTransmission_last_.2590
                0x00801092        0x1 bin/atmega2560/DEBUG/obj/pwr_computeEnginePower.o
 .bss._stsCan   0x00801093        0x1 bin/atmega2560/DEBUG/obj/pwr_computeEnginePower.o
 .bss._ZZN13dpy_display_t15printValueAsBarEhhE10peakValue_
                0x00801094        0x1 bin/atmega2560/DEBUG/obj/dpy_display.o
 .bss._ZZN13dpy_display_t15printValueAsBarEhhE12cntPeakHold_
                0x00801095        0x1 bin/atmega2560/DEBUG/obj/dpy_display.o
 .bss.dpy_display
                0x00801096       0x18 bin/atmega2560/DEBUG/obj/dpy_display.o
                0x00801096                dpy_display
 .bss.tiLastReceive_.2411
                0x008010ae        0x4 bin/atmega2560/DEBUG/obj/sim_simulateCanReception.o
 .bss.SQC_.2399
                0x008010b2        0x1 bin/atmega2560/DEBUG/obj/sim_simulateCanReception.o
 .bss.tiLastReceive_.2396
                0x008010b3        0x4 bin/atmega2560/DEBUG/obj/sim_simulateCanReception.o
 .bss._isBusOff
                0x008010b7        0x1 bin/atmega2560/DEBUG/obj/sim_simulateCanReception.o
 .bss._tiSim    0x008010b8        0x4 bin/atmega2560/DEBUG/obj/sim_simulateCanReception.o
 .bss._tryToRestartCanBus
                0x008010bc        0x1 bin/atmega2560/DEBUG/obj/csh_canShield.o
                0x008010bc                _tryToRestartCanBus
 .bss._mtoAry   0x008010bd      0x2c0 bin/atmega2560/DEBUG/obj/csh_canShield.o
 .bss._ZL12timer0_fract
                0x0080137d        0x1 bin/atmega2560/core/core.a(wiring.o)
 .bss.timer0_millis
                0x0080137e        0x4 bin/atmega2560/core/core.a(wiring.o)
                0x0080137e                timer0_millis
 .bss.timer0_overflow_count
                0x00801382        0x4 bin/atmega2560/core/core.a(wiring.o)
                0x00801382                timer0_overflow_count
 .bss.Serial    0x00801386       0x9d bin/atmega2560/core/core.a(HardwareSerial0.o)
                0x00801386                Serial
 *(COMMON)
 COMMON         0x00801423        0x4 bin/atmega2560/DEBUG/obj/rtos.o
                0x00801423                _tmpVarAsmToC_u16
                0x00801425                _tmpVarCToAsm_u16
 COMMON         0x00801427        0x6 c:/programfiles/arduino-1.8.19/hardware/tools/avr/bin/../lib/gcc/avr/7.3.0/../../../../avr/lib/avr6\libc.a(iob.o)
                0x00801427                __iob
                0x0080142d                PROVIDE (__bss_end, .)
                0x0000af02                __data_load_start = LOADADDR (.data)
                0x0000b61a                __data_load_end = (__data_load_start + SIZEOF (.data))

.noinit         0x0080142d        0x0
                [!provide]                PROVIDE (__noinit_start, .)
 *(.noinit*)
                [!provide]                PROVIDE (__noinit_end, .)
                0x0080142d                _end = .
                [!provide]                PROVIDE (__heap_start, .)

.eeprom         0x00810000        0x0
 *(.eeprom*)
                0x00810000                __eeprom_end = .

.fuse
 *(.fuse)
 *(.lfuse)
 *(.hfuse)
 *(.efuse)

.lock
 *(.lock*)

.signature
 *(.signature*)

.user_signatures
 *(.user_signatures*)

.stab
 *(.stab)

.stabstr
 *(.stabstr)

.stab.excl
 *(.stab.excl)

.stab.exclstr
 *(.stab.exclstr)

.stab.index
 *(.stab.index)

.stab.indexstr
 *(.stab.indexstr)

.comment        0x00000000       0x11
 *(.comment)
 .comment       0x00000000       0x11 c:/programfiles/arduino-1.8.19/hardware/tools/avr/bin/../lib/gcc/avr/7.3.0/../../../../avr/lib/avr6\libprintf_flt.a(vfprintf_flt.o)
                                 0x12 (size before relaxing)
 .comment       0x00000011       0x12 bin/atmega2560/DEBUG/obj/main.o
 .comment       0x00000011       0x12 bin/atmega2560/DEBUG/obj/gsl_systemLoad.o
 .comment       0x00000011       0x12 bin/atmega2560/DEBUG/obj/rtos.o
 .comment       0x00000011       0x12 bin/atmega2560/DEBUG/obj/stdout.o
 .comment       0x00000011       0x12 bin/atmega2560/DEBUG/obj/ede_eventDispatcherEngine.o
 .comment       0x00000011       0x12 bin/atmega2560/DEBUG/obj/ede_eventSender.o
 .comment       0x00000011       0x12 bin/atmega2560/DEBUG/obj/mem_malloc.o
 .comment       0x00000011       0x12 bin/atmega2560/DEBUG/obj/vsq_threadSafeQueueVariableSize.o
 .comment       0x00000011       0x12 bin/atmega2560/DEBUG/obj/vsq_dispatcherPortInterface.o
 .comment       0x00000011       0x12 bin/atmega2560/DEBUG/obj/mpo_mapOffsetOnly.o
 .comment       0x00000011       0x12 bin/atmega2560/DEBUG/obj/asi_arduinoSampleIntegration.o
 .comment       0x00000011       0x12 bin/atmega2560/DEBUG/obj/cde_stubs.o
 .comment       0x00000011       0x12 bin/atmega2560/DEBUG/obj/pck_packCanFrame.o
 .comment       0x00000011       0x12 bin/atmega2560/DEBUG/obj/cbk_callbacks.o
 .comment       0x00000011       0x12 bin/atmega2560/DEBUG/obj/chk_checksum.o
 .comment       0x00000011       0x12 bin/atmega2560/DEBUG/obj/apt_applicationTask.o
 .comment       0x00000011       0x12 bin/atmega2560/DEBUG/obj/pwr_computeEnginePower.o
 .comment       0x00000011       0x12 bin/atmega2560/DEBUG/obj/dpy_display.o
 .comment       0x00000011       0x12 bin/atmega2560/DEBUG/obj/sim_simulateCanReception.o
 .comment       0x00000011       0x12 bin/atmega2560/DEBUG/obj/csh_canShield.o
 .comment       0x00000011       0x12 bin/atmega2560/core/core.a(Print.o)
 .comment       0x00000011       0x12 bin/atmega2560/core/core.a(wiring.o)
 .comment       0x00000011       0x12 bin/atmega2560/core/core.a(wiring_digital.o)
 .comment       0x00000011       0x12 bin/atmega2560/core/core.a(HardwareSerial.o)
 .comment       0x00000011       0x12 bin/atmega2560/core/core.a(HardwareSerial0.o)
 .comment       0x00000011       0x12 bin/atmega2560/core/core.a(LiquidCrystal.o)
 .comment       0x00000011       0x12 c:/programfiles/arduino-1.8.19/hardware/tools/avr/bin/../lib/gcc/avr/7.3.0/../../../../avr/lib/avr6\libc.a(rand.o)
 .comment       0x00000011       0x12 c:/programfiles/arduino-1.8.19/hardware/tools/avr/bin/../lib/gcc/avr/7.3.0/../../../../avr/lib/avr6\libc.a(fputc.o)
 .comment       0x00000011       0x12 c:/programfiles/arduino-1.8.19/hardware/tools/avr/bin/../lib/gcc/avr/7.3.0/../../../../avr/lib/avr6\libc.a(iob.o)
 .comment       0x00000011       0x12 c:/programfiles/arduino-1.8.19/hardware/tools/avr/bin/../lib/gcc/avr/7.3.0/../../../../avr/lib/avr6\libc.a(printf.o)
 .comment       0x00000011       0x12 c:/programfiles/arduino-1.8.19/hardware/tools/avr/bin/../lib/gcc/avr/7.3.0/../../../../avr/lib/avr6\libc.a(puts.o)
 .comment       0x00000011       0x12 c:/programfiles/arduino-1.8.19/hardware/tools/avr/bin/../lib/gcc/avr/7.3.0/../../../../avr/lib/avr6\libc.a(sprintf.o)

.note.gnu.avr.deviceinfo
                0x00000000       0x40
 .note.gnu.avr.deviceinfo
                0x00000000       0x40 c:/programfiles/arduino-1.8.19/hardware/tools/avr/bin/../lib/gcc/avr/7.3.0/../../../../avr/lib/avr6/crtatmega2560.o

.note.gnu.build-id
 *(.note.gnu.build-id)

.debug
 *(.debug)

.line
 *(.line)

.debug_srcinfo
 *(.debug_srcinfo)

.debug_sfnames
 *(.debug_sfnames)

.debug_aranges  0x00000000      0xb38
 *(.debug_aranges)
 .debug_aranges
                0x00000000       0x28 bin/atmega2560/DEBUG/obj/main.o
 .debug_aranges
                0x00000028       0x20 bin/atmega2560/DEBUG/obj/gsl_systemLoad.o
 .debug_aranges
                0x00000048       0x70 bin/atmega2560/DEBUG/obj/rtos.o
 .debug_aranges
                0x000000b8       0x30 bin/atmega2560/DEBUG/obj/stdout.o
 .debug_aranges
                0x000000e8       0xc0 bin/atmega2560/DEBUG/obj/ede_eventDispatcherEngine.o
 .debug_aranges
                0x000001a8       0x38 bin/atmega2560/DEBUG/obj/ede_eventSender.o
 .debug_aranges
                0x000001e0       0x38 bin/atmega2560/DEBUG/obj/mem_malloc.o
 .debug_aranges
                0x00000218       0x88 bin/atmega2560/DEBUG/obj/vsq_threadSafeQueueVariableSize.o
 .debug_aranges
                0x000002a0       0x60 bin/atmega2560/DEBUG/obj/vsq_dispatcherPortInterface.o
 .debug_aranges
                0x00000300       0x30 bin/atmega2560/DEBUG/obj/mpo_mapOffsetOnly.o
 .debug_aranges
                0x00000330       0x40 bin/atmega2560/DEBUG/obj/asi_arduinoSampleIntegration.o
 .debug_aranges
                0x00000370       0x20 bin/atmega2560/DEBUG/obj/cde_stubs.o
 .debug_aranges
                0x00000390       0x48 bin/atmega2560/DEBUG/obj/pck_packCanFrame.o
 .debug_aranges
                0x000003d8       0x98 bin/atmega2560/DEBUG/obj/cbk_callbacks.o
 .debug_aranges
                0x00000470       0x38 bin/atmega2560/DEBUG/obj/chk_checksum.o
 .debug_aranges
                0x000004a8       0x58 bin/atmega2560/DEBUG/obj/apt_applicationTask.o
 .debug_aranges
                0x00000500       0x38 bin/atmega2560/DEBUG/obj/pwr_computeEnginePower.o
 .debug_aranges
                0x00000538       0x88 bin/atmega2560/DEBUG/obj/dpy_display.o
 .debug_aranges
                0x000005c0       0x20 bin/atmega2560/DEBUG/obj/sim_simulateCanReception.o
 .debug_aranges
                0x000005e0       0x90 bin/atmega2560/DEBUG/obj/csh_canShield.o
 .debug_aranges
                0x00000670      0x100 bin/atmega2560/core/core.a(Print.o)
 .debug_aranges
                0x00000770       0x48 bin/atmega2560/core/core.a(wiring.o)
 .debug_aranges
                0x000007b8       0x30 bin/atmega2560/core/core.a(wiring_digital.o)
 .debug_aranges
                0x000007e8       0x68 bin/atmega2560/core/core.a(HardwareSerial.o)
 .debug_aranges
                0x00000850       0x38 bin/atmega2560/core/core.a(HardwareSerial0.o)
 .debug_aranges
                0x00000888      0x110 bin/atmega2560/core/core.a(LiquidCrystal.o)
 .debug_aranges
                0x00000998       0x20 c:/programfiles/arduino-1.8.19/hardware/tools/avr/bin/../lib/gcc/avr/7.3.0/avr6\libgcc.a(_udivmodhi4.o)
 .debug_aranges
                0x000009b8       0x20 c:/programfiles/arduino-1.8.19/hardware/tools/avr/bin/../lib/gcc/avr/7.3.0/avr6\libgcc.a(_divmodhi4.o)
 .debug_aranges
                0x000009d8       0x20 c:/programfiles/arduino-1.8.19/hardware/tools/avr/bin/../lib/gcc/avr/7.3.0/avr6\libgcc.a(_udivmodsi4.o)
 .debug_aranges
                0x000009f8       0x20 c:/programfiles/arduino-1.8.19/hardware/tools/avr/bin/../lib/gcc/avr/7.3.0/avr6\libgcc.a(_divmodsi4.o)
 .debug_aranges
                0x00000a18       0x20 c:/programfiles/arduino-1.8.19/hardware/tools/avr/bin/../lib/gcc/avr/7.3.0/avr6\libgcc.a(_negsi2.o)
 .debug_aranges
                0x00000a38       0x20 c:/programfiles/arduino-1.8.19/hardware/tools/avr/bin/../lib/gcc/avr/7.3.0/avr6\libgcc.a(_exit.o)
 .debug_aranges
                0x00000a58       0x20 c:/programfiles/arduino-1.8.19/hardware/tools/avr/bin/../lib/gcc/avr/7.3.0/avr6\libgcc.a(_tablejump2.o)
 .debug_aranges
                0x00000a78       0x20 c:/programfiles/arduino-1.8.19/hardware/tools/avr/bin/../lib/gcc/avr/7.3.0/avr6\libgcc.a(_copy_data.o)
 .debug_aranges
                0x00000a98       0x20 c:/programfiles/arduino-1.8.19/hardware/tools/avr/bin/../lib/gcc/avr/7.3.0/avr6\libgcc.a(_clear_bss.o)
 .debug_aranges
                0x00000ab8       0x20 c:/programfiles/arduino-1.8.19/hardware/tools/avr/bin/../lib/gcc/avr/7.3.0/avr6\libgcc.a(_ctors.o)
 .debug_aranges
                0x00000ad8       0x20 c:/programfiles/arduino-1.8.19/hardware/tools/avr/bin/../lib/gcc/avr/7.3.0/avr6\libgcc.a(_muluhisi3.o)
 .debug_aranges
                0x00000af8       0x20 c:/programfiles/arduino-1.8.19/hardware/tools/avr/bin/../lib/gcc/avr/7.3.0/avr6\libgcc.a(_umulhisi3.o)
 .debug_aranges
                0x00000b18       0x20 c:/programfiles/arduino-1.8.19/hardware/tools/avr/bin/../lib/gcc/avr/7.3.0/avr6\libgcc.a(_mulshisi3.o)

.debug_pubnames
 *(.debug_pubnames)

.debug_info     0x00000000    0x1d70d
 *(.debug_info .gnu.linkonce.wi.*)
 .debug_info    0x00000000      0xbbc c:/programfiles/arduino-1.8.19/hardware/tools/avr/bin/../lib/gcc/avr/7.3.0/../../../../avr/lib/avr6/crtatmega2560.o
 .debug_info    0x00000bbc      0x2bf bin/atmega2560/DEBUG/obj/main.o
 .debug_info    0x00000e7b      0x3f0 bin/atmega2560/DEBUG/obj/gsl_systemLoad.o
 .debug_info    0x0000126b      0xda2 bin/atmega2560/DEBUG/obj/rtos.o
 .debug_info    0x0000200d      0x623 bin/atmega2560/DEBUG/obj/stdout.o
 .debug_info    0x00002630     0x1afc bin/atmega2560/DEBUG/obj/ede_eventDispatcherEngine.o
 .debug_info    0x0000412c      0x988 bin/atmega2560/DEBUG/obj/ede_eventSender.o
 .debug_info    0x00004ab4      0x67a bin/atmega2560/DEBUG/obj/mem_malloc.o
 .debug_info    0x0000512e     0x1726 bin/atmega2560/DEBUG/obj/vsq_threadSafeQueueVariableSize.o
 .debug_info    0x00006854      0xba5 bin/atmega2560/DEBUG/obj/vsq_dispatcherPortInterface.o
 .debug_info    0x000073f9      0x8c8 bin/atmega2560/DEBUG/obj/mpo_mapOffsetOnly.o
 .debug_info    0x00007cc1      0xdc1 bin/atmega2560/DEBUG/obj/asi_arduinoSampleIntegration.o
 .debug_info    0x00008a82      0x43e bin/atmega2560/DEBUG/obj/cde_stubs.o
 .debug_info    0x00008ec0      0xa01 bin/atmega2560/DEBUG/obj/pck_packCanFrame.o
 .debug_info    0x000098c1     0x1ba3 bin/atmega2560/DEBUG/obj/cbk_callbacks.o
 .debug_info    0x0000b464      0x5b4 bin/atmega2560/DEBUG/obj/chk_checksum.o
 .debug_info    0x0000ba18     0x117c bin/atmega2560/DEBUG/obj/apt_applicationTask.o
 .debug_info    0x0000cb94      0xb14 bin/atmega2560/DEBUG/obj/pwr_computeEnginePower.o
 .debug_info    0x0000d6a8     0x103b bin/atmega2560/DEBUG/obj/dpy_display.o
 .debug_info    0x0000e6e3      0x8da bin/atmega2560/DEBUG/obj/sim_simulateCanReception.o
 .debug_info    0x0000efbd      0xb7f bin/atmega2560/DEBUG/obj/csh_canShield.o
 .debug_info    0x0000fb3c     0x5500 bin/atmega2560/core/core.a(Print.o)
 .debug_info    0x0001503c      0x5c8 bin/atmega2560/core/core.a(wiring.o)
 .debug_info    0x00015604      0x80d bin/atmega2560/core/core.a(wiring_digital.o)
 .debug_info    0x00015e11     0x22a5 bin/atmega2560/core/core.a(HardwareSerial.o)
 .debug_info    0x000180b6     0x1d30 bin/atmega2560/core/core.a(HardwareSerial0.o)
 .debug_info    0x00019de6     0x2fa8 bin/atmega2560/core/core.a(LiquidCrystal.o)
 .debug_info    0x0001cd8e       0xbb c:/programfiles/arduino-1.8.19/hardware/tools/avr/bin/../lib/gcc/avr/7.3.0/avr6\libgcc.a(_udivmodhi4.o)
 .debug_info    0x0001ce49       0xbb c:/programfiles/arduino-1.8.19/hardware/tools/avr/bin/../lib/gcc/avr/7.3.0/avr6\libgcc.a(_divmodhi4.o)
 .debug_info    0x0001cf04       0xbb c:/programfiles/arduino-1.8.19/hardware/tools/avr/bin/../lib/gcc/avr/7.3.0/avr6\libgcc.a(_udivmodsi4.o)
 .debug_info    0x0001cfbf       0xbb c:/programfiles/arduino-1.8.19/hardware/tools/avr/bin/../lib/gcc/avr/7.3.0/avr6\libgcc.a(_divmodsi4.o)
 .debug_info    0x0001d07a       0xbb c:/programfiles/arduino-1.8.19/hardware/tools/avr/bin/../lib/gcc/avr/7.3.0/avr6\libgcc.a(_negsi2.o)
 .debug_info    0x0001d135       0xbb c:/programfiles/arduino-1.8.19/hardware/tools/avr/bin/../lib/gcc/avr/7.3.0/avr6\libgcc.a(_exit.o)
 .debug_info    0x0001d1f0       0xbb c:/programfiles/arduino-1.8.19/hardware/tools/avr/bin/../lib/gcc/avr/7.3.0/avr6\libgcc.a(_tablejump2.o)
 .debug_info    0x0001d2ab       0xbb c:/programfiles/arduino-1.8.19/hardware/tools/avr/bin/../lib/gcc/avr/7.3.0/avr6\libgcc.a(_copy_data.o)
 .debug_info    0x0001d366       0xbb c:/programfiles/arduino-1.8.19/hardware/tools/avr/bin/../lib/gcc/avr/7.3.0/avr6\libgcc.a(_clear_bss.o)
 .debug_info    0x0001d421       0xbb c:/programfiles/arduino-1.8.19/hardware/tools/avr/bin/../lib/gcc/avr/7.3.0/avr6\libgcc.a(_ctors.o)
 .debug_info    0x0001d4dc       0xbb c:/programfiles/arduino-1.8.19/hardware/tools/avr/bin/../lib/gcc/avr/7.3.0/avr6\libgcc.a(_muluhisi3.o)
 .debug_info    0x0001d597       0xbb c:/programfiles/arduino-1.8.19/hardware/tools/avr/bin/../lib/gcc/avr/7.3.0/avr6\libgcc.a(_umulhisi3.o)
 .debug_info    0x0001d652       0xbb c:/programfiles/arduino-1.8.19/hardware/tools/avr/bin/../lib/gcc/avr/7.3.0/avr6\libgcc.a(_mulshisi3.o)

.debug_abbrev   0x00000000     0x5a8d
 *(.debug_abbrev)
 .debug_abbrev  0x00000000      0xb1a c:/programfiles/arduino-1.8.19/hardware/tools/avr/bin/../lib/gcc/avr/7.3.0/../../../../avr/lib/avr6/crtatmega2560.o
 .debug_abbrev  0x00000b1a       0xfd bin/atmega2560/DEBUG/obj/main.o
 .debug_abbrev  0x00000c17      0x192 bin/atmega2560/DEBUG/obj/gsl_systemLoad.o
 .debug_abbrev  0x00000da9      0x386 bin/atmega2560/DEBUG/obj/rtos.o
 .debug_abbrev  0x0000112f      0x2df bin/atmega2560/DEBUG/obj/stdout.o
 .debug_abbrev  0x0000140e      0x3a7 bin/atmega2560/DEBUG/obj/ede_eventDispatcherEngine.o
 .debug_abbrev  0x000017b5      0x2ae bin/atmega2560/DEBUG/obj/ede_eventSender.o
 .debug_abbrev  0x00001a63      0x1ea bin/atmega2560/DEBUG/obj/mem_malloc.o
 .debug_abbrev  0x00001c4d      0x394 bin/atmega2560/DEBUG/obj/vsq_threadSafeQueueVariableSize.o
 .debug_abbrev  0x00001fe1      0x334 bin/atmega2560/DEBUG/obj/vsq_dispatcherPortInterface.o
 .debug_abbrev  0x00002315      0x212 bin/atmega2560/DEBUG/obj/mpo_mapOffsetOnly.o
 .debug_abbrev  0x00002527      0x2a8 bin/atmega2560/DEBUG/obj/asi_arduinoSampleIntegration.o
 .debug_abbrev  0x000027cf      0x208 bin/atmega2560/DEBUG/obj/cde_stubs.o
 .debug_abbrev  0x000029d7      0x1ec bin/atmega2560/DEBUG/obj/pck_packCanFrame.o
 .debug_abbrev  0x00002bc3      0x2a7 bin/atmega2560/DEBUG/obj/cbk_callbacks.o
 .debug_abbrev  0x00002e6a      0x20b bin/atmega2560/DEBUG/obj/chk_checksum.o
 .debug_abbrev  0x00003075      0x327 bin/atmega2560/DEBUG/obj/apt_applicationTask.o
 .debug_abbrev  0x0000339c      0x29c bin/atmega2560/DEBUG/obj/pwr_computeEnginePower.o
 .debug_abbrev  0x00003638      0x46c bin/atmega2560/DEBUG/obj/dpy_display.o
 .debug_abbrev  0x00003aa4      0x2a7 bin/atmega2560/DEBUG/obj/sim_simulateCanReception.o
 .debug_abbrev  0x00003d4b      0x33b bin/atmega2560/DEBUG/obj/csh_canShield.o
 .debug_abbrev  0x00004086      0x55e bin/atmega2560/core/core.a(Print.o)
 .debug_abbrev  0x000045e4      0x2a3 bin/atmega2560/core/core.a(wiring.o)
 .debug_abbrev  0x00004887      0x26b bin/atmega2560/core/core.a(wiring_digital.o)
 .debug_abbrev  0x00004af2      0x537 bin/atmega2560/core/core.a(HardwareSerial.o)
 .debug_abbrev  0x00005029      0x44e bin/atmega2560/core/core.a(HardwareSerial0.o)
 .debug_abbrev  0x00005477      0x512 bin/atmega2560/core/core.a(LiquidCrystal.o)
 .debug_abbrev  0x00005989       0x14 c:/programfiles/arduino-1.8.19/hardware/tools/avr/bin/../lib/gcc/avr/7.3.0/avr6\libgcc.a(_udivmodhi4.o)
 .debug_abbrev  0x0000599d       0x14 c:/programfiles/arduino-1.8.19/hardware/tools/avr/bin/../lib/gcc/avr/7.3.0/avr6\libgcc.a(_divmodhi4.o)
 .debug_abbrev  0x000059b1       0x14 c:/programfiles/arduino-1.8.19/hardware/tools/avr/bin/../lib/gcc/avr/7.3.0/avr6\libgcc.a(_udivmodsi4.o)
 .debug_abbrev  0x000059c5       0x14 c:/programfiles/arduino-1.8.19/hardware/tools/avr/bin/../lib/gcc/avr/7.3.0/avr6\libgcc.a(_divmodsi4.o)
 .debug_abbrev  0x000059d9       0x14 c:/programfiles/arduino-1.8.19/hardware/tools/avr/bin/../lib/gcc/avr/7.3.0/avr6\libgcc.a(_negsi2.o)
 .debug_abbrev  0x000059ed       0x14 c:/programfiles/arduino-1.8.19/hardware/tools/avr/bin/../lib/gcc/avr/7.3.0/avr6\libgcc.a(_exit.o)
 .debug_abbrev  0x00005a01       0x14 c:/programfiles/arduino-1.8.19/hardware/tools/avr/bin/../lib/gcc/avr/7.3.0/avr6\libgcc.a(_tablejump2.o)
 .debug_abbrev  0x00005a15       0x14 c:/programfiles/arduino-1.8.19/hardware/tools/avr/bin/../lib/gcc/avr/7.3.0/avr6\libgcc.a(_copy_data.o)
 .debug_abbrev  0x00005a29       0x14 c:/programfiles/arduino-1.8.19/hardware/tools/avr/bin/../lib/gcc/avr/7.3.0/avr6\libgcc.a(_clear_bss.o)
 .debug_abbrev  0x00005a3d       0x14 c:/programfiles/arduino-1.8.19/hardware/tools/avr/bin/../lib/gcc/avr/7.3.0/avr6\libgcc.a(_ctors.o)
 .debug_abbrev  0x00005a51       0x14 c:/programfiles/arduino-1.8.19/hardware/tools/avr/bin/../lib/gcc/avr/7.3.0/avr6\libgcc.a(_muluhisi3.o)
 .debug_abbrev  0x00005a65       0x14 c:/programfiles/arduino-1.8.19/hardware/tools/avr/bin/../lib/gcc/avr/7.3.0/avr6\libgcc.a(_umulhisi3.o)
 .debug_abbrev  0x00005a79       0x14 c:/programfiles/arduino-1.8.19/hardware/tools/avr/bin/../lib/gcc/avr/7.3.0/avr6\libgcc.a(_mulshisi3.o)

.debug_line     0x00000000     0xcadb
 *(.debug_line .debug_line.* .debug_line_end)
 .debug_line    0x00000000       0x1a c:/programfiles/arduino-1.8.19/hardware/tools/avr/bin/../lib/gcc/avr/7.3.0/../../../../avr/lib/avr6/crtatmega2560.o
 .debug_line    0x0000001a      0x2fb bin/atmega2560/DEBUG/obj/main.o
 .debug_line    0x00000315      0x37a bin/atmega2560/DEBUG/obj/gsl_systemLoad.o
 .debug_line    0x0000068f      0x960 bin/atmega2560/DEBUG/obj/rtos.o
 .debug_line    0x00000fef      0x43e bin/atmega2560/DEBUG/obj/stdout.o
 .debug_line    0x0000142d      0xfef bin/atmega2560/DEBUG/obj/ede_eventDispatcherEngine.o
 .debug_line    0x0000241c      0x5ea bin/atmega2560/DEBUG/obj/ede_eventSender.o
 .debug_line    0x00002a06      0x4d0 bin/atmega2560/DEBUG/obj/mem_malloc.o
 .debug_line    0x00002ed6      0xc00 bin/atmega2560/DEBUG/obj/vsq_threadSafeQueueVariableSize.o
 .debug_line    0x00003ad6      0x59a bin/atmega2560/DEBUG/obj/vsq_dispatcherPortInterface.o
 .debug_line    0x00004070      0x72b bin/atmega2560/DEBUG/obj/mpo_mapOffsetOnly.o
 .debug_line    0x0000479b      0x7d3 bin/atmega2560/DEBUG/obj/asi_arduinoSampleIntegration.o
 .debug_line    0x00004f6e      0x440 bin/atmega2560/DEBUG/obj/cde_stubs.o
 .debug_line    0x000053ae      0x5c9 bin/atmega2560/DEBUG/obj/pck_packCanFrame.o
 .debug_line    0x00005977      0xc92 bin/atmega2560/DEBUG/obj/cbk_callbacks.o
 .debug_line    0x00006609      0x4bf bin/atmega2560/DEBUG/obj/chk_checksum.o
 .debug_line    0x00006ac8      0x9c0 bin/atmega2560/DEBUG/obj/apt_applicationTask.o
 .debug_line    0x00007488      0x7b9 bin/atmega2560/DEBUG/obj/pwr_computeEnginePower.o
 .debug_line    0x00007c41      0x7bb bin/atmega2560/DEBUG/obj/dpy_display.o
 .debug_line    0x000083fc      0x613 bin/atmega2560/DEBUG/obj/sim_simulateCanReception.o
 .debug_line    0x00008a0f      0x83e bin/atmega2560/DEBUG/obj/csh_canShield.o
 .debug_line    0x0000924d     0x12c1 bin/atmega2560/core/core.a(Print.o)
 .debug_line    0x0000a50e      0x3fe bin/atmega2560/core/core.a(wiring.o)
 .debug_line    0x0000a90c      0x3cf bin/atmega2560/core/core.a(wiring_digital.o)
 .debug_line    0x0000acdb      0x5e0 bin/atmega2560/core/core.a(HardwareSerial.o)
 .debug_line    0x0000b2bb      0x292 bin/atmega2560/core/core.a(HardwareSerial0.o)
 .debug_line    0x0000b54d      0xd28 bin/atmega2560/core/core.a(LiquidCrystal.o)
 .debug_line    0x0000c275       0xce c:/programfiles/arduino-1.8.19/hardware/tools/avr/bin/../lib/gcc/avr/7.3.0/avr6\libgcc.a(_udivmodhi4.o)
 .debug_line    0x0000c343       0xc8 c:/programfiles/arduino-1.8.19/hardware/tools/avr/bin/../lib/gcc/avr/7.3.0/avr6\libgcc.a(_divmodhi4.o)
 .debug_line    0x0000c40b      0x122 c:/programfiles/arduino-1.8.19/hardware/tools/avr/bin/../lib/gcc/avr/7.3.0/avr6\libgcc.a(_udivmodsi4.o)
 .debug_line    0x0000c52d       0xce c:/programfiles/arduino-1.8.19/hardware/tools/avr/bin/../lib/gcc/avr/7.3.0/avr6\libgcc.a(_divmodsi4.o)
 .debug_line    0x0000c5fb       0x62 c:/programfiles/arduino-1.8.19/hardware/tools/avr/bin/../lib/gcc/avr/7.3.0/avr6\libgcc.a(_negsi2.o)
 .debug_line    0x0000c65d       0x62 c:/programfiles/arduino-1.8.19/hardware/tools/avr/bin/../lib/gcc/avr/7.3.0/avr6\libgcc.a(_exit.o)
 .debug_line    0x0000c6bf       0x86 c:/programfiles/arduino-1.8.19/hardware/tools/avr/bin/../lib/gcc/avr/7.3.0/avr6\libgcc.a(_tablejump2.o)
 .debug_line    0x0000c745       0xa4 c:/programfiles/arduino-1.8.19/hardware/tools/avr/bin/../lib/gcc/avr/7.3.0/avr6\libgcc.a(_copy_data.o)
 .debug_line    0x0000c7e9       0x86 c:/programfiles/arduino-1.8.19/hardware/tools/avr/bin/../lib/gcc/avr/7.3.0/avr6\libgcc.a(_clear_bss.o)
 .debug_line    0x0000c86f       0xb0 c:/programfiles/arduino-1.8.19/hardware/tools/avr/bin/../lib/gcc/avr/7.3.0/avr6\libgcc.a(_ctors.o)
 .debug_line    0x0000c91f       0x92 c:/programfiles/arduino-1.8.19/hardware/tools/avr/bin/../lib/gcc/avr/7.3.0/avr6\libgcc.a(_muluhisi3.o)
 .debug_line    0x0000c9b1       0xb0 c:/programfiles/arduino-1.8.19/hardware/tools/avr/bin/../lib/gcc/avr/7.3.0/avr6\libgcc.a(_umulhisi3.o)
 .debug_line    0x0000ca61       0x7a c:/programfiles/arduino-1.8.19/hardware/tools/avr/bin/../lib/gcc/avr/7.3.0/avr6\libgcc.a(_mulshisi3.o)

.debug_frame    0x00000000     0x2df4
 *(.debug_frame)
 .debug_frame   0x00000000       0x34 bin/atmega2560/DEBUG/obj/main.o
 .debug_frame   0x00000034       0x84 bin/atmega2560/DEBUG/obj/gsl_systemLoad.o
 .debug_frame   0x000000b8      0x198 bin/atmega2560/DEBUG/obj/rtos.o
 .debug_frame   0x00000250       0x64 bin/atmega2560/DEBUG/obj/stdout.o
 .debug_frame   0x000002b4      0x530 bin/atmega2560/DEBUG/obj/ede_eventDispatcherEngine.o
 .debug_frame   0x000007e4      0x170 bin/atmega2560/DEBUG/obj/ede_eventSender.o
 .debug_frame   0x00000954       0xa4 bin/atmega2560/DEBUG/obj/mem_malloc.o
 .debug_frame   0x000009f8      0x324 bin/atmega2560/DEBUG/obj/vsq_threadSafeQueueVariableSize.o
 .debug_frame   0x00000d1c      0x1e0 bin/atmega2560/DEBUG/obj/vsq_dispatcherPortInterface.o
 .debug_frame   0x00000efc       0xd4 bin/atmega2560/DEBUG/obj/mpo_mapOffsetOnly.o
 .debug_frame   0x00000fd0      0x1a8 bin/atmega2560/DEBUG/obj/asi_arduinoSampleIntegration.o
 .debug_frame   0x00001178       0x44 bin/atmega2560/DEBUG/obj/cde_stubs.o
 .debug_frame   0x000011bc       0x8c bin/atmega2560/DEBUG/obj/pck_packCanFrame.o
 .debug_frame   0x00001248      0x314 bin/atmega2560/DEBUG/obj/cbk_callbacks.o
 .debug_frame   0x0000155c       0xb8 bin/atmega2560/DEBUG/obj/chk_checksum.o
 .debug_frame   0x00001614      0x1a0 bin/atmega2560/DEBUG/obj/apt_applicationTask.o
 .debug_frame   0x000017b4       0xec bin/atmega2560/DEBUG/obj/pwr_computeEnginePower.o
 .debug_frame   0x000018a0      0x214 bin/atmega2560/DEBUG/obj/dpy_display.o
 .debug_frame   0x00001ab4       0x68 bin/atmega2560/DEBUG/obj/sim_simulateCanReception.o
 .debug_frame   0x00001b1c      0x350 bin/atmega2560/DEBUG/obj/csh_canShield.o
 .debug_frame   0x00001e6c      0x7f0 bin/atmega2560/core/core.a(Print.o)
 .debug_frame   0x0000265c       0xd4 bin/atmega2560/core/core.a(wiring.o)
 .debug_frame   0x00002730       0x50 bin/atmega2560/core/core.a(wiring_digital.o)
 .debug_frame   0x00002780       0xf8 bin/atmega2560/core/core.a(HardwareSerial.o)
 .debug_frame   0x00002878       0xd4 bin/atmega2560/core/core.a(HardwareSerial0.o)
 .debug_frame   0x0000294c      0x4a8 bin/atmega2560/core/core.a(LiquidCrystal.o)

.debug_str      0x00000000    0x18f4f
 *(.debug_str)
 .debug_str     0x00000000      0x3e6 c:/programfiles/arduino-1.8.19/hardware/tools/avr/bin/../lib/gcc/avr/7.3.0/../../../../avr/lib/avr6/crtatmega2560.o
 .debug_str     0x000003e6     0xed95 bin/atmega2560/DEBUG/obj/main.o
                               0xeee2 (size before relaxing)
 .debug_str     0x0000f17b      0x65d bin/atmega2560/DEBUG/obj/gsl_systemLoad.o
                               0xec90 (size before relaxing)
 .debug_str     0x0000f7d8      0xc5d bin/atmega2560/DEBUG/obj/rtos.o
                              0x1013a (size before relaxing)
 .debug_str     0x00010435      0xea1 bin/atmega2560/DEBUG/obj/stdout.o
                               0xf6dd (size before relaxing)
 .debug_str     0x000112d6     0x1183 bin/atmega2560/DEBUG/obj/ede_eventDispatcherEngine.o
                               0xff09 (size before relaxing)
 .debug_str     0x00012459      0x1f3 bin/atmega2560/DEBUG/obj/ede_eventSender.o
                               0xf902 (size before relaxing)
 .debug_str     0x0001264c      0x376 bin/atmega2560/DEBUG/obj/mem_malloc.o
                               0xf4d0 (size before relaxing)
 .debug_str     0x000129c2      0x70a bin/atmega2560/DEBUG/obj/vsq_threadSafeQueueVariableSize.o
                               0xf9d5 (size before relaxing)
 .debug_str     0x000130cc      0x1f8 bin/atmega2560/DEBUG/obj/vsq_dispatcherPortInterface.o
                               0xf645 (size before relaxing)
 .debug_str     0x000132c4      0x1f9 bin/atmega2560/DEBUG/obj/mpo_mapOffsetOnly.o
                               0xf92b (size before relaxing)
 .debug_str     0x000134bd     0x1894 bin/atmega2560/DEBUG/obj/asi_arduinoSampleIntegration.o
                              0x1182a (size before relaxing)
 .debug_str     0x00014d51      0x127 bin/atmega2560/DEBUG/obj/cde_stubs.o
                               0xf75f (size before relaxing)
 .debug_str     0x00014e78      0x1af bin/atmega2560/DEBUG/obj/pck_packCanFrame.o
                              0x10b08 (size before relaxing)
 .debug_str     0x00015027      0xab0 bin/atmega2560/DEBUG/obj/cbk_callbacks.o
                              0x11981 (size before relaxing)
 .debug_str     0x00015ad7       0x5e bin/atmega2560/DEBUG/obj/chk_checksum.o
                               0xed3c (size before relaxing)
 .debug_str     0x00015b35      0x3af bin/atmega2560/DEBUG/obj/apt_applicationTask.o
                              0x1024f (size before relaxing)
 .debug_str     0x00015ee4      0x177 bin/atmega2560/DEBUG/obj/pwr_computeEnginePower.o
                              0x10e65 (size before relaxing)
 .debug_str     0x0001605b      0x6f7 bin/atmega2560/DEBUG/obj/dpy_display.o
                              0x107b5 (size before relaxing)
 .debug_str     0x00016752      0x712 bin/atmega2560/DEBUG/obj/sim_simulateCanReception.o
                               0xf4af (size before relaxing)
 .debug_str     0x00016e64      0x142 bin/atmega2560/DEBUG/obj/csh_canShield.o
                               0xef7b (size before relaxing)
 .debug_str     0x00016fa6      0xf9f bin/atmega2560/core/core.a(Print.o)
                               0x1315 (size before relaxing)
 .debug_str     0x00017f45       0x97 bin/atmega2560/core/core.a(wiring.o)
                                0x404 (size before relaxing)
 .debug_str     0x00017fdc       0x7d bin/atmega2560/core/core.a(wiring_digital.o)
                                0x3dd (size before relaxing)
 .debug_str     0x00018059      0x897 bin/atmega2560/core/core.a(HardwareSerial.o)
                               0x17b6 (size before relaxing)
 .debug_str     0x000188f0       0xc3 bin/atmega2560/core/core.a(HardwareSerial0.o)
                               0x1519 (size before relaxing)
 .debug_str     0x000189b3      0x59c bin/atmega2560/core/core.a(LiquidCrystal.o)
                                0xa2c (size before relaxing)

.debug_loc      0x00000000    0x16c76
 *(.debug_loc)
 .debug_loc     0x00000000      0x20f bin/atmega2560/DEBUG/obj/gsl_systemLoad.o
 .debug_loc     0x0000020f      0xeba bin/atmega2560/DEBUG/obj/rtos.o
 .debug_loc     0x000010c9      0x267 bin/atmega2560/DEBUG/obj/stdout.o
 .debug_loc     0x00001330     0x22c1 bin/atmega2560/DEBUG/obj/ede_eventDispatcherEngine.o
 .debug_loc     0x000035f1      0x917 bin/atmega2560/DEBUG/obj/ede_eventSender.o
 .debug_loc     0x00003f08      0x4cd bin/atmega2560/DEBUG/obj/mem_malloc.o
 .debug_loc     0x000043d5     0x1aef bin/atmega2560/DEBUG/obj/vsq_threadSafeQueueVariableSize.o
 .debug_loc     0x00005ec4      0x97e bin/atmega2560/DEBUG/obj/vsq_dispatcherPortInterface.o
 .debug_loc     0x00006842      0xcff bin/atmega2560/DEBUG/obj/mpo_mapOffsetOnly.o
 .debug_loc     0x00007541      0x5bf bin/atmega2560/DEBUG/obj/asi_arduinoSampleIntegration.o
 .debug_loc     0x00007b00       0xb0 bin/atmega2560/DEBUG/obj/cde_stubs.o
 .debug_loc     0x00007bb0      0x2ad bin/atmega2560/DEBUG/obj/pck_packCanFrame.o
 .debug_loc     0x00007e5d      0xd19 bin/atmega2560/DEBUG/obj/cbk_callbacks.o
 .debug_loc     0x00008b76      0x580 bin/atmega2560/DEBUG/obj/chk_checksum.o
 .debug_loc     0x000090f6      0x5ec bin/atmega2560/DEBUG/obj/apt_applicationTask.o
 .debug_loc     0x000096e2      0x7e2 bin/atmega2560/DEBUG/obj/pwr_computeEnginePower.o
 .debug_loc     0x00009ec4      0x7ea bin/atmega2560/DEBUG/obj/dpy_display.o
 .debug_loc     0x0000a6ae      0x320 bin/atmega2560/DEBUG/obj/sim_simulateCanReception.o
 .debug_loc     0x0000a9ce      0xe65 bin/atmega2560/DEBUG/obj/csh_canShield.o
 .debug_loc     0x0000b833     0x7a5c bin/atmega2560/core/core.a(Print.o)
 .debug_loc     0x0001328f      0x274 bin/atmega2560/core/core.a(wiring.o)
 .debug_loc     0x00013503      0x61b bin/atmega2560/core/core.a(wiring_digital.o)
 .debug_loc     0x00013b1e      0x4fb bin/atmega2560/core/core.a(HardwareSerial.o)
 .debug_loc     0x00014019      0x164 bin/atmega2560/core/core.a(HardwareSerial0.o)
 .debug_loc     0x0001417d     0x2af9 bin/atmega2560/core/core.a(LiquidCrystal.o)

.debug_macinfo
 *(.debug_macinfo)

.debug_weaknames
 *(.debug_weaknames)

.debug_funcnames
 *(.debug_funcnames)

.debug_typenames
 *(.debug_typenames)

.debug_varnames
 *(.debug_varnames)

.debug_pubtypes
 *(.debug_pubtypes)

.debug_ranges   0x00000000     0x1d50
 *(.debug_ranges)
 .debug_ranges  0x00000000       0x18 bin/atmega2560/DEBUG/obj/main.o
 .debug_ranges  0x00000018       0x10 bin/atmega2560/DEBUG/obj/gsl_systemLoad.o
 .debug_ranges  0x00000028      0x118 bin/atmega2560/DEBUG/obj/rtos.o
 .debug_ranges  0x00000140       0x38 bin/atmega2560/DEBUG/obj/stdout.o
 .debug_ranges  0x00000178      0x1a8 bin/atmega2560/DEBUG/obj/ede_eventDispatcherEngine.o
 .debug_ranges  0x00000320       0x40 bin/atmega2560/DEBUG/obj/ede_eventSender.o
 .debug_ranges  0x00000360       0x28 bin/atmega2560/DEBUG/obj/mem_malloc.o
 .debug_ranges  0x00000388      0x388 bin/atmega2560/DEBUG/obj/vsq_threadSafeQueueVariableSize.o
 .debug_ranges  0x00000710       0x50 bin/atmega2560/DEBUG/obj/vsq_dispatcherPortInterface.o
 .debug_ranges  0x00000760       0x78 bin/atmega2560/DEBUG/obj/mpo_mapOffsetOnly.o
 .debug_ranges  0x000007d8       0x30 bin/atmega2560/DEBUG/obj/asi_arduinoSampleIntegration.o
 .debug_ranges  0x00000808       0x10 bin/atmega2560/DEBUG/obj/cde_stubs.o
 .debug_ranges  0x00000818       0x38 bin/atmega2560/DEBUG/obj/pck_packCanFrame.o
 .debug_ranges  0x00000850       0xd0 bin/atmega2560/DEBUG/obj/cbk_callbacks.o
 .debug_ranges  0x00000920       0x28 bin/atmega2560/DEBUG/obj/chk_checksum.o
 .debug_ranges  0x00000948       0x48 bin/atmega2560/DEBUG/obj/apt_applicationTask.o
 .debug_ranges  0x00000990       0xa0 bin/atmega2560/DEBUG/obj/pwr_computeEnginePower.o
 .debug_ranges  0x00000a30       0x90 bin/atmega2560/DEBUG/obj/dpy_display.o
 .debug_ranges  0x00000ac0       0x90 bin/atmega2560/DEBUG/obj/sim_simulateCanReception.o
 .debug_ranges  0x00000b50       0x98 bin/atmega2560/DEBUG/obj/csh_canShield.o
 .debug_ranges  0x00000be8      0xde0 bin/atmega2560/core/core.a(Print.o)
 .debug_ranges  0x000019c8       0x38 bin/atmega2560/core/core.a(wiring.o)
 .debug_ranges  0x00001a00       0x20 bin/atmega2560/core/core.a(wiring_digital.o)
 .debug_ranges  0x00001a20       0x58 bin/atmega2560/core/core.a(HardwareSerial.o)
 .debug_ranges  0x00001a78       0x40 bin/atmega2560/core/core.a(HardwareSerial0.o)
 .debug_ranges  0x00001ab8      0x298 bin/atmega2560/core/core.a(LiquidCrystal.o)

.debug_macro    0x00000000     0x9072
 *(.debug_macro)
 .debug_macro   0x00000000      0x12c bin/atmega2560/DEBUG/obj/main.o
 .debug_macro   0x0000012c      0xb5c bin/atmega2560/DEBUG/obj/main.o
 .debug_macro   0x00000c88       0x1c bin/atmega2560/DEBUG/obj/main.o
 .debug_macro   0x00000ca4      0x10e bin/atmega2560/DEBUG/obj/main.o
 .debug_macro   0x00000db2       0x66 bin/atmega2560/DEBUG/obj/main.o
 .debug_macro   0x00000e18       0x22 bin/atmega2560/DEBUG/obj/main.o
 .debug_macro   0x00000e3a       0x16 bin/atmega2560/DEBUG/obj/main.o
 .debug_macro   0x00000e50       0x20 bin/atmega2560/DEBUG/obj/main.o
 .debug_macro   0x00000e70      0x160 bin/atmega2560/DEBUG/obj/main.o
 .debug_macro   0x00000fd0       0x10 bin/atmega2560/DEBUG/obj/main.o
 .debug_macro   0x00000fe0      0x1c9 bin/atmega2560/DEBUG/obj/main.o
 .debug_macro   0x000011a9      0x2fc bin/atmega2560/DEBUG/obj/main.o
 .debug_macro   0x000014a5       0x12 bin/atmega2560/DEBUG/obj/main.o
 .debug_macro   0x000014b7       0xaa bin/atmega2560/DEBUG/obj/main.o
 .debug_macro   0x00001561     0x1ecb bin/atmega2560/DEBUG/obj/main.o
 .debug_macro   0x0000342c      0x100 bin/atmega2560/DEBUG/obj/main.o
 .debug_macro   0x0000352c      0x2ea bin/atmega2560/DEBUG/obj/main.o
 .debug_macro   0x00003816       0xd9 bin/atmega2560/DEBUG/obj/main.o
 .debug_macro   0x000038ef       0x34 bin/atmega2560/DEBUG/obj/main.o
 .debug_macro   0x00003923       0x18 bin/atmega2560/DEBUG/obj/main.o
 .debug_macro   0x0000393b       0x6c bin/atmega2560/DEBUG/obj/main.o
 .debug_macro   0x000039a7      0x175 bin/atmega2560/DEBUG/obj/main.o