Archive member included to satisfy reference by file (symbol)

c:/programfiles/arduino-1.8.19/hardware/tools/avr/bin/../lib/gcc/avr/7.3.0/../../../../avr/lib/avr6\libprintf_flt.a(vfprintf_flt.o)
                              (vfprintf)
bin/atmega2560/core/core.a(Print.o)
                              bin/atmega2560/DEBUG/obj/dpy_display.o (Print::write(unsigned char const*, unsigned int))
bin/atmega2560/core/core.a(wiring.o)
                              bin/atmega2560/DEBUG/obj/gsl_systemLoad.o (millis)
bin/atmega2560/core/core.a(wiring_digital.o)
                              bin/atmega2560/DEBUG/obj/asi_arduinoSampleIntegration.o (pinMode)
bin/atmega2560/core/core.a(abi.o)
                              bin/atmega2560/core/core.a(Print.o) (__cxa_pure_virtual)
bin/atmega2560/core/core.a(HardwareSerial.o)
                              bin/atmega2560/DEBUG/obj/stdout.o (HardwareSerial::begin(unsigned long, unsigned char))
bin/atmega2560/core/core.a(HardwareSerial0.o)
                              bin/atmega2560/DEBUG/obj/stdout.o (Serial)
bin/atmega2560/core/core.a(LiquidCrystal.o)
                              bin/atmega2560/DEBUG/obj/dpy_display.o (LiquidCrystal::write(unsigned char))
c:/programfiles/arduino-1.8.19/hardware/tools/avr/bin/../lib/gcc/avr/7.3.0/../../../../avr/lib/avr6\libm.a(addsf3.o)
                              bin/atmega2560/DEBUG/obj/asi_arduinoSampleIntegration.o (__subsf3)
c:/programfiles/arduino-1.8.19/hardware/tools/avr/bin/../lib/gcc/avr/7.3.0/../../../../avr/lib/avr6\libm.a(addsf3x.o)
                              c:/programfiles/arduino-1.8.19/hardware/tools/avr/bin/../lib/gcc/avr/7.3.0/../../../../avr/lib/avr6\libm.a(addsf3.o) (__addsf3x)
c:/programfiles/arduino-1.8.19/hardware/tools/avr/bin/../lib/gcc/avr/7.3.0/../../../../avr/lib/avr6\libm.a(cmpsf2.o)
                              bin/atmega2560/DEBUG/obj/sim_simulateCanReception.o (__ltsf2)
c:/programfiles/arduino-1.8.19/hardware/tools/avr/bin/../lib/gcc/avr/7.3.0/../../../../avr/lib/avr6\libm.a(divsf3.o)
                              bin/atmega2560/DEBUG/obj/sim_simulateCanReception.o (__divsf3)
c:/programfiles/arduino-1.8.19/hardware/tools/avr/bin/../lib/gcc/avr/7.3.0/../../../../avr/lib/avr6\libm.a(divsf3x.o)
                              c:/programfiles/arduino-1.8.19/hardware/tools/avr/bin/../lib/gcc/avr/7.3.0/../../../../avr/lib/avr6\libm.a(divsf3.o) (__divsf3x)
c:/programfiles/arduino-1.8.19/hardware/tools/avr/bin/../lib/gcc/avr/7.3.0/../../../../avr/lib/avr6\libm.a(fixsfdi.o)
                              bin/atmega2560/DEBUG/obj/sim_simulateCanReception.o (__fixunssfdi)
c:/programfiles/arduino-1.8.19/hardware/tools/avr/bin/../lib/gcc/avr/7.3.0/../../../../avr/lib/avr6\libm.a(fixsfsi.o)
                              bin/atmega2560/DEBUG/obj/asi_arduinoSampleIntegration.o (__fixsfsi)
c:/programfiles/arduino-1.8.19/hardware/tools/avr/bin/../lib/gcc/avr/7.3.0/../../../../avr/lib/avr6\libm.a(fixunssfsi.o)
                              bin/atmega2560/DEBUG/obj/sim_simulateCanReception.o (__fixunssfsi)
c:/programfiles/arduino-1.8.19/hardware/tools/avr/bin/../lib/gcc/avr/7.3.0/../../../../avr/lib/avr6\libm.a(floatsisf.o)
                              bin/atmega2560/DEBUG/obj/asi_arduinoSampleIntegration.o (__floatunsisf)
c:/programfiles/arduino-1.8.19/hardware/tools/avr/bin/../lib/gcc/avr/7.3.0/../../../../avr/lib/avr6\libm.a(fp_cmp.o)
                              c:/programfiles/arduino-1.8.19/hardware/tools/avr/bin/../lib/gcc/avr/7.3.0/../../../../avr/lib/avr6\libm.a(cmpsf2.o) (__fp_cmp)
c:/programfiles/arduino-1.8.19/hardware/tools/avr/bin/../lib/gcc/avr/7.3.0/../../../../avr/lib/avr6\libm.a(fp_inf.o)
                              c:/programfiles/arduino-1.8.19/hardware/tools/avr/bin/../lib/gcc/avr/7.3.0/../../../../avr/lib/avr6\libm.a(addsf3x.o) (__fp_inf)
c:/programfiles/arduino-1.8.19/hardware/tools/avr/bin/../lib/gcc/avr/7.3.0/../../../../avr/lib/avr6\libm.a(fp_nan.o)
                              c:/programfiles/arduino-1.8.19/hardware/tools/avr/bin/../lib/gcc/avr/7.3.0/../../../../avr/lib/avr6\libm.a(addsf3x.o) (__fp_nan)
c:/programfiles/arduino-1.8.19/hardware/tools/avr/bin/../lib/gcc/avr/7.3.0/../../../../avr/lib/avr6\libm.a(fp_negdi.o)
                              c:/programfiles/arduino-1.8.19/hardware/tools/avr/bin/../lib/gcc/avr/7.3.0/../../../../avr/lib/avr6\libm.a(fixsfdi.o) (__fp_negdi)
c:/programfiles/arduino-1.8.19/hardware/tools/avr/bin/../lib/gcc/avr/7.3.0/../../../../avr/lib/avr6\libm.a(fp_pscA.o)
                              c:/programfiles/arduino-1.8.19/hardware/tools/avr/bin/../lib/gcc/avr/7.3.0/../../../../avr/lib/avr6\libm.a(addsf3x.o) (__fp_pscA)
c:/programfiles/arduino-1.8.19/hardware/tools/avr/bin/../lib/gcc/avr/7.3.0/../../../../avr/lib/avr6\libm.a(fp_pscB.o)
                              c:/programfiles/arduino-1.8.19/hardware/tools/avr/bin/../lib/gcc/avr/7.3.0/../../../../avr/lib/avr6\libm.a(addsf3x.o) (__fp_pscB)
[...]
Memory Configuration

Name             Origin             Length             Attributes
text             0x00000000         0x00100000         xr
data             0x00800200         0x0000fe00         rw !x
eeprom           0x00810000         0x00010000         rw !x
fuse             0x00820000         0x00000003         rw !x
lock             0x00830000         0x00000400         rw !x
signature        0x00840000         0x00000400         rw !x
user_signatures  0x00850000         0x00000400         rw !x
*default*        0x00000000         0xffffffff

Linker script and memory map

Address of section .data set to 0x800200
LOAD c:/programfiles/arduino-1.8.19/hardware/tools/avr/bin/../lib/gcc/avr/7.3.0/../../../../avr/lib/avr6/crtatmega2560.o
LOAD c:/programfiles/arduino-1.8.19/hardware/tools/avr/bin/../lib/gcc/avr/7.3.0/../../../../avr/lib/avr6\libprintf_flt.a
START GROUP
LOAD bin/atmega2560/core/core.a
LOAD bin/atmega2560/DEBUG/obj/main.o
LOAD bin/atmega2560/DEBUG/obj/gsl_systemLoad.o
LOAD bin/atmega2560/DEBUG/obj/rtos.o
LOAD bin/atmega2560/DEBUG/obj/stdout.o
LOAD bin/atmega2560/DEBUG/obj/ede_eventDispatcherEngine.o
LOAD bin/atmega2560/DEBUG/obj/ede_eventSender.o
LOAD bin/atmega2560/DEBUG/obj/mem_malloc.o
LOAD bin/atmega2560/DEBUG/obj/vsq_threadSafeQueueVariableSize.o
LOAD bin/atmega2560/DEBUG/obj/vsq_dispatcherPortInterface.o
LOAD bin/atmega2560/DEBUG/obj/mpo_mapOffsetOnly.o
LOAD bin/atmega2560/DEBUG/obj/mid_mapIdentity.o
LOAD bin/atmega2560/DEBUG/obj/m16_mapDirectLookupU16.o
LOAD bin/atmega2560/DEBUG/obj/mu8_mapDirectLookupU8.o
LOAD bin/atmega2560/DEBUG/obj/mci_mapBinarySearchCanId.o
LOAD bin/atmega2560/DEBUG/obj/asi_arduinoSampleIntegration.o
LOAD bin/atmega2560/DEBUG/obj/cde_stubs.o
LOAD bin/atmega2560/DEBUG/obj/cap_canApi.o
LOAD bin/atmega2560/DEBUG/obj/cbk_callbacks.o
LOAD bin/atmega2560/DEBUG/obj/chk_checksum.o
LOAD bin/atmega2560/DEBUG/obj/apt_applicationTask.o
LOAD bin/atmega2560/DEBUG/obj/upd_updateDisplay.o
LOAD bin/atmega2560/DEBUG/obj/dpy_display.o
LOAD bin/atmega2560/DEBUG/obj/pwr_computeEnginePower.o
LOAD bin/atmega2560/DEBUG/obj/sim_simulateCanReception.o
LOAD bin/atmega2560/DEBUG/obj/csh_canShield.o
END GROUP
LOAD c:/programfiles/arduino-1.8.19/hardware/tools/avr/bin/../lib/gcc/avr/7.3.0/../../../../avr/lib/avr6\libm.a
START GROUP
LOAD c:/programfiles/arduino-1.8.19/hardware/tools/avr/bin/../lib/gcc/avr/7.3.0/avr6\libgcc.a
LOAD c:/programfiles/arduino-1.8.19/hardware/tools/avr/bin/../lib/gcc/avr/7.3.0/../../../../avr/lib/avr6\libm.a
LOAD c:/programfiles/arduino-1.8.19/hardware/tools/avr/bin/../lib/gcc/avr/7.3.0/../../../../avr/lib/avr6\libc.a
LOAD c:/programfiles/arduino-1.8.19/hardware/tools/avr/bin/../lib/gcc/avr/7.3.0/../../../../avr/lib/avr6\libatmega2560.a
END GROUP
                0x00100000                __TEXT_REGION_LENGTH__ = DEFINED (__TEXT_REGION_LENGTH__)?__TEXT_REGION_LENGTH__:0x100000
                0x0000fe00                __DATA_REGION_LENGTH__ = DEFINED (__DATA_REGION_LENGTH__)?__DATA_REGION_LENGTH__:0xfe00
                0x00010000                __EEPROM_REGION_LENGTH__ = DEFINED (__EEPROM_REGION_LENGTH__)?__EEPROM_REGION_LENGTH__:0x10000
                [0x00000003]                __FUSE_REGION_LENGTH__ = DEFINED (__FUSE_REGION_LENGTH__)?__FUSE_REGION_LENGTH__:0x400
                0x00000400                __LOCK_REGION_LENGTH__ = DEFINED (__LOCK_REGION_LENGTH__)?__LOCK_REGION_LENGTH__:0x400
                0x00000400                __SIGNATURE_REGION_LENGTH__ = DEFINED (__SIGNATURE_REGION_LENGTH__)?__SIGNATURE_REGION_LENGTH__:0x400
                0x00000400                __USER_SIGNATURE_REGION_LENGTH__ = DEFINED (__USER_SIGNATURE_REGION_LENGTH__)?__USER_SIGNATURE_REGION_LENGTH__:0x400
                0x00800200                __DATA_REGION_ORIGIN__ = DEFINED (__DATA_REGION_ORIGIN__)?__DATA_REGION_ORIGIN__:0x800200

.hash
 *(.hash)

.dynsym
 *(.dynsym)

.dynstr
 *(.dynstr)

.gnu.version
 *(.gnu.version)

.gnu.version_d
 *(.gnu.version_d)

.gnu.version_r
 *(.gnu.version_r)

.rel.init
 *(.rel.init)

.rela.init
 *(.rela.init)

.rel.text
 *(.rel.text)
 *(.rel.text.*)
 *(.rel.gnu.linkonce.t*)

.rela.text
 *(.rela.text)
 *(.rela.text.*)
 *(.rela.gnu.linkonce.t*)

.rel.fini
 *(.rel.fini)

.rela.fini
 *(.rela.fini)

.rel.rodata
 *(.rel.rodata)
 *(.rel.rodata.*)
 *(.rel.gnu.linkonce.r*)

.rela.rodata
 *(.rela.rodata)
 *(.rela.rodata.*)
 *(.rela.gnu.linkonce.r*)

.rel.data
 *(.rel.data)
 *(.rel.data.*)
 *(.rel.gnu.linkonce.d*)

.rela.data
 *(.rela.data)
 *(.rela.data.*)
 *(.rela.gnu.linkonce.d*)

.rel.ctors
 *(.rel.ctors)

.rela.ctors
 *(.rela.ctors)

.rel.dtors
 *(.rel.dtors)

.rela.dtors
 *(.rela.dtors)

.rel.got
 *(.rel.got)

.rela.got
 *(.rela.got)

.rel.bss
 *(.rel.bss)

.rela.bss
 *(.rela.bss)

.rel.plt
 *(.rel.plt)

.rela.plt
 *(.rela.plt)

.text           0x00000000     0xaf28
 *(.vectors)
 .vectors       0x00000000       0xe4 c:/programfiles/arduino-1.8.19/hardware/tools/avr/bin/../lib/gcc/avr/7.3.0/../../../../avr/lib/avr6/crtatmega2560.o
                0x00000000                __vector_default
                0x00000000                __vectors
 *(.vectors)
 *(.progmem.gcc*)
                0x000000e4                . = ALIGN (0x2)
                0x000000e4                __trampolines_start = .
 *(.trampolines)
 .trampolines   0x000000e4        0x0 linker stubs
 *(.trampolines*)
                0x000000e4                __trampolines_end = .
 *libprintf_flt.a:*(.progmem.data)
 .progmem.data  0x000000e4        0x8 c:/programfiles/arduino-1.8.19/hardware/tools/avr/bin/../lib/gcc/avr/7.3.0/../../../../avr/lib/avr6\libprintf_flt.a(vfprintf_flt.o)
 *libc.a:*(.progmem.data)
 .progmem.data  0x000000ec       0xfa c:/programfiles/arduino-1.8.19/hardware/tools/avr/bin/../lib/gcc/avr/7.3.0/../../../../avr/lib/avr6\libc.a(ftoa_engine.o)
 *(.progmem*)
 .progmem.rtuinos
                0x000001e6       0xfb bin/atmega2560/DEBUG/obj/rtos.o
                0x000001e6                rtos_rtuinosStartupMsg
 .progmem.data.digital_pin_to_timer_PGM
                0x000002e1       0x46 bin/atmega2560/core/core.a(wiring_digital.o)
                0x000002e1                digital_pin_to_timer_PGM
 .progmem.data.digital_pin_to_bit_mask_PGM
                0x00000327       0x46 bin/atmega2560/core/core.a(wiring_digital.o)
                0x00000327                digital_pin_to_bit_mask_PGM
 .progmem.data.digital_pin_to_port_PGM
                0x0000036d       0x46 bin/atmega2560/core/core.a(wiring_digital.o)
                0x0000036d                digital_pin_to_port_PGM
 .progmem.data.port_to_output_PGM
                0x000003b3       0x1a bin/atmega2560/core/core.a(wiring_digital.o)
                0x000003b3                port_to_output_PGM
 .progmem.data.port_to_mode_PGM
                0x000003cd       0x1a bin/atmega2560/core/core.a(wiring_digital.o)
                0x000003cd                port_to_mode_PGM
                0x000003e8                . = ALIGN (0x2)
 *fill*         0x000003e7        0x1 
 *(.jumptables)
 *(.jumptables*)
 *(.lowtext)
 *(.lowtext*)
                0x000003e8                __ctors_start = .
 *(.ctors)
 .ctors         0x000003e8        0x2 bin/atmega2560/DEBUG/obj/dpy_display.o
 .ctors         0x000003ea        0x2 bin/atmega2560/core/core.a(HardwareSerial0.o)
                0x000003ec                __ctors_end = .
                0x000003ec                __dtors_start = .
 *(.dtors)
                0x000003ec                __dtors_end = .
 SORT(*)(.ctors)
 SORT(*)(.dtors)
 *(.init0)
 .init0         0x000003ec        0x0 c:/programfiles/arduino-1.8.19/hardware/tools/avr/bin/../lib/gcc/avr/7.3.0/../../../../avr/lib/avr6/crtatmega2560.o
                0x000003ec                __init
 *(.init0)
 *(.init1)
 *(.init1)
 *(.init2)
 .init2         0x000003ec       0x10 c:/programfiles/arduino-1.8.19/hardware/tools/avr/bin/../lib/gcc/avr/7.3.0/../../../../avr/lib/avr6/crtatmega2560.o
 *(.init2)
 *(.init3)
 *(.init3)
 *(.init4)
 .init4         0x000003fc       0x1a c:/programfiles/arduino-1.8.19/hardware/tools/avr/bin/../lib/gcc/avr/7.3.0/avr6\libgcc.a(_copy_data.o)
                0x000003fc                __do_copy_data
 .init4         0x00000416       0x10 c:/programfiles/arduino-1.8.19/hardware/tools/avr/bin/../lib/gcc/avr/7.3.0/avr6\libgcc.a(_clear_bss.o)
                0x00000416                __do_clear_bss
 *(.init4)
 *(.init5)
 *(.init5)
 *(.init6)
 .init6         0x00000426       0x20 c:/programfiles/arduino-1.8.19/hardware/tools/avr/bin/../lib/gcc/avr/7.3.0/avr6\libgcc.a(_ctors.o)
                0x00000426                __do_global_ctors
 *(.init6)
 *(.init7)
 *(.init7)
 *(.init8)
 *(.init8)
 *(.init9)
 .init9         0x00000446        0x6 c:/programfiles/arduino-1.8.19/hardware/tools/avr/bin/../lib/gcc/avr/7.3.0/../../../../avr/lib/avr6/crtatmega2560.o
 *(.init9)
 *(.text)
 .text          0x0000044c        0x2 c:/programfiles/arduino-1.8.19/hardware/tools/avr/bin/../lib/gcc/avr/7.3.0/../../../../avr/lib/avr6/crtatmega2560.o
                0x0000044c                __vector_38
                0x0000044c                __vector_22
                0x0000044c                __vector_28
                0x0000044c                __vector_1
                0x0000044c                __vector_32
                0x0000044c                __vector_34
                0x0000044c                __vector_24
                0x0000044c                __vector_12
                0x0000044c                __vector_55
                0x0000044c                __vector_46
                0x0000044c                __bad_interrupt
                0x0000044c                __vector_6
                0x0000044c                __vector_31
                0x0000044c                __vector_35
                0x0000044c                __vector_39
                0x0000044c                __vector_3
                0x0000044c                __vector_30
                0x0000044c                __vector_45
                0x0000044c                __vector_11
                0x0000044c                __vector_54
                0x0000044c                __vector_13
                0x0000044c                __vector_17
                0x0000044c                __vector_19
                0x0000044c                __vector_56
                0x0000044c                __vector_7
                0x0000044c                __vector_49
                0x0000044c                __vector_41
                0x0000044c                __vector_43
                0x0000044c                __vector_27
                0x0000044c                __vector_5
                0x0000044c                __vector_33
                0x0000044c                __vector_47
                0x0000044c                __vector_52
                0x0000044c                __vector_37
                0x0000044c                __vector_4
                0x0000044c                __vector_44
                0x0000044c                __vector_51
                0x0000044c                __vector_9
                0x0000044c                __vector_2
                0x0000044c                __vector_21
                0x0000044c                __vector_36
                0x0000044c                __vector_29
                0x0000044c                __vector_40
                0x0000044c                __vector_8
                0x0000044c                __vector_48
                0x0000044c                __vector_14
                0x0000044c                __vector_53
                0x0000044c                __vector_10
                0x0000044c                __vector_50
                0x0000044c                __vector_16
                0x0000044c                __vector_18
                0x0000044c                __vector_20
                0x0000044c                __vector_42
                0x0000044e                . = ALIGN (0x2)
 *(.text.*)
 .text.avr-libc
                0x0000044e      0x714 c:/programfiles/arduino-1.8.19/hardware/tools/avr/bin/../lib/gcc/avr/7.3.0/../../../../avr/lib/avr6\libprintf_flt.a(vfprintf_flt.o)
                0x0000044e                vfprintf
 .text.yield    0x00000b62        0x2 bin/atmega2560/DEBUG/obj/main.o
                0x00000b62                yield
 .text.main     0x00000b64        0xc bin/atmega2560/DEBUG/obj/main.o
                0x00000b64                main
 .text.gsl_getSystemLoad
                0x00000b70      0x140 bin/atmega2560/DEBUG/obj/gsl_systemLoad.o
                0x00000b70                gsl_getSystemLoad
 .text.rtos_enableIRQTimerTic
                0x00000cb0        0xc bin/atmega2560/DEBUG/obj/rtos.o
                0x00000cb0                rtos_enableIRQTimerTic
 .text.onTimerTic
                0x00000cbc      0x1e4 bin/atmega2560/DEBUG/obj/rtos.o
 .text.__vector_15
                0x00000ea0       0xfa bin/atmega2560/DEBUG/obj/rtos.o
                0x00000ea0                __vector_15
 .text.waitForEvent
                0x00000f9a      0x24c bin/atmega2560/DEBUG/obj/rtos.o
 .text.rtos_waitForEvent
                0x000011e6       0xf6 bin/atmega2560/DEBUG/obj/rtos.o
                0x000011e6                rtos_waitForEvent
 .text.rtos_getTaskOverrunCounter
                0x000012dc       0x34 bin/atmega2560/DEBUG/obj/rtos.o
                0x000012dc                rtos_getTaskOverrunCounter
 .text.rtos_getStackReserve
                0x00001310       0x32 bin/atmega2560/DEBUG/obj/rtos.o
                0x00001310                rtos_getStackReserve
 .text.rtos_initializeTask
                0x00001342      0x214 bin/atmega2560/DEBUG/obj/rtos.o
                0x00001342                rtos_initializeTask
 .text.rtos_initRTOS
                0x00001556      0x1ce bin/atmega2560/DEBUG/obj/rtos.o
                0x00001556                rtos_initRTOS
 .text._ZL14serial_putcharcP6(float, int, long,...)
                0x00001724       0x4a bin/atmega2560/DEBUG/obj/stdout.o
 .text.init_stdout
                0x0000176e       0x32 bin/atmega2560/DEBUG/obj/stdout.o
                0x0000176e                init_stdout
 .text.puts_progmem
                0x000017a0       0x50 bin/atmega2560/DEBUG/obj/stdout.o
                0x000017a0                puts_progmem
 .text.invokeCallback
                0x000017f0       0xc0 bin/atmega2560/DEBUG/obj/ede_eventDispatcherEngine.o
 .text.createTimer
                0x000018b0      0x2b0 bin/atmega2560/DEBUG/obj/ede_eventDispatcherEngine.o
 .text.ede_createDispatcherSystem
                0x00001b60      0x1d4 bin/atmega2560/DEBUG/obj/ede_eventDispatcherEngine.o
                0x00001b60                ede_createDispatcherSystem
 .text.ede_createDispatcher
                0x00001d34      0x226 bin/atmega2560/DEBUG/obj/ede_eventDispatcherEngine.o
                0x00001d34                ede_createDispatcher
 .text.ede_registerExternalEventSource
                0x00001f5a      0x1a8 bin/atmega2560/DEBUG/obj/ede_eventDispatcherEngine.o
                0x00001f5a                ede_registerExternalEventSource
 .text.ede_registerInternalEventSource
                0x00002102      0x136 bin/atmega2560/DEBUG/obj/ede_eventDispatcherEngine.o
                0x00002102                ede_registerInternalEventSource
 .text.ede_dispatcherMain
                0x00002238      0x522 bin/atmega2560/DEBUG/obj/ede_eventDispatcherEngine.o
                0x00002238                ede_dispatcherMain
 .text.ede_createPeriodicTimer
                0x0000275a       0x10 bin/atmega2560/DEBUG/obj/ede_eventDispatcherEngine.o
                0x0000275a                ede_createPeriodicTimer
 .text.ede_createSingleShotTimer
                0x0000276a       0x10 bin/atmega2560/DEBUG/obj/ede_eventDispatcherEngine.o
                0x0000276a                ede_createSingleShotTimer
 .text.ede_suspendSingleShotTimer
                0x0000277a      0x1c4 bin/atmega2560/DEBUG/obj/ede_eventDispatcherEngine.o
                0x0000277a                ede_suspendSingleShotTimer
 .text.ede_retriggerSingleShotTimer
                0x0000293e      0x1f2 bin/atmega2560/DEBUG/obj/ede_eventDispatcherEngine.o
                0x0000293e                ede_retriggerSingleShotTimer
 .text.ede_installCallback
                0x00002b30      0x276 bin/atmega2560/DEBUG/obj/ede_eventDispatcherEngine.o
                0x00002b30                ede_installCallback
 .text.ede_getEventSourceData
                0x00002da6       0xa6 bin/atmega2560/DEBUG/obj/ede_eventDispatcherEngine.o
                0x00002da6                ede_getEventSourceData
 .text.ede_getKindOfEvent
                0x00002e4c        0x6 bin/atmega2560/DEBUG/obj/ede_eventDispatcherEngine.o
                0x00002e4c                ede_getKindOfEvent
 .text.ede_getEventData
                0x00002e52       0x14 bin/atmega2560/DEBUG/obj/ede_eventDispatcherEngine.o
                0x00002e52                ede_getEventData
 .text.ede_createSender
                0x00002e66      0x172 bin/atmega2560/DEBUG/obj/ede_eventSender.o
                0x00002e66                ede_createSender
 .text.ede_postEventToPort
                0x00002fd8      0x172 bin/atmega2560/DEBUG/obj/ede_eventSender.o
                0x00002fd8                ede_postEventToPort
 .text.mallocChunk
                0x0000314a       0xa2 bin/atmega2560/DEBUG/obj/mem_malloc.o
 .text.getNbrOfAvailableBytes
                0x000031ec       0x20 bin/atmega2560/DEBUG/obj/mem_malloc.o
 .text.getNbrOfAllocatedBytes
                0x0000320c        0x8 bin/atmega2560/DEBUG/obj/mem_malloc.o
 .text.mem_createMemoryPool
                0x00003214       0xc6 bin/atmega2560/DEBUG/obj/mem_malloc.o
                0x00003214                mem_createMemoryPool
 .text.vsq_getSizeOfQueueHead
                0x000032da        0x6 bin/atmega2560/DEBUG/obj/vsq_threadSafeQueueVariableSize.o
                0x000032da                vsq_getSizeOfQueueHead
 .text.vsq_getSizeOfQueueTail
                0x000032e0       0xb6 bin/atmega2560/DEBUG/obj/vsq_threadSafeQueueVariableSize.o
                0x000032e0                vsq_getSizeOfQueueTail
 .text.vsq_createQueueHead
                0x00003396        0xa bin/atmega2560/DEBUG/obj/vsq_threadSafeQueueVariableSize.o
                0x00003396                vsq_createQueueHead
 .text.vsq_createQueueTail
                0x000033a0      0x2b8 bin/atmega2560/DEBUG/obj/vsq_threadSafeQueueVariableSize.o
                0x000033a0                vsq_createQueueTail
 .text.vsq_linkQueueHeadWithTail
                0x00003658       0x10 bin/atmega2560/DEBUG/obj/vsq_threadSafeQueueVariableSize.o
                0x00003658                vsq_linkQueueHeadWithTail
 .text.vsq_linkQueueTailWithHead
                0x00003668       0xa6 bin/atmega2560/DEBUG/obj/vsq_threadSafeQueueVariableSize.o
                0x00003668                vsq_linkQueueTailWithHead
 .text.vsq_allocTailElement
                0x0000370e      0x7b6 bin/atmega2560/DEBUG/obj/vsq_threadSafeQueueVariableSize.o
                0x0000370e                vsq_allocTailElement
 .text.vsq_postTailElement
                0x00003ec4       0xa6 bin/atmega2560/DEBUG/obj/vsq_threadSafeQueueVariableSize.o
                0x00003ec4                vsq_postTailElement
 .text.vsq_readFromHead
                0x00003f6a      0x1fe bin/atmega2560/DEBUG/obj/vsq_threadSafeQueueVariableSize.o
                0x00003f6a                vsq_readFromHead
 .text.edePortDisp_freeBuffer
                0x00004168        0x2 bin/atmega2560/DEBUG/obj/vsq_dispatcherPortInterface.o
 .text.edePortDisp_readBuffer
                0x0000416a       0xbc bin/atmega2560/DEBUG/obj/vsq_dispatcherPortInterface.o
 .text.edePortSdr_submitBuffer
                0x00004226        0x4 bin/atmega2560/DEBUG/obj/vsq_dispatcherPortInterface.o
 .text.edePortSdr_allocBuffer
                0x0000422a        0x8 bin/atmega2560/DEBUG/obj/vsq_dispatcherPortInterface.o
 .text.vsq_createEventQueueHead
                0x00004232       0x54 bin/atmega2560/DEBUG/obj/vsq_dispatcherPortInterface.o
                0x00004232                vsq_createEventQueueHead
 .text.vsq_createEventQueueTail
                0x00004286       0x74 bin/atmega2560/DEBUG/obj/vsq_dispatcherPortInterface.o
                0x00004286                vsq_createEventQueueTail
 .text.vsq_createEventQueue
                0x000042fa       0x78 bin/atmega2560/DEBUG/obj/vsq_dispatcherPortInterface.o
                0x000042fa                vsq_createEventQueue
 .text.task100ms
                0x00004372      0x132 bin/atmega2560/DEBUG/obj/asi_arduinoSampleIntegration.o
 .text.task10ms
                0x000044a4      0x132 bin/atmega2560/DEBUG/obj/asi_arduinoSampleIntegration.o
 .text.taskOnCanReceive
                0x000045d6      0x14a bin/atmega2560/DEBUG/obj/asi_arduinoSampleIntegration.o
 .text.setup    0x00004720       0x82 bin/atmega2560/DEBUG/obj/asi_arduinoSampleIntegration.o
                0x00004720                setup
 .text.loop     0x000047a2      0x260 bin/atmega2560/DEBUG/obj/asi_arduinoSampleIntegration.o
                0x000047a2                loop
 .text.cde_getCanId
                0x00004a02       0xa6 bin/atmega2560/DEBUG/obj/cde_stubs.o
                0x00004a02                cde_getCanId
 .text.cap_unpack_PT_StateEcu01_1024
                0x00004aa8       0x56 bin/atmega2560/DEBUG/obj/cap_canApi.o
                0x00004aa8                cap_unpack_PT_StateEcu01_1024
 .text.cap_unpack_PT_StateEcu02_1040
                0x00004afe       0x3e bin/atmega2560/DEBUG/obj/cap_canApi.o
                0x00004afe                cap_unpack_PT_StateEcu02_1040
 .text.cap_unpack_PT_UserLimits_2032
                0x00004b3c       0xc8 bin/atmega2560/DEBUG/obj/cap_canApi.o
                0x00004b3c                cap_unpack_PT_UserLimits_2032
 .text.cap_pack_PT_InfoPowerDisplay_1536
                0x00004c04       0x82 bin/atmega2560/DEBUG/obj/cap_canApi.o
                0x00004c04                cap_pack_PT_InfoPowerDisplay_1536
 .text.cap_pack_PT_StatusPowerDisplay_1537
                0x00004c86       0x8a bin/atmega2560/DEBUG/obj/cap_canApi.o
                0x00004c86                cap_pack_PT_StatusPowerDisplay_1537
 .text.cap_pack_PT_LimitsPowerDisplay_1538
                0x00004d10       0x52 bin/atmega2560/DEBUG/obj/cap_canApi.o
                0x00004d10                cap_pack_PT_LimitsPowerDisplay_1538
 .text.onTimeoutFrame_PT_1040
                0x00004d62       0x94 bin/atmega2560/DEBUG/obj/cbk_callbacks.o
 .text.onTimeoutFrame_PT_1024
                0x00004df6       0x94 bin/atmega2560/DEBUG/obj/cbk_callbacks.o
 .text.onInitFrame_PT_1538
                0x00004e8a      0x126 bin/atmega2560/DEBUG/obj/cbk_callbacks.o
 .text.onInitFrame_PT_1537
                0x00004fb0      0x1b2 bin/atmega2560/DEBUG/obj/cbk_callbacks.o
 .text.onDueCheckEventFrame_PT_1538
                0x00005162      0x192 bin/atmega2560/DEBUG/obj/cbk_callbacks.o
 .text.onSendFrame_PT_1537
                0x000052f4      0x11a bin/atmega2560/DEBUG/obj/cbk_callbacks.o
 .text.onDueCheckEventFrame_PT_1537
                0x0000540e       0xc0 bin/atmega2560/DEBUG/obj/cbk_callbacks.o
 .text.onInitFrame_PT_1536
                0x000054ce      0x11c bin/atmega2560/DEBUG/obj/cbk_callbacks.o
 .text.onSendFrame_PT_1536
                0x000055ea       0xe2 bin/atmega2560/DEBUG/obj/cbk_callbacks.o
 .text.onInitFrame_PT_2032
                0x000056cc       0x9e bin/atmega2560/DEBUG/obj/cbk_callbacks.o
 .text.onInitFrame_PT_1040
                0x0000576a      0x130 bin/atmega2560/DEBUG/obj/cbk_callbacks.o
 .text.onInitFrame_PT_1024
                0x0000589a      0x130 bin/atmega2560/DEBUG/obj/cbk_callbacks.o
 .text.onReceiveFrame_PT_2032
                0x000059ca      0x134 bin/atmega2560/DEBUG/obj/cbk_callbacks.o
 .text.onReceiveFrame_PT_1040
                0x00005afe      0x148 bin/atmega2560/DEBUG/obj/cbk_callbacks.o
 .text.onReceiveFrame_PT_1024
                0x00005c46      0x146 bin/atmega2560/DEBUG/obj/cbk_callbacks.o
 .text.cbk_initInterface
                0x00005d8c      0x3e0 bin/atmega2560/DEBUG/obj/cbk_callbacks.o
                0x00005d8c                cbk_initInterface
 .text.chk_validateSequenceCounter
                0x0000616c       0x7a bin/atmega2560/DEBUG/obj/chk_checksum.o
                0x0000616c                chk_validateSequenceCounter
 .text.chk_updateSequenceCounter
                0x000061e6       0x28 bin/atmega2560/DEBUG/obj/chk_checksum.o
                0x000061e6                chk_updateSequenceCounter
 .text.chk_validateChecksum
                0x0000620e       0xc4 bin/atmega2560/DEBUG/obj/chk_checksum.o
                0x0000620e                chk_validateChecksum
 .text.chk_computeChecksum
                0x000062d2      0x150 bin/atmega2560/DEBUG/obj/chk_checksum.o
                0x000062d2                chk_computeChecksum
 .text.getMapValue
                0x00006422      0x134 bin/atmega2560/DEBUG/obj/apt_applicationTask.o
 .text.checkFrameHandles
                0x00006556      0x122 bin/atmega2560/DEBUG/obj/apt_applicationTask.o
 .text.onInitEvRecovBusOff
                0x00006678       0x9e bin/atmega2560/DEBUG/obj/apt_applicationTask.o
 .text.onBusOnOff
                0x00006716      0x168 bin/atmega2560/DEBUG/obj/apt_applicationTask.o
 .text.onInitEvBusOff
                0x0000687e      0x1aa bin/atmega2560/DEBUG/obj/apt_applicationTask.o
 .text.csh_callbackOnBusStateChange
                0x00006a28       0xd8 bin/atmega2560/DEBUG/obj/apt_applicationTask.o
                0x00006a28                csh_callbackOnBusStateChange
 .text.csh_callbackOnReceiveCanFrame
                0x00006b00       0x94 bin/atmega2560/DEBUG/obj/apt_applicationTask.o
                0x00006b00                csh_callbackOnReceiveCanFrame
 .text.apt_taskInit
                0x00006b94      0x6ae bin/atmega2560/DEBUG/obj/apt_applicationTask.o
                0x00006b94                apt_taskInit
 .text.apt_task10ms
                0x00007242       0x14 bin/atmega2560/DEBUG/obj/apt_applicationTask.o
                0x00007242                apt_task10ms
 .text.apt_task100ms
                0x00007256       0x14 bin/atmega2560/DEBUG/obj/apt_applicationTask.o
                0x00007256                apt_task100ms
 .text.upd_updateDisplay
                0x0000726a      0x102 bin/atmega2560/DEBUG/obj/upd_updateDisplay.o
                0x0000726a                upd_updateDisplay
 .text._ZN5Print17availableForWriteEv
                0x0000736c        0x6 bin/atmega2560/DEBUG/obj/dpy_display.o
                0x0000736c                Print::availableForWrite()
 .text._ZN5Print5flushEv
                0x00007372        0x2 bin/atmega2560/DEBUG/obj/dpy_display.o
                0x00007372                Print::flush()
 .text._ZN13dpy_display_tC2Ev
                0x00007374       0x54 bin/atmega2560/DEBUG/obj/dpy_display.o
                0x00007374                dpy_display_t::dpy_display_t()
                0x00007374                dpy_display_t::dpy_display_t()
 .text._ZN13dpy_display_t13printGreetingEv
                0x000073c8      0x12a bin/atmega2560/DEBUG/obj/dpy_display.o
                0x000073c8                dpy_display_t::printGreeting()
 .text._ZN13dpy_display_t15printBackgroundEv
                0x000074f2       0x94 bin/atmega2560/DEBUG/obj/dpy_display.o
                0x000074f2                dpy_display_t::printBackground()
 .text._ZN13dpy_display_t15printValueAsBarEhh
                0x00007586      0x106 bin/atmega2560/DEBUG/obj/dpy_display.o
                0x00007586                dpy_display_t::printValueAsBar(unsigned char, unsigned char)
 .text._ZN13dpy_display_t13printTqAndPwrEii
                0x0000768c      0x1ca bin/atmega2560/DEBUG/obj/dpy_display.o
                0x0000768c                dpy_display_t::printTqAndPwr(int, int)
 .text._ZN13dpy_display_t11printStatusEPKc
                0x00007856       0x72 bin/atmega2560/DEBUG/obj/dpy_display.o
                0x00007856                dpy_display_t::printStatus(char const*)
 .text.dpy_printGreeting
                0x000078c8        0x8 bin/atmega2560/DEBUG/obj/dpy_display.o
                0x000078c8                dpy_printGreeting
 .text.dpy_printBackground
                0x000078d0        0x8 bin/atmega2560/DEBUG/obj/dpy_display.o
                0x000078d0                dpy_printBackground
 .text.dpy_printValueAsBar
                0x000078d8        0xc bin/atmega2560/DEBUG/obj/dpy_display.o
                0x000078d8                dpy_printValueAsBar
 .text.dpy_printTqAndPwr
                0x000078e4        0xc bin/atmega2560/DEBUG/obj/dpy_display.o
                0x000078e4                dpy_printTqAndPwr
 .text.dpy_printStatus
                0x000078f0        0xa bin/atmega2560/DEBUG/obj/dpy_display.o
                0x000078f0                dpy_printStatus
 .text._GLOBAL__sub_I_dpy_display
                0x000078fa        0x8 bin/atmega2560/DEBUG/obj/dpy_display.o
 .text.mul_wide_su32
                0x00007902      0x1fe bin/atmega2560/DEBUG/obj/pwr_computeEnginePower.o
                0x00007902                mul_wide_su32
 .text.mul_ssu32_hiSR
                0x00007b00       0x5c bin/atmega2560/DEBUG/obj/pwr_computeEnginePower.o
                0x00007b00                mul_ssu32_hiSR
 .text.mul_wide_s32
                0x00007b5c      0x256 bin/atmega2560/DEBUG/obj/pwr_computeEnginePower.o
                0x00007b5c                mul_wide_s32
 .text.mul_s32_loSR_sat
                0x00007db2      0x11e bin/atmega2560/DEBUG/obj/pwr_computeEnginePower.o
                0x00007db2                mul_s32_loSR_sat
 .text.pwr_detectAndCountError
                0x00007ed0       0x1a bin/atmega2560/DEBUG/obj/pwr_computeEnginePower.o
                0x00007ed0                pwr_detectAndCountError
 .text.pwr_computeEnginePower_step
                0x00007eea      0x38a bin/atmega2560/DEBUG/obj/pwr_computeEnginePower.o
                0x00007eea                pwr_computeEnginePower_step
 .text.pwr_computeEnginePower_initialize
                0x00008274        0x2 bin/atmega2560/DEBUG/obj/pwr_computeEnginePower.o
                0x00008274                pwr_computeEnginePower_initialize
 .text.sim_simulateCanReception
                0x00008276      0xa64 bin/atmega2560/DEBUG/obj/sim_simulateCanReception.o
                0x00008276                sim_simulateCanReception
 .text.registerCanFrame
                0x00008cda      0x160 bin/atmega2560/DEBUG/obj/csh_canShield.o
 .text.csh_initModule
                0x00008e3a       0x5a bin/atmega2560/DEBUG/obj/csh_canShield.o
                0x00008e3a                csh_initModule
 .text.csh_registerStdCanFrame
                0x00008e94       0xc8 bin/atmega2560/DEBUG/obj/csh_canShield.o
                0x00008e94                csh_registerStdCanFrame
 .text.csh_sendExtCanFrame
                0x00008f5c      0x1d2 bin/atmega2560/DEBUG/obj/csh_canShield.o
                0x00008f5c                csh_sendExtCanFrame
 .text.csh_sendStdCanFrame
                0x0000912e       0xc2 bin/atmega2560/DEBUG/obj/csh_canShield.o
                0x0000912e                csh_sendStdCanFrame
 .text.csh_restartCanBus
                0x000091f0        0x8 bin/atmega2560/DEBUG/obj/csh_canShield.o
                0x000091f0                csh_restartCanBus
 .text.csh_getCanDLC
                0x000091f8       0x9e bin/atmega2560/DEBUG/obj/csh_canShield.o
                0x000091f8                csh_getCanDLC
 .text.csh_getFrameData
                0x00009296       0xc8 bin/atmega2560/DEBUG/obj/csh_canShield.o
                0x00009296                csh_getFrameData
 .text.csh_hwBusStateChange
                0x0000935e       0xb0 bin/atmega2560/DEBUG/obj/csh_canShield.o
                0x0000935e                csh_hwBusStateChange
 .text.csh_hwGetRestartBus
                0x0000940e        0xa bin/atmega2560/DEBUG/obj/csh_canShield.o
                0x0000940e                csh_hwGetRestartBus
 .text.csh_hwFrameReceived
                0x00009418      0x1cc bin/atmega2560/DEBUG/obj/csh_canShield.o
                0x00009418                csh_hwFrameReceived
 .text._ZN5Print5writeEPKhj
                0x000095e4       0x5e bin/atmega2560/core/core.a(Print.o)
                0x000095e4                Print::write(unsigned char const*, unsigned int)
 .text._ZN5Print5printEPKc
                0x00009642       0x98 bin/atmega2560/core/core.a(Print.o)
                0x00009642                Print::print(char const*)
 .text.__vector_23
                0x000096da       0x94 bin/atmega2560/core/core.a(wiring.o)
                0x000096da                __vector_23
 .text.millis   0x0000976e       0x18 bin/atmega2560/core/core.a(wiring.o)
                0x0000976e                millis
 .text.delay    0x00009786       0xf8 bin/atmega2560/core/core.a(wiring.o)
                0x00009786                delay
 .text.delayMicroseconds
                0x0000987e       0x16 bin/atmega2560/core/core.a(wiring.o)
                0x0000987e                delayMicroseconds
 .text.init     0x00009894       0xc4 bin/atmega2560/core/core.a(wiring.o)
                0x00009894                init
 .text.pinMode  0x00009958       0x82 bin/atmega2560/core/core.a(wiring_digital.o)
                0x00009958                pinMode
 .text.digitalWrite
                0x000099da      0x142 bin/atmega2560/core/core.a(wiring_digital.o)
                0x000099da                digitalWrite
 .text._ZN14HardwareSerial9availableEv
                0x00009b1c       0x18 bin/atmega2560/core/core.a(HardwareSerial.o)
                0x00009b1c                HardwareSerial::available()
 .text._ZN14HardwareSerial4peekEv
                0x00009b34       0x1c bin/atmega2560/core/core.a(HardwareSerial.o)
                0x00009b34                HardwareSerial::peek()
 .text._ZN14HardwareSerial4readEv
                0x00009b50       0x28 bin/atmega2560/core/core.a(HardwareSerial.o)
                0x00009b50                HardwareSerial::read()
 .text._ZN14HardwareSerial17availableForWriteEv
                0x00009b78       0x22 bin/atmega2560/core/core.a(HardwareSerial.o)
                0x00009b78                HardwareSerial::availableForWrite()
 .text._ZN14HardwareSerial5flushEv
                0x00009b9a       0x78 bin/atmega2560/core/core.a(HardwareSerial.o)
                0x00009b9a                HardwareSerial::flush()
 .text._ZN14HardwareSerial5writeEh
                0x00009c12       0xca bin/atmega2560/core/core.a(HardwareSerial.o)
                0x00009c12                HardwareSerial::write(unsigned char)
 .text._ZN14HardwareSerial17_tx_udr_empty_irqEv
                0x00009cdc       0x44 bin/atmega2560/core/core.a(HardwareSerial.o)
                0x00009cdc                HardwareSerial::_tx_udr_empty_irq()
 .text._ZN14HardwareSerial5beginEmh
                0x00009d20       0xc0 bin/atmega2560/core/core.a(HardwareSerial.o)
                0x00009d20                HardwareSerial::begin(unsigned long, unsigned char)
 .text.__vector_25
                0x00009de0       0x6c bin/atmega2560/core/core.a(HardwareSerial0.o)
                0x00009de0                __vector_25
 .text.__vector_26
                0x00009e4c       0x52 bin/atmega2560/core/core.a(HardwareSerial0.o)
                0x00009e4c                __vector_26
 .text.startup._GLOBAL__sub_I___vector_25
                0x00009e9e       0x5a bin/atmega2560/core/core.a(HardwareSerial0.o)
 .text._ZN13LiquidCrystal5writeEh
                0x00009ef8      0x140 bin/atmega2560/core/core.a(LiquidCrystal.o)
                0x00009ef8                LiquidCrystal::write(unsigned char)
 .text._ZN13LiquidCrystal4sendEhh.constprop.1
                0x0000a038      0x13a bin/atmega2560/core/core.a(LiquidCrystal.o)
 .text._ZN13LiquidCrystal5beginEhhh
                0x0000a172      0x276 bin/atmega2560/core/core.a(LiquidCrystal.o)
                0x0000a172                LiquidCrystal::begin(unsigned char, unsigned char, unsigned char)
 .text._ZN13LiquidCrystalC2Ehhhhhh
                0x0000a3e8       0x3e bin/atmega2560/core/core.a(LiquidCrystal.o)
                0x0000a3e8                LiquidCrystal::LiquidCrystal(unsigned char, unsigned char, unsigned char, unsigned char, unsigned char, unsigned char)
                0x0000a3e8                LiquidCrystal::LiquidCrystal(unsigned char, unsigned char, unsigned char, unsigned char, unsigned char, unsigned char)
 .text._ZN13LiquidCrystal9setCursorEhh
                0x0000a426       0x20 bin/atmega2560/core/core.a(LiquidCrystal.o)
                0x0000a426                LiquidCrystal::setCursor(unsigned char, unsigned char)
 .text._ZN13LiquidCrystal8noCursorEv
                0x0000a446        0xc bin/atmega2560/core/core.a(LiquidCrystal.o)
                0x0000a446                LiquidCrystal::noCursor()
 .text._ZN13LiquidCrystal7noBlinkEv
                0x0000a452        0xc bin/atmega2560/core/core.a(LiquidCrystal.o)
                0x0000a452                LiquidCrystal::noBlink()
 .text.avr-libc.fplib
                0x0000a45e        0xa c:/programfiles/arduino-1.8.19/hardware/tools/avr/bin/../lib/gcc/avr/7.3.0/../../../../avr/lib/avr6\libm.a(addsf3.o)
                0x0000a45e                __subsf3
                0x0000a460                __addsf3
 .text.avr-libc.fplib
                0x0000a468       0xc0 c:/programfiles/arduino-1.8.19/hardware/tools/avr/bin/../lib/gcc/avr/7.3.0/../../../../avr/lib/avr6\libm.a(addsf3x.o)
                0x0000a482                __addsf3x
 .text.avr-libc.fplib
                0x0000a528        0x8 c:/programfiles/arduino-1.8.19/hardware/tools/avr/bin/../lib/gcc/avr/7.3.0/../../../../avr/lib/avr6\libm.a(cmpsf2.o)
                0x0000a528                __nesf2
                0x0000a528                __eqsf2
                0x0000a528                __cmpsf2
                0x0000a528                __ltsf2
                0x0000a528                __lesf2
 .text.avr-libc.fplib
                0x0000a530        0x4 c:/programfiles/arduino-1.8.19/hardware/tools/avr/bin/../lib/gcc/avr/7.3.0/../../../../avr/lib/avr6\libm.a(divsf3.o)
                0x0000a530                __divsf3
 .text.avr-libc.fplib
                0x0000a534       0xcc c:/programfiles/arduino-1.8.19/hardware/tools/avr/bin/../lib/gcc/avr/7.3.0/../../../../avr/lib/avr6\libm.a(divsf3x.o)
                0x0000a54a                __divsf3x
                0x0000a54e                __divsf3_pse
 .text.avr-libc.fplib
                0x0000a600       0x74 c:/programfiles/arduino-1.8.19/hardware/tools/avr/bin/../lib/gcc/avr/7.3.0/../../../../avr/lib/avr6\libm.a(fixsfdi.o)
                0x0000a600                __fixsfdi
                0x0000a60a                __fixunssfdi
 .text.avr-libc.fplib
                0x0000a674        0xa c:/programfiles/arduino-1.8.19/hardware/tools/avr/bin/../lib/gcc/avr/7.3.0/../../../../avr/lib/avr6\libm.a(fixsfsi.o)
                0x0000a674                __fixsfsi
 .text.avr-libc.fplib
                0x0000a67e       0x58 c:/programfiles/arduino-1.8.19/hardware/tools/avr/bin/../lib/gcc/avr/7.3.0/../../../../avr/lib/avr6\libm.a(fixunssfsi.o)
                0x0000a67e                __fixunssfsi
 .text.avr-libc.fplib
                0x0000a6d6       0x7a c:/programfiles/arduino-1.8.19/hardware/tools/avr/bin/../lib/gcc/avr/7.3.0/../../../../avr/lib/avr6\libm.a(floatsisf.o)
                0x0000a6d6                __floatunsisf
                0x0000a6da                __floatsisf
 .text.avr-libc.fplib
                0x0000a750       0x48 c:/programfiles/arduino-1.8.19/hardware/tools/avr/bin/../lib/gcc/avr/7.3.0/../../../../avr/lib/avr6\libm.a(fp_cmp.o)
                0x0000a750                __fp_cmp
 .text.avr-libc.fplib
                0x0000a798        0xc c:/programfiles/arduino-1.8.19/hardware/tools/avr/bin/../lib/gcc/avr/7.3.0/../../../../avr/lib/avr6\libm.a(fp_inf.o)
                0x0000a798                __fp_inf
 .text.avr-libc.fplib
                0x0000a7a4        0x6 c:/programfiles/arduino-1.8.19/hardware/tools/avr/bin/../lib/gcc/avr/7.3.0/../../../../avr/lib/avr6\libm.a(fp_nan.o)
                0x0000a7a4                __fp_nan
 .text.avr-libc.fplib
                0x0000a7aa       0x20 c:/programfiles/arduino-1.8.19/hardware/tools/avr/bin/../lib/gcc/avr/7.3.0/../../../../avr/lib/avr6\libm.a(fp_negdi.o)
                0x0000a7aa                __fp_negdi
 .text.avr-libc.fplib
                0x0000a7ca        0xe c:/programfiles/arduino-1.8.19/hardware/tools/avr/bin/../lib/gcc/avr/7.3.0/../../../../avr/lib/avr6\libm.a(fp_pscA.o)
                0x0000a7ca                __fp_pscA
 .text.avr-libc.fplib
                0x0000a7d8        0xe c:/programfiles/arduino-1.8.19/hardware/tools/avr/bin/../lib/gcc/avr/7.3.0/../../../../avr/lib/avr6\libm.a(fp_pscB.o)
                0x0000a7d8                __fp_pscB
 .text.avr-libc.fplib
                0x0000a7e6       0x22 c:/programfiles/arduino-1.8.19/hardware/tools/avr/bin/../lib/gcc/avr/7.3.0/../../../../avr/lib/avr6\libm.a(fp_round.o)
                0x0000a7e6                __fp_round
 .text.avr-libc.fplib
                0x0000a808       0x44 c:/programfiles/arduino-1.8.19/hardware/tools/avr/bin/../lib/gcc/avr/7.3.0/../../../../avr/lib/avr6\libm.a(fp_split3.o)
                0x0000a808                __fp_split3
                0x0000a818                __fp_splitA
 .text.avr-libc.fplib
                0x0000a84c        0xe c:/programfiles/arduino-1.8.19/hardware/tools/avr/bin/../lib/gcc/avr/7.3.0/../../../../avr/lib/avr6\libm.a(fp_zero.o)
                0x0000a84c                __fp_zero
                0x0000a84e                __fp_szero
 .text.avr-libc.fplib
                0x0000a85a        0x8 c:/programfiles/arduino-1.8.19/hardware/tools/avr/bin/../lib/gcc/avr/7.3.0/../../../../avr/lib/avr6\libm.a(gesf2.o)
                0x0000a85a                __gesf2
                0x0000a85a                __gtsf2
 .text.avr-libc.fplib
                0x0000a862        0x4 c:/programfiles/arduino-1.8.19/hardware/tools/avr/bin/../lib/gcc/avr/7.3.0/../../../../avr/lib/avr6\libm.a(mulsf3.o)
                0x0000a862                __mulsf3
 .text.avr-libc.fplib
                0x0000a866       0xc2 c:/programfiles/arduino-1.8.19/hardware/tools/avr/bin/../lib/gcc/avr/7.3.0/../../../../avr/lib/avr6\libm.a(mulsf3x.o)
                0x0000a87a                __mulsf3x
                0x0000a87e                __mulsf3_pse
 .text.libgcc.mul
                0x0000a928       0x1e c:/programfiles/arduino-1.8.19/hardware/tools/avr/bin/../lib/gcc/avr/7.3.0/avr6\libgcc.a(_mulsi3.o)
                0x0000a928                __mulsi3
 .text.libgcc.div
                0x0000a946       0x28 c:/programfiles/arduino-1.8.19/hardware/tools/avr/bin/../lib/gcc/avr/7.3.0/avr6\libgcc.a(_udivmodhi4.o)
                0x0000a946                __udivmodhi4
 .text.libgcc.div
                0x0000a96e       0x26 c:/programfiles/arduino-1.8.19/hardware/tools/avr/bin/../lib/gcc/avr/7.3.0/avr6\libgcc.a(_divmodhi4.o)
                0x0000a96e                _div
                0x0000a96e                __divmodhi4
 .text.libgcc.div
                0x0000a994       0x44 c:/programfiles/arduino-1.8.19/hardware/tools/avr/bin/../lib/gcc/avr/7.3.0/avr6\libgcc.a(_udivmodsi4.o)
                0x0000a994                __udivmodsi4
 .text.libgcc.div
                0x0000a9d8       0x28 c:/programfiles/arduino-1.8.19/hardware/tools/avr/bin/../lib/gcc/avr/7.3.0/avr6\libgcc.a(_divmodsi4.o)
                0x0000a9d8                __divmodsi4
 .text.libgcc.div
                0x0000aa00       0x10 c:/programfiles/arduino-1.8.19/hardware/tools/avr/bin/../lib/gcc/avr/7.3.0/avr6\libgcc.a(_negsi2.o)
                0x0000aa00                __negsi2
 .text.libgcc   0x0000aa10       0x10 c:/programfiles/arduino-1.8.19/hardware/tools/avr/bin/../lib/gcc/avr/7.3.0/avr6\libgcc.a(_tablejump2.o)
                0x0000aa10                __tablejump2__
 .text.libgcc.mul
                0x0000aa20        0xc c:/programfiles/arduino-1.8.19/hardware/tools/avr/bin/../lib/gcc/avr/7.3.0/avr6\libgcc.a(_usmulhisi3.o)
                0x0000aa20                __usmulhisi3
                0x0000aa22                __usmulhisi3_tail
 .text.libgcc.mul
                0x0000aa2c       0x14 c:/programfiles/arduino-1.8.19/hardware/tools/avr/bin/../lib/gcc/avr/7.3.0/avr6\libgcc.a(_muluhisi3.o)
                0x0000aa2c                __muluhisi3
 .text.libgcc.mul
                0x0000aa40       0x1e c:/programfiles/arduino-1.8.19/hardware/tools/avr/bin/../lib/gcc/avr/7.3.0/avr6\libgcc.a(_umulhisi3.o)
                0x0000aa40                __umulhisi3
 .text.avr-libc
                0x0000aa5e       0xaa c:/programfiles/arduino-1.8.19/hardware/tools/avr/bin/../lib/gcc/avr/7.3.0/../../../../avr/lib/avr6\libc.a(rand.o)
                0x0000aaea                rand_r
                0x0000aaec                rand
                0x0000aaf2                srand
 .text.avr-libc
                0x0000ab08      0x1b0 c:/programfiles/arduino-1.8.19/hardware/tools/avr/bin/../lib/gcc/avr/7.3.0/../../../../avr/lib/avr6\libc.a(ftoa_engine.o)
                0x0000ab08                __ftoa_engine
 .text.avr-libc
                0x0000acb8       0x16 c:/programfiles/arduino-1.8.19/hardware/tools/avr/bin/../lib/gcc/avr/7.3.0/../../../../avr/lib/avr6\libc.a(strnlen_P.o)
                0x0000acb8                strnlen_P
 .text.avr-libc
                0x0000acce       0x1a c:/programfiles/arduino-1.8.19/hardware/tools/avr/bin/../lib/gcc/avr/7.3.0/../../../../avr/lib/avr6\libc.a(memcmp.o)
                0x0000acce                memcmp
 .text.avr-libc
                0x0000ace8       0x12 c:/programfiles/arduino-1.8.19/hardware/tools/avr/bin/../lib/gcc/avr/7.3.0/../../../../avr/lib/avr6\libc.a(memcpy.o)
                0x0000ace8                memcpy
 .text.avr-libc
                0x0000acfa        0xe c:/programfiles/arduino-1.8.19/hardware/tools/avr/bin/../lib/gcc/avr/7.3.0/../../../../avr/lib/avr6\libc.a(memset.o)
                0x0000acfa                memset
 .text.avr-libc
                0x0000ad08       0x16 c:/programfiles/arduino-1.8.19/hardware/tools/avr/bin/../lib/gcc/avr/7.3.0/../../../../avr/lib/avr6\libc.a(strnlen.o)
                0x0000ad08                strnlen
 .text.avr-libc
                0x0000ad1e       0x60 c:/programfiles/arduino-1.8.19/hardware/tools/avr/bin/../lib/gcc/avr/7.3.0/../../../../avr/lib/avr6\libc.a(fputc.o)
                0x0000ad1e                fputc
 .text.avr-libc
                0x0000ad7e       0x28 c:/programfiles/arduino-1.8.19/hardware/tools/avr/bin/../lib/gcc/avr/7.3.0/../../../../avr/lib/avr6\libc.a(printf.o)
                0x0000ad7e                printf
 .text.avr-libc
                0x0000ada6       0x56 c:/programfiles/arduino-1.8.19/hardware/tools/avr/bin/../lib/gcc/avr/7.3.0/../../../../avr/lib/avr6\libc.a(puts.o)
                0x0000ada6                puts
 .text.avr-libc
                0x0000adfc       0x60 c:/programfiles/arduino-1.8.19/hardware/tools/avr/bin/../lib/gcc/avr/7.3.0/../../../../avr/lib/avr6\libc.a(sprintf.o)
                0x0000adfc                sprintf
 .text.avr-libc
                0x0000ae5c       0xbc c:/programfiles/arduino-1.8.19/hardware/tools/avr/bin/../lib/gcc/avr/7.3.0/../../../../avr/lib/avr6\libc.a(ultoa_invert.o)
                0x0000ae5c                __ultoa_invert
 .text.libgcc.mul
                0x0000af18        0xc c:/programfiles/arduino-1.8.19/hardware/tools/avr/bin/../lib/gcc/avr/7.3.0/avr6\libgcc.a(_mulshisi3.o)
                0x0000af18                __mulshisi3
                0x0000af1c                __mulohisi3
                0x0000af24                . = ALIGN (0x2)
 *(.fini9)
 .fini9         0x0000af24        0x0 c:/programfiles/arduino-1.8.19/hardware/tools/avr/bin/../lib/gcc/avr/7.3.0/avr6\libgcc.a(_exit.o)
                0x0000af24                _exit
                0x0000af24                exit
 *(.fini9)
 *(.fini8)
 *(.fini8)
 *(.fini7)
 *(.fini7)
 *(.fini6)
 *(.fini6)
 *(.fini5)
 *(.fini5)
 *(.fini4)
 *(.fini4)
 *(.fini3)
 *(.fini3)
 *(.fini2)
 *(.fini2)
 *(.fini1)
 *(.fini1)
 *(.fini0)
 .fini0         0x0000af24        0x4 c:/programfiles/arduino-1.8.19/hardware/tools/avr/bin/../lib/gcc/avr/7.3.0/avr6\libgcc.a(_exit.o)
 *(.fini0)
                0x0000af28                _etext = .

.data           0x00800200      0x68c load address 0x0000af28
                0x00800200                PROVIDE (__data_start, .)
 *(.data)
 .data          0x00800200        0x4 c:/programfiles/arduino-1.8.19/hardware/tools/avr/bin/../lib/gcc/avr/7.3.0/../../../../avr/lib/avr6\libc.a(rand.o)
 *(.data*)
 .data._pActiveTask
                0x00800204        0x2 bin/atmega2560/DEBUG/obj/rtos.o
 .data._time    0x00800206        0x1 bin/atmega2560/DEBUG/obj/rtos.o
 .data._cpuLoad
                0x00800207        0x1 bin/atmega2560/DEBUG/obj/asi_arduinoSampleIntegration.o
                0x00800207                _cpuLoad
 .data.cap_canBus_PT
                0x00800208       0x2a bin/atmega2560/DEBUG/obj/cap_canApi.o
                0x00800208                cap_canBus_PT
 .data.cap_pPT_LimitsPowerDisplay_1538
                0x00800232        0x2 bin/atmega2560/DEBUG/obj/cap_canApi.o
                0x00800232                cap_pPT_LimitsPowerDisplay_1538
 .data.cap_pPT_StatusPowerDisplay_1537
                0x00800234        0x2 bin/atmega2560/DEBUG/obj/cap_canApi.o
                0x00800234                cap_pPT_StatusPowerDisplay_1537
 .data.cap_pPT_InfoPowerDisplay_1536
                0x00800236        0x2 bin/atmega2560/DEBUG/obj/cap_canApi.o
                0x00800236                cap_pPT_InfoPowerDisplay_1536
 .data._lastSentFrContents_PT_LimitsPowerDisplay_1538
                0x00800238        0x5 bin/atmega2560/DEBUG/obj/cbk_callbacks.o
 .data._lastSentFrContents_PT_StatusPowerDisplay_1537
                0x0080023d        0x8 bin/atmega2560/DEBUG/obj/cbk_callbacks.o
 .data.cntDispPwrNum_.2629
                0x00800245        0x1 bin/atmega2560/DEBUG/obj/upd_updateDisplay.o
 .data.SQC_.2423
                0x00800246        0x2 bin/atmega2560/DEBUG/obj/sim_simulateCanReception.o
 .data.maxPower.2427
                0x00800248        0x2 bin/atmega2560/DEBUG/obj/sim_simulateCanReception.o
 .data.deltaPwr.2429
                0x0080024a        0x2 bin/atmega2560/DEBUG/obj/sim_simulateCanReception.o
 .data.minPower.2426
                0x0080024c        0x2 bin/atmega2560/DEBUG/obj/sim_simulateCanReception.o
 .data.maxSpeedOfRotation.2425
                0x0080024e        0x2 bin/atmega2560/DEBUG/obj/sim_simulateCanReception.o
 .data.deltaSOR.2428
                0x00800250        0x2 bin/atmega2560/DEBUG/obj/sim_simulateCanReception.o
 .data.minSpeedOfRotation.2424
                0x00800252        0x2 bin/atmega2560/DEBUG/obj/sim_simulateCanReception.o
 .data.tiReceive_.2422
                0x00800254        0x4 bin/atmega2560/DEBUG/obj/sim_simulateCanReception.o
 .data.SQC_.2414
                0x00800258        0x2 bin/atmega2560/DEBUG/obj/sim_simulateCanReception.o
 .data.torque_.2413
                0x0080025a        0x4 bin/atmega2560/DEBUG/obj/sim_simulateCanReception.o
 .data.torqueSlope_.2412
                0x0080025e        0x4 bin/atmega2560/DEBUG/obj/sim_simulateCanReception.o
 .data.tiReceive_.2410
                0x00800262        0x4 bin/atmega2560/DEBUG/obj/sim_simulateCanReception.o
 .data.speedOfRotation_.2398
                0x00800266        0x4 bin/atmega2560/DEBUG/obj/sim_simulateCanReception.o
 .data.speedOfRotationSlope_.2397
                0x0080026a        0x4 bin/atmega2560/DEBUG/obj/sim_simulateCanReception.o
 .data.tiReceive_.2395
                0x0080026e        0x4 bin/atmega2560/DEBUG/obj/sim_simulateCanReception.o
 .data._stateCanBus
                0x00800272        0x2 bin/atmega2560/DEBUG/obj/csh_canShield.o
                0x00800272                _stateCanBus
 *(.gnu.linkonce.d*)
 *(.rodata)
 .rodata        0x00800274        0x6 bin/atmega2560/DEBUG/obj/apt_applicationTask.o
 *(.rodata*)
 .rodata.gsl_getSystemLoad.str1.1
                0x0080027a       0x3e bin/atmega2560/DEBUG/obj/gsl_systemLoad.o
 .rodata.onTimerTic.str1.1
                0x008002b8       0x34 bin/atmega2560/DEBUG/obj/rtos.o
 .rodata.invokeCallback.str1.1
                0x008002ec       0x5a bin/atmega2560/DEBUG/obj/ede_eventDispatcherEngine.o
 .rodata.ede_createSender.str1.1
                0x00800346       0x50 bin/atmega2560/DEBUG/obj/ede_eventSender.o
 .rodata.vsq_getSizeOfQueueTail.str1.1
                0x00800396       0x5b bin/atmega2560/DEBUG/obj/vsq_threadSafeQueueVariableSize.o
 .rodata.edePortDisp_readBuffer.str1.1
                0x008003f1       0x57 bin/atmega2560/DEBUG/obj/vsq_dispatcherPortInterface.o
 .rodata.task100ms.str1.1
                0x00800448       0x57 bin/atmega2560/DEBUG/obj/asi_arduinoSampleIntegration.o
 .rodata.loop.str1.1
                0x0080049f      0x16b bin/atmega2560/DEBUG/obj/asi_arduinoSampleIntegration.o
 .rodata.cde_getCanId.str1.1
                0x0080060a       0x3c bin/atmega2560/DEBUG/obj/cde_stubs.o
 .rodata.onTimeoutFrame_PT_1040.str1.1
                0x00800646       0x40 bin/atmega2560/DEBUG/obj/cbk_callbacks.o
 .rodata.chk_validateChecksum.str1.1
                0x00800686       0x43 bin/atmega2560/DEBUG/obj/chk_checksum.o
 .rodata.getMapValue.str1.1
                0x008006c9       0x4a bin/atmega2560/DEBUG/obj/apt_applicationTask.o
 .rodata.apt_taskInit.str1.1
                0x00800713       0x49 bin/atmega2560/DEBUG/obj/apt_applicationTask.o
 .rodata._ZN13dpy_display_t13printGreetingEv.str1.1
                0x0080075c       0x13 bin/atmega2560/DEBUG/obj/dpy_display.o
 .rodata._ZN13dpy_display_t15printBackgroundEv.str1.1
                0x0080076f       0x23 bin/atmega2560/DEBUG/obj/dpy_display.o
 .rodata._ZN13dpy_display_t13printTqAndPwrEii.str1.1
                0x00800792       0x41 bin/atmega2560/DEBUG/obj/dpy_display.o
 .rodata._ZTV13dpy_display_t
                0x008007d3        0xc bin/atmega2560/DEBUG/obj/dpy_display.o
                0x008007d3                vtable for dpy_display_t
 .rodata.sim_simulateCanReception.str1.1
                0x008007df       0x4d bin/atmega2560/DEBUG/obj/sim_simulateCanReception.o
 .rodata.registerCanFrame.str1.1
                0x0080082c       0x42 bin/atmega2560/DEBUG/obj/csh_canShield.o
 .rodata._ZTV14HardwareSerial
                0x0080086e       0x12 bin/atmega2560/core/core.a(HardwareSerial.o)
                0x0080086e                vtable for HardwareSerial
 .rodata._ZTV13LiquidCrystal
                0x00800880        0xc bin/atmega2560/core/core.a(LiquidCrystal.o)
                0x00800880                vtable for LiquidCrystal
 *(.gnu.linkonce.r*)
                0x0080088c                . = ALIGN (0x2)
                0x0080088c                _edata = .
                0x0080088c                PROVIDE (__data_end, .)

.bss            0x0080088c      0xb26
                0x0080088c                PROVIDE (__bss_start, .)
 *(.bss)
 *(.bss*)
 .bss._noSuspendedTasks
                0x0080088c        0x1 bin/atmega2560/DEBUG/obj/rtos.o
 .bss._pSuspendedTaskAry
                0x0080088d        0x6 bin/atmega2560/DEBUG/obj/rtos.o
 .bss._noDueTasksAry
                0x00800893        0x3 bin/atmega2560/DEBUG/obj/rtos.o
 .bss._pDueTaskAryAry
                0x00800896        0x6 bin/atmega2560/DEBUG/obj/rtos.o
 .bss._pSuspendedTask
                0x0080089c        0x2 bin/atmega2560/DEBUG/obj/rtos.o
 .bss._taskAry  0x0080089e       0x44 bin/atmega2560/DEBUG/obj/rtos.o
 .bss._ZZ11init_stdoutE8myStdout
                0x008008e2        0xe bin/atmega2560/DEBUG/obj/stdout.o
 .bss.stackTask100ms_.2747
                0x008008f0      0x100 bin/atmega2560/DEBUG/obj/asi_arduinoSampleIntegration.o
 .bss.stackTask10ms_.2742
                0x008009f0      0x100 bin/atmega2560/DEBUG/obj/asi_arduinoSampleIntegration.o
 .bss.stackTaskOnCanReceive_.2737
                0x00800af0      0x100 bin/atmega2560/DEBUG/obj/asi_arduinoSampleIntegration.o
 .bss._cnt100ms
                0x00800bf0        0x4 bin/atmega2560/DEBUG/obj/asi_arduinoSampleIntegration.o
                0x00800bf0                _cnt100ms
 .bss._cnt10ms  0x00800bf4        0x4 bin/atmega2560/DEBUG/obj/asi_arduinoSampleIntegration.o
                0x00800bf4                _cnt10ms
 .bss._cntOnCanReceive
                0x00800bf8        0x4 bin/atmega2560/DEBUG/obj/asi_arduinoSampleIntegration.o
                0x00800bf8                _cntOnCanReceive
 .bss.lastSqc_.2671
                0x00800bfc        0x1 bin/atmega2560/DEBUG/obj/cbk_callbacks.o
 .bss.lastSqc_.2682
                0x00800bfd        0x1 bin/atmega2560/DEBUG/obj/cbk_callbacks.o
 .bss.lastSqc_.2693
                0x00800bfe        0x1 bin/atmega2560/DEBUG/obj/cbk_callbacks.o
 .bss._hTimerDueCheck_PT_1538
                0x00800bff        0x2 bin/atmega2560/DEBUG/obj/cbk_callbacks.o
 .bss._hTimerDueCheck_PT_1537
                0x00800c01        0x2 bin/atmega2560/DEBUG/obj/cbk_callbacks.o
 .bss._hTimerTimeout_PT_1537
                0x00800c03        0x2 bin/atmega2560/DEBUG/obj/cbk_callbacks.o
 .bss._hTimerTimeout_PT_1040
                0x00800c05        0x2 bin/atmega2560/DEBUG/obj/cbk_callbacks.o
 .bss._hTimerTimeout_PT_1024
                0x00800c07        0x2 bin/atmega2560/DEBUG/obj/cbk_callbacks.o
 .bss.heapMemoryForCanInterface.2820
                0x00800c09      0x3e8 bin/atmega2560/DEBUG/obj/apt_applicationTask.o
 .bss._hTimerBusRecovery
                0x00800ff1        0x2 bin/atmega2560/DEBUG/obj/apt_applicationTask.o
 .bss.apt_noLostFrameEvents
                0x00800ff3        0x2 bin/atmega2560/DEBUG/obj/apt_applicationTask.o
                0x00800ff3                apt_noLostFrameEvents
 .bss.apt_noLostBusStateEvents
                0x00800ff5        0x2 bin/atmega2560/DEBUG/obj/apt_applicationTask.o
                0x00800ff5                apt_noLostBusStateEvents
 .bss.apt_hDispatcherSystem
                0x00800ff7        0x2 bin/atmega2560/DEBUG/obj/apt_applicationTask.o
                0x00800ff7                apt_hDispatcherSystem
 .bss._hOsEventSender
                0x00800ff9        0x2 bin/atmega2560/DEBUG/obj/apt_applicationTask.o
 .bss.apt_memoryPool
                0x00800ffb        0x8 bin/atmega2560/DEBUG/obj/apt_applicationTask.o
 .bss.apt_canBusOff
                0x00801003        0x1 bin/atmega2560/DEBUG/obj/apt_applicationTask.o
                0x00801003                apt_canBusOff
 .bss._ZZN13dpy_display_t15printValueAsBarEhhE10peakValue_
                0x00801004        0x1 bin/atmega2560/DEBUG/obj/dpy_display.o
 .bss._ZZN13dpy_display_t15printValueAsBarEhhE12cntPeakHold_
                0x00801005        0x1 bin/atmega2560/DEBUG/obj/dpy_display.o
 .bss.dpy_display
                0x00801006       0x18 bin/atmega2560/DEBUG/obj/dpy_display.o
                0x00801006                dpy_display
 .bss.tiLastReceive_.2411
                0x0080101e        0x4 bin/atmega2560/DEBUG/obj/sim_simulateCanReception.o
 .bss.SQC_.2399
                0x00801022        0x1 bin/atmega2560/DEBUG/obj/sim_simulateCanReception.o
 .bss.tiLastReceive_.2396
                0x00801023        0x4 bin/atmega2560/DEBUG/obj/sim_simulateCanReception.o
 .bss._isBusOff
                0x00801027        0x1 bin/atmega2560/DEBUG/obj/sim_simulateCanReception.o
 .bss._tiSim    0x00801028        0x4 bin/atmega2560/DEBUG/obj/sim_simulateCanReception.o
 .bss._tryToRestartCanBus
                0x0080102c        0x1 bin/atmega2560/DEBUG/obj/csh_canShield.o
                0x0080102c                _tryToRestartCanBus
 .bss._mtoAry   0x0080102d      0x2c0 bin/atmega2560/DEBUG/obj/csh_canShield.o
 .bss._ZL12timer0_fract
                0x008012ed        0x1 bin/atmega2560/core/core.a(wiring.o)
 .bss.timer0_millis
                0x008012ee        0x4 bin/atmega2560/core/core.a(wiring.o)
                0x008012ee                timer0_millis
 .bss.timer0_overflow_count
                0x008012f2        0x4 bin/atmega2560/core/core.a(wiring.o)
                0x008012f2                timer0_overflow_count
 .bss.Serial    0x008012f6       0x9d bin/atmega2560/core/core.a(HardwareSerial0.o)
                0x008012f6                Serial
 *(COMMON)
 COMMON         0x00801393        0x4 bin/atmega2560/DEBUG/obj/rtos.o
                0x00801393                _tmpVarAsmToC_u16
                0x00801395                _tmpVarCToAsm_u16
 COMMON         0x00801397       0x15 bin/atmega2560/DEBUG/obj/pwr_computeEnginePower.o
                0x00801397                pwr_transmissionErrAry
                0x0080139b                pwr_computeEnginePower_DW
                0x0080139f                pwr_computeEnginePower_M_
                0x008013a1                pwr_computeEnginePower_B
 COMMON         0x008013ac        0x6 c:/programfiles/arduino-1.8.19/hardware/tools/avr/bin/../lib/gcc/avr/7.3.0/../../../../avr/lib/avr6\libc.a(iob.o)
                0x008013ac                __iob
                0x008013b2                PROVIDE (__bss_end, .)
                0x0000af28                __data_load_start = LOADADDR (.data)
                0x0000b5b4                __data_load_end = (__data_load_start + SIZEOF (.data))

.noinit         0x008013b2        0x0
                [!provide]                PROVIDE (__noinit_start, .)
 *(.noinit*)
                [!provide]                PROVIDE (__noinit_end, .)
                0x008013b2                _end = .
                [!provide]                PROVIDE (__heap_start, .)

.eeprom         0x00810000        0x0
 *(.eeprom*)
                0x00810000                __eeprom_end = .

.fuse
 *(.fuse)
 *(.lfuse)
 *(.hfuse)
 *(.efuse)

.lock
 *(.lock*)

.signature
 *(.signature*)

.user_signatures
 *(.user_signatures*)

.stab
 *(.stab)

.stabstr
 *(.stabstr)

.stab.excl
 *(.stab.excl)

.stab.exclstr
 *(.stab.exclstr)

.stab.index
 *(.stab.index)

.stab.indexstr
 *(.stab.indexstr)

.comment        0x00000000       0x11
 *(.comment)
 .comment       0x00000000       0x11 c:/programfiles/arduino-1.8.19/hardware/tools/avr/bin/../lib/gcc/avr/7.3.0/../../../../avr/lib/avr6\libprintf_flt.a(vfprintf_flt.o)
                                 0x12 (size before relaxing)
 .comment       0x00000011       0x12 bin/atmega2560/DEBUG/obj/main.o
 .comment       0x00000011       0x12 bin/atmega2560/DEBUG/obj/gsl_systemLoad.o
 .comment       0x00000011       0x12 bin/atmega2560/DEBUG/obj/rtos.o
 .comment       0x00000011       0x12 bin/atmega2560/DEBUG/obj/stdout.o
 .comment       0x00000011       0x12 bin/atmega2560/DEBUG/obj/ede_eventDispatcherEngine.o
 .comment       0x00000011       0x12 bin/atmega2560/DEBUG/obj/ede_eventSender.o
 .comment       0x00000011       0x12 bin/atmega2560/DEBUG/obj/mem_malloc.o
 .comment       0x00000011       0x12 bin/atmega2560/DEBUG/obj/vsq_threadSafeQueueVariableSize.o
 .comment       0x00000011       0x12 bin/atmega2560/DEBUG/obj/vsq_dispatcherPortInterface.o
 .comment       0x00000011       0x12 bin/atmega2560/DEBUG/obj/asi_arduinoSampleIntegration.o
 .comment       0x00000011       0x12 bin/atmega2560/DEBUG/obj/cde_stubs.o
 .comment       0x00000011       0x12 bin/atmega2560/DEBUG/obj/cap_canApi.o
 .comment       0x00000011       0x12 bin/atmega2560/DEBUG/obj/cbk_callbacks.o
 .comment       0x00000011       0x12 bin/atmega2560/DEBUG/obj/chk_checksum.o
 .comment       0x00000011       0x12 bin/atmega2560/DEBUG/obj/apt_applicationTask.o
 .comment       0x00000011       0x12 bin/atmega2560/DEBUG/obj/upd_updateDisplay.o
 .comment       0x00000011       0x12 bin/atmega2560/DEBUG/obj/dpy_display.o
 .comment       0x00000011       0x12 bin/atmega2560/DEBUG/obj/pwr_computeEnginePower.o
 .comment       0x00000011       0x12 bin/atmega2560/DEBUG/obj/sim_simulateCanReception.o
 .comment       0x00000011       0x12 bin/atmega2560/DEBUG/obj/csh_canShield.o
 .comment       0x00000011       0x12 bin/atmega2560/core/core.a(Print.o)
 .comment       0x00000011       0x12 bin/atmega2560/core/core.a(wiring.o)
 .comment       0x00000011       0x12 bin/atmega2560/core/core.a(wiring_digital.o)
 .comment       0x00000011       0x12 bin/atmega2560/core/core.a(HardwareSerial.o)
 .comment       0x00000011       0x12 bin/atmega2560/core/core.a(HardwareSerial0.o)
 .comment       0x00000011       0x12 bin/atmega2560/core/core.a(LiquidCrystal.o)
 .comment       0x00000011       0x12 c:/programfiles/arduino-1.8.19/hardware/tools/avr/bin/../lib/gcc/avr/7.3.0/../../../../avr/lib/avr6\libc.a(rand.o)
 .comment       0x00000011       0x12 c:/programfiles/arduino-1.8.19/hardware/tools/avr/bin/../lib/gcc/avr/7.3.0/../../../../avr/lib/avr6\libc.a(fputc.o)
 .comment       0x00000011       0x12 c:/programfiles/arduino-1.8.19/hardware/tools/avr/bin/../lib/gcc/avr/7.3.0/../../../../avr/lib/avr6\libc.a(iob.o)
 .comment       0x00000011       0x12 c:/programfiles/arduino-1.8.19/hardware/tools/avr/bin/../lib/gcc/avr/7.3.0/../../../../avr/lib/avr6\libc.a(printf.o)
 .comment       0x00000011       0x12 c:/programfiles/arduino-1.8.19/hardware/tools/avr/bin/../lib/gcc/avr/7.3.0/../../../../avr/lib/avr6\libc.a(puts.o)
 .comment       0x00000011       0x12 c:/programfiles/arduino-1.8.19/hardware/tools/avr/bin/../lib/gcc/avr/7.3.0/../../../../avr/lib/avr6\libc.a(sprintf.o)

.note.gnu.avr.deviceinfo
                0x00000000       0x40
 .note.gnu.avr.deviceinfo
                0x00000000       0x40 c:/programfiles/arduino-1.8.19/hardware/tools/avr/bin/../lib/gcc/avr/7.3.0/../../../../avr/lib/avr6/crtatmega2560.o

.note.gnu.build-id
 *(.note.gnu.build-id)

.debug
 *(.debug)

.line
 *(.line)

.debug_srcinfo
 *(.debug_srcinfo)

.debug_sfnames
 *(.debug_sfnames)

.debug_aranges  0x00000000      0xb98
 *(.debug_aranges)
 .debug_aranges
                0x00000000       0x28 bin/atmega2560/DEBUG/obj/main.o
 .debug_aranges
                0x00000028       0x20 bin/atmega2560/DEBUG/obj/gsl_systemLoad.o
 .debug_aranges
                0x00000048       0x70 bin/atmega2560/DEBUG/obj/rtos.o
 .debug_aranges
                0x000000b8       0x30 bin/atmega2560/DEBUG/obj/stdout.o
 .debug_aranges
                0x000000e8       0xc0 bin/atmega2560/DEBUG/obj/ede_eventDispatcherEngine.o
 .debug_aranges
                0x000001a8       0x38 bin/atmega2560/DEBUG/obj/ede_eventSender.o
 .debug_aranges
                0x000001e0       0x38 bin/atmega2560/DEBUG/obj/mem_malloc.o
 .debug_aranges
                0x00000218       0x88 bin/atmega2560/DEBUG/obj/vsq_threadSafeQueueVariableSize.o
 .debug_aranges
                0x000002a0       0x60 bin/atmega2560/DEBUG/obj/vsq_dispatcherPortInterface.o
 .debug_aranges
                0x00000300       0x40 bin/atmega2560/DEBUG/obj/asi_arduinoSampleIntegration.o
 .debug_aranges
                0x00000340       0x20 bin/atmega2560/DEBUG/obj/cde_stubs.o
 .debug_aranges
                0x00000360       0x48 bin/atmega2560/DEBUG/obj/cap_canApi.o
 .debug_aranges
                0x000003a8       0x98 bin/atmega2560/DEBUG/obj/cbk_callbacks.o
 .debug_aranges
                0x00000440       0x38 bin/atmega2560/DEBUG/obj/chk_checksum.o
 .debug_aranges
                0x00000478       0x68 bin/atmega2560/DEBUG/obj/apt_applicationTask.o
 .debug_aranges
                0x000004e0       0x20 bin/atmega2560/DEBUG/obj/upd_updateDisplay.o
 .debug_aranges
                0x00000500       0x88 bin/atmega2560/DEBUG/obj/dpy_display.o
 .debug_aranges
                0x00000588       0x58 bin/atmega2560/DEBUG/obj/pwr_computeEnginePower.o
 .debug_aranges
                0x000005e0       0x20 bin/atmega2560/DEBUG/obj/sim_simulateCanReception.o
 .debug_aranges
                0x00000600       0x90 bin/atmega2560/DEBUG/obj/csh_canShield.o
 .debug_aranges
                0x00000690      0x100 bin/atmega2560/core/core.a(Print.o)
 .debug_aranges
                0x00000790       0x48 bin/atmega2560/core/core.a(wiring.o)
 .debug_aranges
                0x000007d8       0x30 bin/atmega2560/core/core.a(wiring_digital.o)
 .debug_aranges
                0x00000808       0x68 bin/atmega2560/core/core.a(HardwareSerial.o)
 .debug_aranges
                0x00000870       0x38 bin/atmega2560/core/core.a(HardwareSerial0.o)
 .debug_aranges
                0x000008a8      0x110 bin/atmega2560/core/core.a(LiquidCrystal.o)
 .debug_aranges
                0x000009b8       0x20 c:/programfiles/arduino-1.8.19/hardware/tools/avr/bin/../lib/gcc/avr/7.3.0/avr6\libgcc.a(_mulsi3.o)
 .debug_aranges
                0x000009d8       0x20 c:/programfiles/arduino-1.8.19/hardware/tools/avr/bin/../lib/gcc/avr/7.3.0/avr6\libgcc.a(_udivmodhi4.o)
 .debug_aranges
                0x000009f8       0x20 c:/programfiles/arduino-1.8.19/hardware/tools/avr/bin/../lib/gcc/avr/7.3.0/avr6\libgcc.a(_divmodhi4.o)
 .debug_aranges
                0x00000a18       0x20 c:/programfiles/arduino-1.8.19/hardware/tools/avr/bin/../lib/gcc/avr/7.3.0/avr6\libgcc.a(_udivmodsi4.o)
 .debug_aranges
                0x00000a38       0x20 c:/programfiles/arduino-1.8.19/hardware/tools/avr/bin/../lib/gcc/avr/7.3.0/avr6\libgcc.a(_divmodsi4.o)
 .debug_aranges
                0x00000a58       0x20 c:/programfiles/arduino-1.8.19/hardware/tools/avr/bin/../lib/gcc/avr/7.3.0/avr6\libgcc.a(_negsi2.o)
 .debug_aranges
                0x00000a78       0x20 c:/programfiles/arduino-1.8.19/hardware/tools/avr/bin/../lib/gcc/avr/7.3.0/avr6\libgcc.a(_exit.o)
 .debug_aranges
                0x00000a98       0x20 c:/programfiles/arduino-1.8.19/hardware/tools/avr/bin/../lib/gcc/avr/7.3.0/avr6\libgcc.a(_tablejump2.o)
 .debug_aranges
                0x00000ab8       0x20 c:/programfiles/arduino-1.8.19/hardware/tools/avr/bin/../lib/gcc/avr/7.3.0/avr6\libgcc.a(_copy_data.o)
 .debug_aranges
                0x00000ad8       0x20 c:/programfiles/arduino-1.8.19/hardware/tools/avr/bin/../lib/gcc/avr/7.3.0/avr6\libgcc.a(_clear_bss.o)
 .debug_aranges
                0x00000af8       0x20 c:/programfiles/arduino-1.8.19/hardware/tools/avr/bin/../lib/gcc/avr/7.3.0/avr6\libgcc.a(_ctors.o)
 .debug_aranges
                0x00000b18       0x20 c:/programfiles/arduino-1.8.19/hardware/tools/avr/bin/../lib/gcc/avr/7.3.0/avr6\libgcc.a(_usmulhisi3.o)
 .debug_aranges
                0x00000b38       0x20 c:/programfiles/arduino-1.8.19/hardware/tools/avr/bin/../lib/gcc/avr/7.3.0/avr6\libgcc.a(_muluhisi3.o)
 .debug_aranges
                0x00000b58       0x20 c:/programfiles/arduino-1.8.19/hardware/tools/avr/bin/../lib/gcc/avr/7.3.0/avr6\libgcc.a(_umulhisi3.o)
 .debug_aranges
                0x00000b78       0x20 c:/programfiles/arduino-1.8.19/hardware/tools/avr/bin/../lib/gcc/avr/7.3.0/avr6\libgcc.a(_mulshisi3.o)

.debug_pubnames
 *(.debug_pubnames)

.debug_info     0x00000000    0x1e382
 *(.debug_info .gnu.linkonce.wi.*)
 .debug_info    0x00000000      0xbbc c:/programfiles/arduino-1.8.19/hardware/tools/avr/bin/../lib/gcc/avr/7.3.0/../../../../avr/lib/avr6/crtatmega2560.o
 .debug_info    0x00000bbc      0x2bf bin/atmega2560/DEBUG/obj/main.o
 .debug_info    0x00000e7b      0x3f0 bin/atmega2560/DEBUG/obj/gsl_systemLoad.o
 .debug_info    0x0000126b      0xda2 bin/atmega2560/DEBUG/obj/rtos.o
 .debug_info    0x0000200d      0x623 bin/atmega2560/DEBUG/obj/stdout.o
 .debug_info    0x00002630     0x1afc bin/atmega2560/DEBUG/obj/ede_eventDispatcherEngine.o
 .debug_info    0x0000412c      0x988 bin/atmega2560/DEBUG/obj/ede_eventSender.o
 .debug_info    0x00004ab4      0x67a bin/atmega2560/DEBUG/obj/mem_malloc.o
 .debug_info    0x0000512e     0x1726 bin/atmega2560/DEBUG/obj/vsq_threadSafeQueueVariableSize.o
 .debug_info    0x00006854      0xba5 bin/atmega2560/DEBUG/obj/vsq_dispatcherPortInterface.o
 .debug_info    0x000073f9      0xe24 bin/atmega2560/DEBUG/obj/asi_arduinoSampleIntegration.o
 .debug_info    0x0000821d      0x43e bin/atmega2560/DEBUG/obj/cde_stubs.o
 .debug_info    0x0000865b      0x9fa bin/atmega2560/DEBUG/obj/cap_canApi.o
 .debug_info    0x00009055     0x1c5c bin/atmega2560/DEBUG/obj/cbk_callbacks.o
 .debug_info    0x0000acb1      0x5b4 bin/atmega2560/DEBUG/obj/chk_checksum.o
 .debug_info    0x0000b265     0x180a bin/atmega2560/DEBUG/obj/apt_applicationTask.o
 .debug_info    0x0000ca6f      0xa3b bin/atmega2560/DEBUG/obj/upd_updateDisplay.o
 .debug_info    0x0000d4aa     0x103b bin/atmega2560/DEBUG/obj/dpy_display.o
 .debug_info    0x0000e4e5      0xd09 bin/atmega2560/DEBUG/obj/pwr_computeEnginePower.o
 .debug_info    0x0000f1ee      0x8ce bin/atmega2560/DEBUG/obj/sim_simulateCanReception.o
 .debug_info    0x0000fabc      0xb7f bin/atmega2560/DEBUG/obj/csh_canShield.o
 .debug_info    0x0001063b     0x5500 bin/atmega2560/core/core.a(Print.o)
 .debug_info    0x00015b3b      0x5c8 bin/atmega2560/core/core.a(wiring.o)
 .debug_info    0x00016103      0x80d bin/atmega2560/core/core.a(wiring_digital.o)
 .debug_info    0x00016910     0x22a5 bin/atmega2560/core/core.a(HardwareSerial.o)
 .debug_info    0x00018bb5     0x1d30 bin/atmega2560/core/core.a(HardwareSerial0.o)
 .debug_info    0x0001a8e5     0x2fa8 bin/atmega2560/core/core.a(LiquidCrystal.o)
 .debug_info    0x0001d88d       0xbb c:/programfiles/arduino-1.8.19/hardware/tools/avr/bin/../lib/gcc/avr/7.3.0/avr6\libgcc.a(_mulsi3.o)
 .debug_info    0x0001d948       0xbb c:/programfiles/arduino-1.8.19/hardware/tools/avr/bin/../lib/gcc/avr/7.3.0/avr6\libgcc.a(_udivmodhi4.o)
 .debug_info    0x0001da03       0xbb c:/programfiles/arduino-1.8.19/hardware/tools/avr/bin/../lib/gcc/avr/7.3.0/avr6\libgcc.a(_divmodhi4.o)
 .debug_info    0x0001dabe       0xbb c:/programfiles/arduino-1.8.19/hardware/tools/avr/bin/../lib/gcc/avr/7.3.0/avr6\libgcc.a(_udivmodsi4.o)
 .debug_info    0x0001db79       0xbb c:/programfiles/arduino-1.8.19/hardware/tools/avr/bin/../lib/gcc/avr/7.3.0/avr6\libgcc.a(_divmodsi4.o)
 .debug_info    0x0001dc34       0xbb c:/programfiles/arduino-1.8.19/hardware/tools/avr/bin/../lib/gcc/avr/7.3.0/avr6\libgcc.a(_negsi2.o)
 .debug_info    0x0001dcef       0xbb c:/programfiles/arduino-1.8.19/hardware/tools/avr/bin/../lib/gcc/avr/7.3.0/avr6\libgcc.a(_exit.o)
 .debug_info    0x0001ddaa       0xbb c:/programfiles/arduino-1.8.19/hardware/tools/avr/bin/../lib/gcc/avr/7.3.0/avr6\libgcc.a(_tablejump2.o)
 .debug_info    0x0001de65       0xbb c:/programfiles/arduino-1.8.19/hardware/tools/avr/bin/../lib/gcc/avr/7.3.0/avr6\libgcc.a(_copy_data.o)
 .debug_info    0x0001df20       0xbb c:/programfiles/arduino-1.8.19/hardware/tools/avr/bin/../lib/gcc/avr/7.3.0/avr6\libgcc.a(_clear_bss.o)
 .debug_info    0x0001dfdb       0xbb c:/programfiles/arduino-1.8.19/hardware/tools/avr/bin/../lib/gcc/avr/7.3.0/avr6\libgcc.a(_ctors.o)
 .debug_info    0x0001e096       0xbb c:/programfiles/arduino-1.8.19/hardware/tools/avr/bin/../lib/gcc/avr/7.3.0/avr6\libgcc.a(_usmulhisi3.o)
 .debug_info    0x0001e151       0xbb c:/programfiles/arduino-1.8.19/hardware/tools/avr/bin/../lib/gcc/avr/7.3.0/avr6\libgcc.a(_muluhisi3.o)
 .debug_info    0x0001e20c       0xbb c:/programfiles/arduino-1.8.19/hardware/tools/avr/bin/../lib/gcc/avr/7.3.0/avr6\libgcc.a(_umulhisi3.o)
 .debug_info    0x0001e2c7       0xbb c:/programfiles/arduino-1.8.19/hardware/tools/avr/bin/../lib/gcc/avr/7.3.0/avr6\libgcc.a(_mulshisi3.o)

.debug_abbrev   0x00000000     0x59ba
 *(.debug_abbrev)
 .debug_abbrev  0x00000000      0xb1a c:/programfiles/arduino-1.8.19/hardware/tools/avr/bin/../lib/gcc/avr/7.3.0/../../../../avr/lib/avr6/crtatmega2560.o
 .debug_abbrev  0x00000b1a       0xfd bin/atmega2560/DEBUG/obj/main.o
 .debug_abbrev  0x00000c17      0x192 bin/atmega2560/DEBUG/obj/gsl_systemLoad.o
 .debug_abbrev  0x00000da9      0x386 bin/atmega2560/DEBUG/obj/rtos.o
 .debug_abbrev  0x0000112f      0x2df bin/atmega2560/DEBUG/obj/stdout.o
 .debug_abbrev  0x0000140e      0x3a7 bin/atmega2560/DEBUG/obj/ede_eventDispatcherEngine.o
 .debug_abbrev  0x000017b5      0x2ae bin/atmega2560/DEBUG/obj/ede_eventSender.o
 .debug_abbrev  0x00001a63      0x1ea bin/atmega2560/DEBUG/obj/mem_malloc.o
 .debug_abbrev  0x00001c4d      0x394 bin/atmega2560/DEBUG/obj/vsq_threadSafeQueueVariableSize.o
 .debug_abbrev  0x00001fe1      0x334 bin/atmega2560/DEBUG/obj/vsq_dispatcherPortInterface.o
 .debug_abbrev  0x00002315      0x2a8 bin/atmega2560/DEBUG/obj/asi_arduinoSampleIntegration.o
 .debug_abbrev  0x000025bd      0x208 bin/atmega2560/DEBUG/obj/cde_stubs.o
 .debug_abbrev  0x000027c5      0x188 bin/atmega2560/DEBUG/obj/cap_canApi.o
 .debug_abbrev  0x0000294d      0x2ec bin/atmega2560/DEBUG/obj/cbk_callbacks.o
 .debug_abbrev  0x00002c39      0x20b bin/atmega2560/DEBUG/obj/chk_checksum.o
 .debug_abbrev  0x00002e44      0x34e bin/atmega2560/DEBUG/obj/apt_applicationTask.o
 .debug_abbrev  0x00003192      0x1b0 bin/atmega2560/DEBUG/obj/upd_updateDisplay.o
 .debug_abbrev  0x00003342      0x46c bin/atmega2560/DEBUG/obj/dpy_display.o
 .debug_abbrev  0x000037ae      0x1fb bin/atmega2560/DEBUG/obj/pwr_computeEnginePower.o
 .debug_abbrev  0x000039a9      0x2a7 bin/atmega2560/DEBUG/obj/sim_simulateCanReception.o
 .debug_abbrev  0x00003c50      0x33b bin/atmega2560/DEBUG/obj/csh_canShield.o
 .debug_abbrev  0x00003f8b      0x55e bin/atmega2560/core/core.a(Print.o)
 .debug_abbrev  0x000044e9      0x2a3 bin/atmega2560/core/core.a(wiring.o)
 .debug_abbrev  0x0000478c      0x26b bin/atmega2560/core/core.a(wiring_digital.o)
 .debug_abbrev  0x000049f7      0x537 bin/atmega2560/core/core.a(HardwareSerial.o)
 .debug_abbrev  0x00004f2e      0x44e bin/atmega2560/core/core.a(HardwareSerial0.o)
 .debug_abbrev  0x0000537c      0x512 bin/atmega2560/core/core.a(LiquidCrystal.o)
 .debug_abbrev  0x0000588e       0x14 c:/programfiles/arduino-1.8.19/hardware/tools/avr/bin/../lib/gcc/avr/7.3.0/avr6\libgcc.a(_mulsi3.o)
 .debug_abbrev  0x000058a2       0x14 c:/programfiles/arduino-1.8.19/hardware/tools/avr/bin/../lib/gcc/avr/7.3.0/avr6\libgcc.a(_udivmodhi4.o)
 .debug_abbrev  0x000058b6       0x14 c:/programfiles/arduino-1.8.19/hardware/tools/avr/bin/../lib/gcc/avr/7.3.0/avr6\libgcc.a(_divmodhi4.o)
 .debug_abbrev  0x000058ca       0x14 c:/programfiles/arduino-1.8.19/hardware/tools/avr/bin/../lib/gcc/avr/7.3.0/avr6\libgcc.a(_udivmodsi4.o)
 .debug_abbrev  0x000058de       0x14 c:/programfiles/arduino-1.8.19/hardware/tools/avr/bin/../lib/gcc/avr/7.3.0/avr6\libgcc.a(_divmodsi4.o)
 .debug_abbrev  0x000058f2       0x14 c:/programfiles/arduino-1.8.19/hardware/tools/avr/bin/../lib/gcc/avr/7.3.0/avr6\libgcc.a(_negsi2.o)
 .debug_abbrev  0x00005906       0x14 c:/programfiles/arduino-1.8.19/hardware/tools/avr/bin/../lib/gcc/avr/7.3.0/avr6\libgcc.a(_exit.o)
 .debug_abbrev  0x0000591a       0x14 c:/programfiles/arduino-1.8.19/hardware/tools/avr/bin/../lib/gcc/avr/7.3.0/avr6\libgcc.a(_tablejump2.o)
 .debug_abbrev  0x0000592e       0x14 c:/programfiles/arduino-1.8.19/hardware/tools/avr/bin/../lib/gcc/avr/7.3.0/avr6\libgcc.a(_copy_data.o)
 .debug_abbrev  0x00005942       0x14 c:/programfiles/arduino-1.8.19/hardware/tools/avr/bin/../lib/gcc/avr/7.3.0/avr6\libgcc.a(_clear_bss.o)
 .debug_abbrev  0x00005956       0x14 c:/programfiles/arduino-1.8.19/hardware/tools/avr/bin/../lib/gcc/avr/7.3.0/avr6\libgcc.a(_ctors.o)
 .debug_abbrev  0x0000596a       0x14 c:/programfiles/arduino-1.8.19/hardware/tools/avr/bin/../lib/gcc/avr/7.3.0/avr6\libgcc.a(_usmulhisi3.o)
 .debug_abbrev  0x0000597e       0x14 c:/programfiles/arduino-1.8.19/hardware/tools/avr/bin/../lib/gcc/avr/7.3.0/avr6\libgcc.a(_muluhisi3.o)
 .debug_abbrev  0x00005992       0x14 c:/programfiles/arduino-1.8.19/hardware/tools/avr/bin/../lib/gcc/avr/7.3.0/avr6\libgcc.a(_umulhisi3.o)
 .debug_abbrev  0x000059a6       0x14 c:/programfiles/arduino-1.8.19/hardware/tools/avr/bin/../lib/gcc/avr/7.3.0/avr6\libgcc.a(_mulshisi3.o)

.debug_line     0x00000000     0xcca7
 *(.debug_line .debug_line.* .debug_line_end)
 .debug_line    0x00000000       0x1a c:/programfiles/arduino-1.8.19/hardware/tools/avr/bin/../lib/gcc/avr/7.3.0/../../../../avr/lib/avr6/crtatmega2560.o
 .debug_line    0x0000001a      0x2fb bin/atmega2560/DEBUG/obj/main.o
 .debug_line    0x00000315      0x37a bin/atmega2560/DEBUG/obj/gsl_systemLoad.o
 .debug_line    0x0000068f      0x960 bin/atmega2560/DEBUG/obj/rtos.o
 .debug_line    0x00000fef      0x43e bin/atmega2560/DEBUG/obj/stdout.o
 .debug_line    0x0000142d      0xfef bin/atmega2560/DEBUG/obj/ede_eventDispatcherEngine.o
 .debug_line    0x0000241c      0x5ea bin/atmega2560/DEBUG/obj/ede_eventSender.o
 .debug_line    0x00002a06      0x4d0 bin/atmega2560/DEBUG/obj/mem_malloc.o
 .debug_line    0x00002ed6      0xc00 bin/atmega2560/DEBUG/obj/vsq_threadSafeQueueVariableSize.o
 .debug_line    0x00003ad6      0x59a bin/atmega2560/DEBUG/obj/vsq_dispatcherPortInterface.o
 .debug_line    0x00004070      0x7a2 bin/atmega2560/DEBUG/obj/asi_arduinoSampleIntegration.o
 .debug_line    0x00004812      0x440 bin/atmega2560/DEBUG/obj/cde_stubs.o
 .debug_line    0x00004c52      0x4e6 bin/atmega2560/DEBUG/obj/cap_canApi.o
 .debug_line    0x00005138      0xc78 bin/atmega2560/DEBUG/obj/cbk_callbacks.o
 .debug_line    0x00005db0      0x4bf bin/atmega2560/DEBUG/obj/chk_checksum.o
 .debug_line    0x0000626f      0xafe bin/atmega2560/DEBUG/obj/apt_applicationTask.o
 .debug_line    0x00006d6d      0x629 bin/atmega2560/DEBUG/obj/upd_updateDisplay.o
 .debug_line    0x00007396      0x7bb bin/atmega2560/DEBUG/obj/dpy_display.o
 .debug_line    0x00007b51      0x94d bin/atmega2560/DEBUG/obj/pwr_computeEnginePower.o
 .debug_line    0x0000849e      0x613 bin/atmega2560/DEBUG/obj/sim_simulateCanReception.o
 .debug_line    0x00008ab1      0x83e bin/atmega2560/DEBUG/obj/csh_canShield.o
 .debug_line    0x000092ef     0x12c1 bin/atmega2560/core/core.a(Print.o)
 .debug_line    0x0000a5b0      0x3fe bin/atmega2560/core/core.a(wiring.o)
 .debug_line    0x0000a9ae      0x3cf bin/atmega2560/core/core.a(wiring_digital.o)
 .debug_line    0x0000ad7d      0x5e0 bin/atmega2560/core/core.a(HardwareSerial.o)
 .debug_line    0x0000b35d      0x292 bin/atmega2560/core/core.a(HardwareSerial0.o)
 .debug_line    0x0000b5ef      0xd28 bin/atmega2560/core/core.a(LiquidCrystal.o)
 .debug_line    0x0000c317       0xb0 c:/programfiles/arduino-1.8.19/hardware/tools/avr/bin/../lib/gcc/avr/7.3.0/avr6\libgcc.a(_mulsi3.o)
 .debug_line    0x0000c3c7       0xce c:/programfiles/arduino-1.8.19/hardware/tools/avr/bin/../lib/gcc/avr/7.3.0/avr6\libgcc.a(_udivmodhi4.o)
 .debug_line    0x0000c495       0xc8 c:/programfiles/arduino-1.8.19/hardware/tools/avr/bin/../lib/gcc/avr/7.3.0/avr6\libgcc.a(_divmodhi4.o)
 .debug_line    0x0000c55d      0x122 c:/programfiles/arduino-1.8.19/hardware/tools/avr/bin/../lib/gcc/avr/7.3.0/avr6\libgcc.a(_udivmodsi4.o)
 .debug_line    0x0000c67f       0xce c:/programfiles/arduino-1.8.19/hardware/tools/avr/bin/../lib/gcc/avr/7.3.0/avr6\libgcc.a(_divmodsi4.o)
 .debug_line    0x0000c74d       0x62 c:/programfiles/arduino-1.8.19/hardware/tools/avr/bin/../lib/gcc/avr/7.3.0/avr6\libgcc.a(_negsi2.o)
 .debug_line    0x0000c7af       0x62 c:/programfiles/arduino-1.8.19/hardware/tools/avr/bin/../lib/gcc/avr/7.3.0/avr6\libgcc.a(_exit.o)
 .debug_line    0x0000c811       0x86 c:/programfiles/arduino-1.8.19/hardware/tools/avr/bin/../lib/gcc/avr/7.3.0/avr6\libgcc.a(_tablejump2.o)
 .debug_line    0x0000c897       0xa4 c:/programfiles/arduino-1.8.19/hardware/tools/avr/bin/../lib/gcc/avr/7.3.0/avr6\libgcc.a(_copy_data.o)
 .debug_line    0x0000c93b       0x86 c:/programfiles/arduino-1.8.19/hardware/tools/avr/bin/../lib/gcc/avr/7.3.0/avr6\libgcc.a(_clear_bss.o)
 .debug_line    0x0000c9c1       0xb0 c:/programfiles/arduino-1.8.19/hardware/tools/avr/bin/../lib/gcc/avr/7.3.0/avr6\libgcc.a(_ctors.o)
 .debug_line    0x0000ca71       0x7a c:/programfiles/arduino-1.8.19/hardware/tools/avr/bin/../lib/gcc/avr/7.3.0/avr6\libgcc.a(_usmulhisi3.o)
 .debug_line    0x0000caeb       0x92 c:/programfiles/arduino-1.8.19/hardware/tools/avr/bin/../lib/gcc/avr/7.3.0/avr6\libgcc.a(_muluhisi3.o)
 .debug_line    0x0000cb7d       0xb0 c:/programfiles/arduino-1.8.19/hardware/tools/avr/bin/../lib/gcc/avr/7.3.0/avr6\libgcc.a(_umulhisi3.o)
 .debug_line    0x0000cc2d       0x7a c:/programfiles/arduino-1.8.19/hardware/tools/avr/bin/../lib/gcc/avr/7.3.0/avr6\libgcc.a(_mulshisi3.o)

.debug_frame    0x00000000     0x2eec
 *(.debug_frame)
 .debug_frame   0x00000000       0x34 bin/atmega2560/DEBUG/obj/main.o
 .debug_frame   0x00000034       0x84 bin/atmega2560/DEBUG/obj/gsl_systemLoad.o
 .debug_frame   0x000000b8      0x198 bin/atmega2560/DEBUG/obj/rtos.o
 .debug_frame   0x00000250       0x64 bin/atmega2560/DEBUG/obj/stdout.o
 .debug_frame   0x000002b4      0x530 bin/atmega2560/DEBUG/obj/ede_eventDispatcherEngine.o
 .debug_frame   0x000007e4      0x170 bin/atmega2560/DEBUG/obj/ede_eventSender.o
 .debug_frame   0x00000954       0xa4 bin/atmega2560/DEBUG/obj/mem_malloc.o
 .debug_frame   0x000009f8      0x324 bin/atmega2560/DEBUG/obj/vsq_threadSafeQueueVariableSize.o
 .debug_frame   0x00000d1c      0x1e0 bin/atmega2560/DEBUG/obj/vsq_dispatcherPortInterface.o
 .debug_frame   0x00000efc      0x1a8 bin/atmega2560/DEBUG/obj/asi_arduinoSampleIntegration.o
 .debug_frame   0x000010a4       0x44 bin/atmega2560/DEBUG/obj/cde_stubs.o
 .debug_frame   0x000010e8       0x8c bin/atmega2560/DEBUG/obj/cap_canApi.o
 .debug_frame   0x00001174      0x314 bin/atmega2560/DEBUG/obj/cbk_callbacks.o
 .debug_frame   0x00001488       0xb8 bin/atmega2560/DEBUG/obj/chk_checksum.o
 .debug_frame   0x00001540      0x200 bin/atmega2560/DEBUG/obj/apt_applicationTask.o
 .debug_frame   0x00001740       0x44 bin/atmega2560/DEBUG/obj/upd_updateDisplay.o
 .debug_frame   0x00001784      0x214 bin/atmega2560/DEBUG/obj/dpy_display.o
 .debug_frame   0x00001998      0x214 bin/atmega2560/DEBUG/obj/pwr_computeEnginePower.o
 .debug_frame   0x00001bac       0x68 bin/atmega2560/DEBUG/obj/sim_simulateCanReception.o
 .debug_frame   0x00001c14      0x350 bin/atmega2560/DEBUG/obj/csh_canShield.o
 .debug_frame   0x00001f64      0x7f0 bin/atmega2560/core/core.a(Print.o)
 .debug_frame   0x00002754       0xd4 bin/atmega2560/core/core.a(wiring.o)
 .debug_frame   0x00002828       0x50 bin/atmega2560/core/core.a(wiring_digital.o)
 .debug_frame   0x00002878       0xf8 bin/atmega2560/core/core.a(HardwareSerial.o)
 .debug_frame   0x00002970       0xd4 bin/atmega2560/core/core.a(HardwareSerial0.o)
 .debug_frame   0x00002a44      0x4a8 bin/atmega2560/core/core.a(LiquidCrystal.o)

.debug_str      0x00000000    0x19311
 *(.debug_str)
 .debug_str     0x00000000      0x3e6 c:/programfiles/arduino-1.8.19/hardware/tools/avr/bin/../lib/gcc/avr/7.3.0/../../../../avr/lib/avr6/crtatmega2560.o
 .debug_str     0x000003e6     0xeda2 bin/atmega2560/DEBUG/obj/main.o
                               0xeeef (size before relaxing)
 .debug_str     0x0000f188      0x658 bin/atmega2560/DEBUG/obj/gsl_systemLoad.o
                               0xec9d (size before relaxing)
 .debug_str     0x0000f7e0      0xc5d bin/atmega2560/DEBUG/obj/rtos.o
                              0x10147 (size before relaxing)
 .debug_str     0x0001043d      0xea1 bin/atmega2560/DEBUG/obj/stdout.o
                               0xf6ea (size before relaxing)
 .debug_str     0x000112de     0x1183 bin/atmega2560/DEBUG/obj/ede_eventDispatcherEngine.o
                               0xff16 (size before relaxing)
 .debug_str     0x00012461      0x1f3 bin/atmega2560/DEBUG/obj/ede_eventSender.o
                               0xf90f (size before relaxing)
 .debug_str     0x00012654      0x376 bin/atmega2560/DEBUG/obj/mem_malloc.o
                               0xf4dd (size before relaxing)
 .debug_str     0x000129ca      0x70a bin/atmega2560/DEBUG/obj/vsq_threadSafeQueueVariableSize.o
                               0xf9e2 (size before relaxing)
 .debug_str     0x000130d4      0x1f8 bin/atmega2560/DEBUG/obj/vsq_dispatcherPortInterface.o
                               0xf652 (size before relaxing)
 .debug_str     0x000132cc     0x1f26 bin/atmega2560/DEBUG/obj/asi_arduinoSampleIntegration.o
                              0x11ec7 (size before relaxing)
 .debug_str     0x000151f2      0x127 bin/atmega2560/DEBUG/obj/cde_stubs.o
                               0xf76c (size before relaxing)
 .debug_str     0x00015319      0x227 bin/atmega2560/DEBUG/obj/cap_canApi.o
                              0x10315 (size before relaxing)
 .debug_str     0x00015540      0x415 bin/atmega2560/DEBUG/obj/cbk_callbacks.o
                              0x119a3 (size before relaxing)
 .debug_str     0x00015955       0x54 bin/atmega2560/DEBUG/obj/chk_checksum.o
                               0xed49 (size before relaxing)
 .debug_str     0x000159a9      0x76d bin/atmega2560/DEBUG/obj/apt_applicationTask.o
                              0x1201f (size before relaxing)
 .debug_str     0x00016116       0xe5 bin/atmega2560/DEBUG/obj/upd_updateDisplay.o
                              0x1168e (size before relaxing)
 .debug_str     0x000161fb      0x6fd bin/atmega2560/DEBUG/obj/dpy_display.o
                              0x107c2 (size before relaxing)
 .debug_str     0x000168f8      0x21c bin/atmega2560/DEBUG/obj/pwr_computeEnginePower.o
                              0x109be (size before relaxing)
 .debug_str     0x00016b14      0x712 bin/atmega2560/DEBUG/obj/sim_simulateCanReception.o
                               0xf4bc (size before relaxing)
 .debug_str     0x00017226      0x142 bin/atmega2560/DEBUG/obj/csh_canShield.o
                               0xef88 (size before relaxing)
 .debug_str     0x00017368      0xf9f bin/atmega2560/core/core.a(Print.o)
                               0x1322 (size before relaxing)
 .debug_str     0x00018307       0x97 bin/atmega2560/core/core.a(wiring.o)
                                0x411 (size before relaxing)
 .debug_str     0x0001839e       0x7d bin/atmega2560/core/core.a(wiring_digital.o)
                                0x3ea (size before relaxing)
 .debug_str     0x0001841b      0x897 bin/atmega2560/core/core.a(HardwareSerial.o)
                               0x17c3 (size before relaxing)
 .debug_str     0x00018cb2       0xc3 bin/atmega2560/core/core.a(HardwareSerial0.o)
                               0x1526 (size before relaxing)
 .debug_str     0x00018d75      0x59c bin/atmega2560/core/core.a(LiquidCrystal.o)
                                0xa39 (size before relaxing)

.debug_loc      0x00000000    0x168e3
 *(.debug_loc)
 .debug_loc     0x00000000      0x20f bin/atmega2560/DEBUG/obj/gsl_systemLoad.o
 .debug_loc     0x0000020f      0xeba bin/atmega2560/DEBUG/obj/rtos.o
 .debug_loc     0x000010c9      0x267 bin/atmega2560/DEBUG/obj/stdout.o
 .debug_loc     0x00001330     0x22c1 bin/atmega2560/DEBUG/obj/ede_eventDispatcherEngine.o
 .debug_loc     0x000035f1      0x917 bin/atmega2560/DEBUG/obj/ede_eventSender.o
 .debug_loc     0x00003f08      0x4cd bin/atmega2560/DEBUG/obj/mem_malloc.o
 .debug_loc     0x000043d5     0x1aef bin/atmega2560/DEBUG/obj/vsq_threadSafeQueueVariableSize.o
 .debug_loc     0x00005ec4      0x97e bin/atmega2560/DEBUG/obj/vsq_dispatcherPortInterface.o
 .debug_loc     0x00006842      0x5bf bin/atmega2560/DEBUG/obj/asi_arduinoSampleIntegration.o
 .debug_loc     0x00006e01       0xb0 bin/atmega2560/DEBUG/obj/cde_stubs.o
 .debug_loc     0x00006eb1      0x2ad bin/atmega2560/DEBUG/obj/cap_canApi.o
 .debug_loc     0x0000715e      0xd19 bin/atmega2560/DEBUG/obj/cbk_callbacks.o
 .debug_loc     0x00007e77      0x580 bin/atmega2560/DEBUG/obj/chk_checksum.o
 .debug_loc     0x000083f7      0x8d4 bin/atmega2560/DEBUG/obj/apt_applicationTask.o
 .debug_loc     0x00008ccb       0xfd bin/atmega2560/DEBUG/obj/upd_updateDisplay.o
 .debug_loc     0x00008dc8      0x7ea bin/atmega2560/DEBUG/obj/dpy_display.o
 .debug_loc     0x000095b2      0xd69 bin/atmega2560/DEBUG/obj/pwr_computeEnginePower.o
 .debug_loc     0x0000a31b      0x320 bin/atmega2560/DEBUG/obj/sim_simulateCanReception.o
 .debug_loc     0x0000a63b      0xe65 bin/atmega2560/DEBUG/obj/csh_canShield.o
 .debug_loc     0x0000b4a0     0x7a5c bin/atmega2560/core/core.a(Print.o)
 .debug_loc     0x00012efc      0x274 bin/atmega2560/core/core.a(wiring.o)
 .debug_loc     0x00013170      0x61b bin/atmega2560/core/core.a(wiring_digital.o)
 .debug_loc     0x0001378b      0x4fb bin/atmega2560/core/core.a(HardwareSerial.o)
 .debug_loc     0x00013c86      0x164 bin/atmega2560/core/core.a(HardwareSerial0.o)
 .debug_loc     0x00013dea     0x2af9 bin/atmega2560/core/core.a(LiquidCrystal.o)

.debug_macinfo
 *(.debug_macinfo)

.debug_weaknames
 *(.debug_weaknames)

.debug_funcnames
 *(.debug_funcnames)

.debug_typenames
 *(.debug_typenames)

.debug_varnames
 *(.debug_varnames)

.debug_pubtypes
 *(.debug_pubtypes)

.debug_ranges   0x00000000     0x1ca0
 *(.debug_ranges)
 .debug_ranges  0x00000000       0x18 bin/atmega2560/DEBUG/obj/main.o
 .debug_ranges  0x00000018       0x10 bin/atmega2560/DEBUG/obj/gsl_systemLoad.o
 .debug_ranges  0x00000028      0x118 bin/atmega2560/DEBUG/obj/rtos.o
 .debug_ranges  0x00000140       0x38 bin/atmega2560/DEBUG/obj/stdout.o
 .debug_ranges  0x00000178      0x1a8 bin/atmega2560/DEBUG/obj/ede_eventDispatcherEngine.o
 .debug_ranges  0x00000320       0x40 bin/atmega2560/DEBUG/obj/ede_eventSender.o
 .debug_ranges  0x00000360       0x28 bin/atmega2560/DEBUG/obj/mem_malloc.o
 .debug_ranges  0x00000388      0x388 bin/atmega2560/DEBUG/obj/vsq_threadSafeQueueVariableSize.o
 .debug_ranges  0x00000710       0x50 bin/atmega2560/DEBUG/obj/vsq_dispatcherPortInterface.o
 .debug_ranges  0x00000760       0x30 bin/atmega2560/DEBUG/obj/asi_arduinoSampleIntegration.o
 .debug_ranges  0x00000790       0x10 bin/atmega2560/DEBUG/obj/cde_stubs.o
 .debug_ranges  0x000007a0       0x38 bin/atmega2560/DEBUG/obj/cap_canApi.o
 .debug_ranges  0x000007d8       0xd0 bin/atmega2560/DEBUG/obj/cbk_callbacks.o
 .debug_ranges  0x000008a8       0x28 bin/atmega2560/DEBUG/obj/chk_checksum.o
 .debug_ranges  0x000008d0       0x58 bin/atmega2560/DEBUG/obj/apt_applicationTask.o
 .debug_ranges  0x00000928       0x10 bin/atmega2560/DEBUG/obj/upd_updateDisplay.o
 .debug_ranges  0x00000938       0x90 bin/atmega2560/DEBUG/obj/dpy_display.o
 .debug_ranges  0x000009c8       0x48 bin/atmega2560/DEBUG/obj/pwr_computeEnginePower.o
 .debug_ranges  0x00000a10       0x90 bin/atmega2560/DEBUG/obj/sim_simulateCanReception.o
 .debug_ranges  0x00000aa0       0x98 bin/atmega2560/DEBUG/obj/csh_canShield.o
 .debug_ranges  0x00000b38      0xde0 bin/atmega2560/core/core.a(Print.o)
 .debug_ranges  0x00001918       0x38 bin/atmega2560/core/core.a(wiring.o)
 .debug_ranges  0x00001950       0x20 bin/atmega2560/core/core.a(wiring_digital.o)
 .debug_ranges  0x00001970       0x58 bin/atmega2560/core/core.a(HardwareSerial.o)
 .debug_ranges  0x000019c8       0x40 bin/atmega2560/core/core.a(HardwareSerial0.o)
 .debug_ranges  0x00001a08      0x298 bin/atmega2560/core/core.a(LiquidCrystal.o)

.debug_macro    0x00000000     0x93ce
 *(.debug_macro)
 .debug_macro   0x00000000      0x12c bin/atmega2560/DEBUG/obj/main.o
 .debug_macro   0x0000012c      0xb5c bin/atmega2560/DEBUG/obj/main.o