Archive member included to satisfy reference by file (symbol)

c:/ProgramFiles/mingw-w64-x86_64-8.1.0-posix-seh-rt_v6-rev0/mingw64/bin/../lib/gcc/x86_64-w64-mingw32/8.1.0/../../../../x86_64-w64-mingw32/lib/../lib/libmingw32.a(lib64_libmingw32_a-gccmain.o)
                              c:/ProgramFiles/mingw-w64-x86_64-8.1.0-posix-seh-rt_v6-rev0/mingw64/bin/../lib/gcc/x86_64-w64-mingw32/8.1.0/../../../../x86_64-w64-mingw32/lib/../lib/crt2.o (__main)
c:/ProgramFiles/mingw-w64-x86_64-8.1.0-posix-seh-rt_v6-rev0/mingw64/bin/../lib/gcc/x86_64-w64-mingw32/8.1.0/../../../../x86_64-w64-mingw32/lib/../lib/libmingw32.a(lib64_libmingw32_a-natstart.o)
                              c:/ProgramFiles/mingw-w64-x86_64-8.1.0-posix-seh-rt_v6-rev0/mingw64/bin/../lib/gcc/x86_64-w64-mingw32/8.1.0/../../../../x86_64-w64-mingw32/lib/../lib/crt2.o (__native_startup_lock)
c:/ProgramFiles/mingw-w64-x86_64-8.1.0-posix-seh-rt_v6-rev0/mingw64/bin/../lib/gcc/x86_64-w64-mingw32/8.1.0/../../../../x86_64-w64-mingw32/lib/../lib/libmingw32.a(lib64_libmingw32_a-wildcard.o)
                              c:/ProgramFiles/mingw-w64-x86_64-8.1.0-posix-seh-rt_v6-rev0/mingw64/bin/../lib/gcc/x86_64-w64-mingw32/8.1.0/../../../../x86_64-w64-mingw32/lib/../lib/crt2.o (_dowildcard)
c:/ProgramFiles/mingw-w64-x86_64-8.1.0-posix-seh-rt_v6-rev0/mingw64/bin/../lib/gcc/x86_64-w64-mingw32/8.1.0/../../../../x86_64-w64-mingw32/lib/../lib/libmingw32.a(lib64_libmingw32_a-charmax.o)
                              c:/ProgramFiles/mingw-w64-x86_64-8.1.0-posix-seh-rt_v6-rev0/mingw64/bin/../lib/gcc/x86_64-w64-mingw32/8.1.0/../../../../x86_64-w64-mingw32/lib/../lib/crt2.o (mingw_initcharmax)
c:/ProgramFiles/mingw-w64-x86_64-8.1.0-posix-seh-rt_v6-rev0/mingw64/bin/../lib/gcc/x86_64-w64-mingw32/8.1.0/../../../../x86_64-w64-mingw32/lib/../lib/libmingw32.a(lib64_libmingw32_a-dllargv.o)
                              c:/ProgramFiles/mingw-w64-x86_64-8.1.0-posix-seh-rt_v6-rev0/mingw64/bin/../lib/gcc/x86_64-w64-mingw32/8.1.0/../../../../x86_64-w64-mingw32/lib/../lib/crt2.o (_setargv)
c:/ProgramFiles/mingw-w64-x86_64-8.1.0-posix-seh-rt_v6-rev0/mingw64/bin/../lib/gcc/x86_64-w64-mingw32/8.1.0/../../../../x86_64-w64-mingw32/lib/../lib/libmingw32.a(lib64_libmingw32_a-gs_support.o)
                              c:/ProgramFiles/mingw-w64-x86_64-8.1.0-posix-seh-rt_v6-rev0/mingw64/bin/../lib/gcc/x86_64-w64-mingw32/8.1.0/../../../../x86_64-w64-mingw32/lib/../lib/crt2.o (__security_init_cookie)
c:/ProgramFiles/mingw-w64-x86_64-8.1.0-posix-seh-rt_v6-rev0/mingw64/bin/../lib/gcc/x86_64-w64-mingw32/8.1.0/../../../../x86_64-w64-mingw32/lib/../lib/libmingw32.a(lib64_libmingw32_a-_newmode.o)
                              c:/ProgramFiles/mingw-w64-x86_64-8.1.0-posix-seh-rt_v6-rev0/mingw64/bin/../lib/gcc/x86_64-w64-mingw32/8.1.0/../../../../x86_64-w64-mingw32/lib/../lib/crt2.o (_newmode)
c:/ProgramFiles/mingw-w64-x86_64-8.1.0-posix-seh-rt_v6-rev0/mingw64/bin/../lib/gcc/x86_64-w64-mingw32/8.1.0/../../../../x86_64-w64-mingw32/lib/../lib/libmingw32.a(lib64_libmingw32_a-tlssup.o)
                              c:/ProgramFiles/mingw-w64-x86_64-8.1.0-posix-seh-rt_v6-rev0/mingw64/bin/../lib/gcc/x86_64-w64-mingw32/8.1.0/../../../../x86_64-w64-mingw32/lib/../lib/crt2.o (mingw_initltssuo_force)
c:/ProgramFiles/mingw-w64-x86_64-8.1.0-posix-seh-rt_v6-rev0/mingw64/bin/../lib/gcc/x86_64-w64-mingw32/8.1.0/../../../../x86_64-w64-mingw32/lib/../lib/libmingw32.a(lib64_libmingw32_a-cinitexe.o)
                              c:/ProgramFiles/mingw-w64-x86_64-8.1.0-posix-seh-rt_v6-rev0/mingw64/bin/../lib/gcc/x86_64-w64-mingw32/8.1.0/../../../../x86_64-w64-mingw32/lib/../lib/crt2.o (__xc_z)
c:/ProgramFiles/mingw-w64-x86_64-8.1.0-posix-seh-rt_v6-rev0/mingw64/bin/../lib/gcc/x86_64-w64-mingw32/8.1.0/../../../../x86_64-w64-mingw32/lib/../lib/libmingw32.a(lib64_libmingw32_a-merr.o)
                              c:/ProgramFiles/mingw-w64-x86_64-8.1.0-posix-seh-rt_v6-rev0/mingw64/bin/../lib/gcc/x86_64-w64-mingw32/8.1.0/../../../../x86_64-w64-mingw32/lib/../lib/crt2.o (__mingw_setusermatherr)
c:/ProgramFiles/mingw-w64-x86_64-8.1.0-posix-seh-rt_v6-rev0/mingw64/bin/../lib/gcc/x86_64-w64-mingw32/8.1.0/../../../../x86_64-w64-mingw32/lib/../lib/libmingw32.a(lib64_libmingw32_a-CRT_fp10.o)
                              c:/ProgramFiles/mingw-w64-x86_64-8.1.0-posix-seh-rt_v6-rev0/mingw64/bin/../lib/gcc/x86_64-w64-mingw32/8.1.0/../../../../x86_64-w64-mingw32/lib/../lib/crt2.o (_fpreset)
c:/ProgramFiles/mingw-w64-x86_64-8.1.0-posix-seh-rt_v6-rev0/mingw64/bin/../lib/gcc/x86_64-w64-mingw32/8.1.0/../../../../x86_64-w64-mingw32/lib/../lib/libmingw32.a(lib64_libmingw32_a-mingw_helpers.o)
                              c:/ProgramFiles/mingw-w64-x86_64-8.1.0-posix-seh-rt_v6-rev0/mingw64/bin/../lib/gcc/x86_64-w64-mingw32/8.1.0/../../../../x86_64-w64-mingw32/lib/../lib/crt2.o (mingw_app_type)
[...]
Memory Configuration

Name             Origin             Length             Attributes
*default*        0x0000000000000000 0xffffffffffffffff

Linker script and memory map

                0x0000000000400000                __image_base__ = 0x400000
                0x0000000000000000                __dll__ = 0x0
                0x0000000000400000                __ImageBase = 0x400000
                0x0000000000001000                __section_alignment__ = 0x1000
                0x0000000000000200                __file_alignment__ = 0x200
                0x0000000000000004                __major_os_version__ = 0x4
                0x0000000000000000                __minor_os_version__ = 0x0
                0x0000000000000000                __major_image_version__ = 0x0
                0x0000000000000000                __minor_image_version__ = 0x0
                0x0000000000000005                __major_subsystem_version__ = 0x5
                0x0000000000000002                __minor_subsystem_version__ = 0x2
                0x0000000000000003                __subsystem__ = 0x3
                0x0000000000200000                __size_of_stack_reserve__ = 0x200000
                0x0000000000001000                __size_of_stack_commit__ = 0x1000
                0x0000000000100000                __size_of_heap_reserve__ = 0x100000
                0x0000000000001000                __size_of_heap_commit__ = 0x1000
                0x0000000000000000                __loader_flags__ = 0x0
                0x0000000000000000                __dll_characteristics__ = 0x0
LOAD c:/ProgramFiles/mingw-w64-x86_64-8.1.0-posix-seh-rt_v6-rev0/mingw64/bin/../lib/gcc/x86_64-w64-mingw32/8.1.0/../../../../x86_64-w64-mingw32/lib/../lib/crt2.o
LOAD c:/ProgramFiles/mingw-w64-x86_64-8.1.0-posix-seh-rt_v6-rev0/mingw64/bin/../lib/gcc/x86_64-w64-mingw32/8.1.0/crtbegin.o
LOAD bin/win/DEBUG/obj/apt_applicationTask.o
LOAD bin/win/DEBUG/obj/cbk_callbacks.o
LOAD bin/win/DEBUG/obj/chk_checksum.o
LOAD bin/win/DEBUG/obj/ede_eventDispatcherEngine.o
LOAD bin/win/DEBUG/obj/ede_eventSender.o
LOAD bin/win/DEBUG/obj/fil_file.o
LOAD bin/win/DEBUG/obj/log_logger.o
LOAD bin/win/DEBUG/obj/m16_mapDirectLookupU16.o
LOAD bin/win/DEBUG/obj/main.o
LOAD bin/win/DEBUG/obj/mci_mapBinarySearchCanId.o
LOAD bin/win/DEBUG/obj/mem_malloc.o
LOAD bin/win/DEBUG/obj/mhn_mapOsFrameHandleToCanIfHandle.o
LOAD bin/win/DEBUG/obj/mid_mapIdentity.o
LOAD bin/win/DEBUG/obj/mpo_mapOffsetOnly.o
LOAD bin/win/DEBUG/obj/mu8_mapDirectLookupU8.o
LOAD bin/win/DEBUG/obj/opt_getOpt.o
LOAD bin/win/DEBUG/obj/oss_operatingSystemSimulation.o
LOAD bin/win/DEBUG/obj/pck_packCanFrame.o
LOAD bin/win/DEBUG/obj/pwr_computeEnginePower.o
LOAD bin/win/DEBUG/obj/vsq_dispatcherPortInterface.o
LOAD bin/win/DEBUG/obj/vsq_threadSafeQueueVariableSize.o
LOAD c:/ProgramFiles/mingw-w64-x86_64-8.1.0-posix-seh-rt_v6-rev0/mingw64/bin/../lib/gcc/x86_64-w64-mingw32/8.1.0/../../../../x86_64-w64-mingw32/lib/../lib/libm.a
LOAD c:/ProgramFiles/mingw-w64-x86_64-8.1.0-posix-seh-rt_v6-rev0/mingw64/bin/../lib/gcc/x86_64-w64-mingw32/8.1.0/../../../../x86_64-w64-mingw32/lib/../lib/libmingw32.a
LOAD c:/ProgramFiles/mingw-w64-x86_64-8.1.0-posix-seh-rt_v6-rev0/mingw64/bin/../lib/gcc/x86_64-w64-mingw32/8.1.0/libgcc.a
LOAD c:/ProgramFiles/mingw-w64-x86_64-8.1.0-posix-seh-rt_v6-rev0/mingw64/bin/../lib/gcc/x86_64-w64-mingw32/8.1.0/libgcc_eh.a
LOAD c:/ProgramFiles/mingw-w64-x86_64-8.1.0-posix-seh-rt_v6-rev0/mingw64/bin/../lib/gcc/x86_64-w64-mingw32/8.1.0/../../../../x86_64-w64-mingw32/lib/../lib/libmoldname.a
LOAD c:/ProgramFiles/mingw-w64-x86_64-8.1.0-posix-seh-rt_v6-rev0/mingw64/bin/../lib/gcc/x86_64-w64-mingw32/8.1.0/../../../../x86_64-w64-mingw32/lib/../lib/libmingwex.a
LOAD c:/ProgramFiles/mingw-w64-x86_64-8.1.0-posix-seh-rt_v6-rev0/mingw64/bin/../lib/gcc/x86_64-w64-mingw32/8.1.0/../../../../x86_64-w64-mingw32/lib/../lib/libmsvcrt.a
LOAD c:/ProgramFiles/mingw-w64-x86_64-8.1.0-posix-seh-rt_v6-rev0/mingw64/bin/../lib/gcc/x86_64-w64-mingw32/8.1.0/../../../../x86_64-w64-mingw32/lib/../lib/libpthread.dll.a
LOAD c:/ProgramFiles/mingw-w64-x86_64-8.1.0-posix-seh-rt_v6-rev0/mingw64/bin/../lib/gcc/x86_64-w64-mingw32/8.1.0/../../../../x86_64-w64-mingw32/lib/../lib/libadvapi32.a
LOAD c:/ProgramFiles/mingw-w64-x86_64-8.1.0-posix-seh-rt_v6-rev0/mingw64/bin/../lib/gcc/x86_64-w64-mingw32/8.1.0/../../../../x86_64-w64-mingw32/lib/../lib/libshell32.a
LOAD c:/ProgramFiles/mingw-w64-x86_64-8.1.0-posix-seh-rt_v6-rev0/mingw64/bin/../lib/gcc/x86_64-w64-mingw32/8.1.0/../../../../x86_64-w64-mingw32/lib/../lib/libuser32.a
LOAD c:/ProgramFiles/mingw-w64-x86_64-8.1.0-posix-seh-rt_v6-rev0/mingw64/bin/../lib/gcc/x86_64-w64-mingw32/8.1.0/../../../../x86_64-w64-mingw32/lib/../lib/libkernel32.a
LOAD c:/ProgramFiles/mingw-w64-x86_64-8.1.0-posix-seh-rt_v6-rev0/mingw64/bin/../lib/gcc/x86_64-w64-mingw32/8.1.0/../../../../x86_64-w64-mingw32/lib/../lib/libiconv.a
LOAD c:/ProgramFiles/mingw-w64-x86_64-8.1.0-posix-seh-rt_v6-rev0/mingw64/bin/../lib/gcc/x86_64-w64-mingw32/8.1.0/../../../../x86_64-w64-mingw32/lib/../lib/libmingw32.a
LOAD c:/ProgramFiles/mingw-w64-x86_64-8.1.0-posix-seh-rt_v6-rev0/mingw64/bin/../lib/gcc/x86_64-w64-mingw32/8.1.0/libgcc.a
LOAD c:/ProgramFiles/mingw-w64-x86_64-8.1.0-posix-seh-rt_v6-rev0/mingw64/bin/../lib/gcc/x86_64-w64-mingw32/8.1.0/libgcc_eh.a
LOAD c:/ProgramFiles/mingw-w64-x86_64-8.1.0-posix-seh-rt_v6-rev0/mingw64/bin/../lib/gcc/x86_64-w64-mingw32/8.1.0/../../../../x86_64-w64-mingw32/lib/../lib/libmoldname.a
LOAD c:/ProgramFiles/mingw-w64-x86_64-8.1.0-posix-seh-rt_v6-rev0/mingw64/bin/../lib/gcc/x86_64-w64-mingw32/8.1.0/../../../../x86_64-w64-mingw32/lib/../lib/libmingwex.a
LOAD c:/ProgramFiles/mingw-w64-x86_64-8.1.0-posix-seh-rt_v6-rev0/mingw64/bin/../lib/gcc/x86_64-w64-mingw32/8.1.0/../../../../x86_64-w64-mingw32/lib/../lib/libmsvcrt.a
LOAD c:/ProgramFiles/mingw-w64-x86_64-8.1.0-posix-seh-rt_v6-rev0/mingw64/bin/../lib/gcc/x86_64-w64-mingw32/8.1.0/crtend.o
                0x0000000000000430                . = SIZEOF_HEADERS
                0x0000000000001000                . = ALIGN (__section_alignment__)

.text           0x0000000000401000    0x14400
 *(.init)
 *(.text)
 .text          0x0000000000401000      0x530 c:/ProgramFiles/mingw-w64-x86_64-8.1.0-posix-seh-rt_v6-rev0/mingw64/bin/../lib/gcc/x86_64-w64-mingw32/8.1.0/../../../../x86_64-w64-mingw32/lib/../lib/crt2.o
                0x00000000004014b0                WinMainCRTStartup
                0x00000000004014e0                mainCRTStartup
                0x0000000000401510                atexit
 .text          0x0000000000401530       0x20 c:/ProgramFiles/mingw-w64-x86_64-8.1.0-posix-seh-rt_v6-rev0/mingw64/bin/../lib/gcc/x86_64-w64-mingw32/8.1.0/crtbegin.o
                0x0000000000401530                __gcc_register_frame
                0x0000000000401540                __gcc_deregister_frame
 .text          0x0000000000401550        0x0 bin/win/DEBUG/obj/apt_applicationTask.o
 .text          0x0000000000401550        0x0 bin/win/DEBUG/obj/cbk_callbacks.o
 .text          0x0000000000401550        0x0 bin/win/DEBUG/obj/chk_checksum.o
 .text          0x0000000000401550        0x0 bin/win/DEBUG/obj/ede_eventDispatcherEngine.o
 .text          0x0000000000401550        0x0 bin/win/DEBUG/obj/ede_eventSender.o
 .text          0x0000000000401550        0x0 bin/win/DEBUG/obj/fil_file.o
 .text          0x0000000000401550        0x0 bin/win/DEBUG/obj/log_logger.o
 .text          0x0000000000401550        0x0 bin/win/DEBUG/obj/m16_mapDirectLookupU16.o
 .text          0x0000000000401550        0x0 bin/win/DEBUG/obj/main.o
 .text          0x0000000000401550        0x0 bin/win/DEBUG/obj/mci_mapBinarySearchCanId.o
 .text          0x0000000000401550        0x0 bin/win/DEBUG/obj/mem_malloc.o
 .text          0x0000000000401550        0x0 bin/win/DEBUG/obj/mhn_mapOsFrameHandleToCanIfHandle.o
 .text          0x0000000000401550        0x0 bin/win/DEBUG/obj/mid_mapIdentity.o
 .text          0x0000000000401550        0x0 bin/win/DEBUG/obj/mpo_mapOffsetOnly.o
 .text          0x0000000000401550        0x0 bin/win/DEBUG/obj/mu8_mapDirectLookupU8.o
 .text          0x0000000000401550        0x0 bin/win/DEBUG/obj/opt_getOpt.o
 .text          0x0000000000401550        0x0 bin/win/DEBUG/obj/oss_operatingSystemSimulation.o
 .text          0x0000000000401550        0x0 bin/win/DEBUG/obj/pck_packCanFrame.o
 .text          0x0000000000401550        0x0 bin/win/DEBUG/obj/pwr_computeEnginePower.o
 .text          0x0000000000401550        0x0 bin/win/DEBUG/obj/vsq_dispatcherPortInterface.o
 .text          0x0000000000401550        0x0 bin/win/DEBUG/obj/vsq_threadSafeQueueVariableSize.o
 .text          0x0000000000401550       0xd0 c:/ProgramFiles/mingw-w64-x86_64-8.1.0-posix-seh-rt_v6-rev0/mingw64/bin/../lib/gcc/x86_64-w64-mingw32/8.1.0/../../../../x86_64-w64-mingw32/lib/../lib/libmingw32.a(lib64_libmingw32_a-gccmain.o)
                0x0000000000401550                __do_global_dtors
                0x0000000000401590                __do_global_ctors
                0x0000000000401600                __main
 .text          0x0000000000401620        0x0 c:/ProgramFiles/mingw-w64-x86_64-8.1.0-posix-seh-rt_v6-rev0/mingw64/bin/../lib/gcc/x86_64-w64-mingw32/8.1.0/../../../../x86_64-w64-mingw32/lib/../lib/libmingw32.a(lib64_libmingw32_a-natstart.o)
 .text          0x0000000000401620        0x0 c:/ProgramFiles/mingw-w64-x86_64-8.1.0-posix-seh-rt_v6-rev0/mingw64/bin/../lib/gcc/x86_64-w64-mingw32/8.1.0/../../../../x86_64-w64-mingw32/lib/../lib/libmingw32.a(lib64_libmingw32_a-wildcard.o)
 .text          0x0000000000401620       0x10 c:/ProgramFiles/mingw-w64-x86_64-8.1.0-posix-seh-rt_v6-rev0/mingw64/bin/../lib/gcc/x86_64-w64-mingw32/8.1.0/../../../../x86_64-w64-mingw32/lib/../lib/libmingw32.a(lib64_libmingw32_a-charmax.o)
 .text          0x0000000000401630       0x10 c:/ProgramFiles/mingw-w64-x86_64-8.1.0-posix-seh-rt_v6-rev0/mingw64/bin/../lib/gcc/x86_64-w64-mingw32/8.1.0/../../../../x86_64-w64-mingw32/lib/../lib/libmingw32.a(lib64_libmingw32_a-dllargv.o)
                0x0000000000401630                _setargv
 .text          0x0000000000401640      0x1e0 c:/ProgramFiles/mingw-w64-x86_64-8.1.0-posix-seh-rt_v6-rev0/mingw64/bin/../lib/gcc/x86_64-w64-mingw32/8.1.0/../../../../x86_64-w64-mingw32/lib/../lib/libmingw32.a(lib64_libmingw32_a-gs_support.o)
                0x0000000000401640                __security_init_cookie
                0x0000000000401720                __report_gsfailure
 .text          0x0000000000401820        0x0 c:/ProgramFiles/mingw-w64-x86_64-8.1.0-posix-seh-rt_v6-rev0/mingw64/bin/../lib/gcc/x86_64-w64-mingw32/8.1.0/../../../../x86_64-w64-mingw32/lib/../lib/libmingw32.a(lib64_libmingw32_a-_newmode.o)
 .text          0x0000000000401820       0xc0 c:/ProgramFiles/mingw-w64-x86_64-8.1.0-posix-seh-rt_v6-rev0/mingw64/bin/../lib/gcc/x86_64-w64-mingw32/8.1.0/../../../../x86_64-w64-mingw32/lib/../lib/libmingw32.a(lib64_libmingw32_a-tlssup.o)
                0x0000000000401850                __dyn_tls_init
                0x00000000004018d0                __tlregdtor
 .text          0x00000000004018e0        0x0 c:/ProgramFiles/mingw-w64-x86_64-8.1.0-posix-seh-rt_v6-rev0/mingw64/bin/../lib/gcc/x86_64-w64-mingw32/8.1.0/../../../../x86_64-w64-mingw32/lib/../lib/libmingw32.a(lib64_libmingw32_a-cinitexe.o)
 .text          0x00000000004018e0      0x160 c:/ProgramFiles/mingw-w64-x86_64-8.1.0-posix-seh-rt_v6-rev0/mingw64/bin/../lib/gcc/x86_64-w64-mingw32/8.1.0/../../../../x86_64-w64-mingw32/lib/../lib/libmingw32.a(lib64_libmingw32_a-merr.o)
                0x00000000004018e0                __mingw_raise_matherr
                0x0000000000401930                __mingw_setusermatherr
                0x0000000000401940                _matherr
 .text          0x0000000000401a40       0x10 c:/ProgramFiles/mingw-w64-x86_64-8.1.0-posix-seh-rt_v6-rev0/mingw64/bin/../lib/gcc/x86_64-w64-mingw32/8.1.0/../../../../x86_64-w64-mingw32/lib/../lib/libmingw32.a(lib64_libmingw32_a-CRT_fp10.o)
                0x0000000000401a40                fpreset
                0x0000000000401a40                _fpreset
 .text          0x0000000000401a50       0x20 c:/ProgramFiles/mingw-w64-x86_64-8.1.0-posix-seh-rt_v6-rev0/mingw64/bin/../lib/gcc/x86_64-w64-mingw32/8.1.0/../../../../x86_64-w64-mingw32/lib/../lib/libmingw32.a(lib64_libmingw32_a-mingw_helpers.o)
                0x0000000000401a50                _decode_pointer
                0x0000000000401a60                _encode_pointer
 .text          0x0000000000401a70      0x490 c:/ProgramFiles/mingw-w64-x86_64-8.1.0-posix-seh-rt_v6-rev0/mingw64/bin/../lib/gcc/x86_64-w64-mingw32/8.1.0/../../../../x86_64-w64-mingw32/lib/../lib/libmingw32.a(lib64_libmingw32_a-pseudo-reloc.o)
                0x0000000000401c40                _pei386_runtime_relocator
 .text          0x0000000000401f00        0x0 c:/ProgramFiles/mingw-w64-x86_64-8.1.0-posix-seh-rt_v6-rev0/mingw64/bin/../lib/gcc/x86_64-w64-mingw32/8.1.0/../../../../x86_64-w64-mingw32/lib/../lib/libmingw32.a(lib64_libmingw32_a-xtxtmode.o)
 .text          0x0000000000401f00      0x480 c:/ProgramFiles/mingw-w64-x86_64-8.1.0-posix-seh-rt_v6-rev0/mingw64/bin/../lib/gcc/x86_64-w64-mingw32/8.1.0/../../../../x86_64-w64-mingw32/lib/../lib/libmingw32.a(lib64_libmingw32_a-crt_handler.o)
                0x0000000000401f00                __mingw_SEH_error_handler
                0x00000000004020a0                __mingw_init_ehandler
                0x0000000000402190                _gnu_exception_handler
 .text          0x0000000000402380      0x270 c:/ProgramFiles/mingw-w64-x86_64-8.1.0-posix-seh-rt_v6-rev0/mingw64/bin/../lib/gcc/x86_64-w64-mingw32/8.1.0/../../../../x86_64-w64-mingw32/lib/../lib/libmingw32.a(lib64_libmingw32_a-tlsthrd.o)
                0x00000000004023f0                ___w64_mingwthr_add_key_dtor
                0x0000000000402470                ___w64_mingwthr_remove_key_dtor
                0x0000000000402510                __mingw_TLScallback
 .text          0x00000000004025f0        0x0 c:/ProgramFiles/mingw-w64-x86_64-8.1.0-posix-seh-rt_v6-rev0/mingw64/bin/../lib/gcc/x86_64-w64-mingw32/8.1.0/../../../../x86_64-w64-mingw32/lib/../lib/libmingw32.a(lib64_libmingw32_a-tlsmcrt.o)
 .text          0x00000000004025f0        0x0 c:/ProgramFiles/mingw-w64-x86_64-8.1.0-posix-seh-rt_v6-rev0/mingw64/bin/../lib/gcc/x86_64-w64-mingw32/8.1.0/../../../../x86_64-w64-mingw32/lib/../lib/libmingw32.a(lib64_libmingw32_a-pseudo-reloc-list.o)
 .text          0x00000000004025f0      0x3e0 c:/ProgramFiles/mingw-w64-x86_64-8.1.0-posix-seh-rt_v6-rev0/mingw64/bin/../lib/gcc/x86_64-w64-mingw32/8.1.0/../../../../x86_64-w64-mingw32/lib/../lib/libmingw32.a(lib64_libmingw32_a-pesect.o)
                0x0000000000402610                _ValidateImageBase
                0x0000000000402630                _FindPESection
                0x0000000000402680                _FindPESectionByName
                0x0000000000402710                __mingw_GetSectionForAddress
                0x0000000000402790                __mingw_GetSectionCount
                0x00000000004027d0                _FindPESectionExec
                0x0000000000402840                _GetPEImageBase
                0x0000000000402880                _IsNonwritableInCurrentImage
                0x0000000000402920                __mingw_enum_import_library_names
 .text          0x00000000004029d0       0x40 c:/ProgramFiles/mingw-w64-x86_64-8.1.0-posix-seh-rt_v6-rev0/mingw64/bin/../lib/gcc/x86_64-w64-mingw32/8.1.0/libgcc.a(_chkstk_ms.o)
                0x00000000004029d0                ___chkstk_ms
 .text          0x0000000000402a10        0x0 c:/ProgramFiles/mingw-w64-x86_64-8.1.0-posix-seh-rt_v6-rev0/mingw64/bin/../lib/gcc/x86_64-w64-mingw32/8.1.0/libgcc.a(_ctors.o)
 .text          0x0000000000402a10       0xf0 c:/ProgramFiles/mingw-w64-x86_64-8.1.0-posix-seh-rt_v6-rev0/mingw64/bin/../lib/gcc/x86_64-w64-mingw32/8.1.0/../../../../x86_64-w64-mingw32/lib/../lib/libmingwex.a(lib64_libmingwex_a-strtodnrp.o)
                0x0000000000402a10                __mingw_strtod
                0x0000000000402a10                __strtod
 .text          0x0000000000402b00      0x570 c:/ProgramFiles/mingw-w64-x86_64-8.1.0-posix-seh-rt_v6-rev0/mingw64/bin/../lib/gcc/x86_64-w64-mingw32/8.1.0/../../../../x86_64-w64-mingw32/lib/../lib/libmingwex.a(lib64_libmingwex_a-dirent.o)
                0x0000000000402b00                opendir
                0x0000000000402cb0                readdir
                0x0000000000402eb0                closedir
                0x0000000000402f10                rewinddir
                0x0000000000402f80                telldir
                0x0000000000402fc0                seekdir
 .text          0x0000000000403070      0xc00 c:/ProgramFiles/mingw-w64-x86_64-8.1.0-posix-seh-rt_v6-rev0/mingw64/bin/../lib/gcc/x86_64-w64-mingw32/8.1.0/../../../../x86_64-w64-mingw32/lib/../lib/libmingwex.a(lib64_libmingwex_a-getopt.o)
                0x0000000000403c00                getopt
                0x0000000000403c30                getopt_long
                0x0000000000403c50                getopt_long_only
 .text          0x0000000000403c70        0x0 c:/ProgramFiles/mingw-w64-x86_64-8.1.0-posix-seh-rt_v6-rev0/mingw64/bin/../lib/gcc/x86_64-w64-mingw32/8.1.0/../../../../x86_64-w64-mingw32/lib/../lib/libmingwex.a(lib64_libmingwex_a-mingw_matherr.o)
 .text          0x0000000000403c70      0x220 c:/ProgramFiles/mingw-w64-x86_64-8.1.0-posix-seh-rt_v6-rev0/mingw64/bin/../lib/gcc/x86_64-w64-mingw32/8.1.0/../../../../x86_64-w64-mingw32/lib/../lib/libmingwex.a(lib64_libmingwex_a-wassert.o)
                0x0000000000403c70                _wassert
                0x0000000000403db0                _assert
 .text          0x0000000000403e90       0x10 c:/ProgramFiles/mingw-w64-x86_64-8.1.0-posix-seh-rt_v6-rev0/mingw64/bin/../lib/gcc/x86_64-w64-mingw32/8.1.0/../../../../x86_64-w64-mingw32/lib/../lib/libmingwex.a(lib64_libmingwex_a-vsnprintf.o)
                0x0000000000403e90                __ms_vsnprintf
 .text          0x0000000000403ea0     0x2050 c:/ProgramFiles/mingw-w64-x86_64-8.1.0-posix-seh-rt_v6-rev0/mingw64/bin/../lib/gcc/x86_64-w64-mingw32/8.1.0/../../../../x86_64-w64-mingw32/lib/../lib/libmingwex.a(lib64_libmingwex_a-strtodg.o)
                0x0000000000403ea0                __increment_D2A
                0x00000000004042e0                __decrement_D2A
                0x0000000000404310                __set_ones_D2A
                0x00000000004043a0                __strtodg
 .text          0x0000000000405ef0      0x150 c:/ProgramFiles/mingw-w64-x86_64-8.1.0-posix-seh-rt_v6-rev0/mingw64/bin/../lib/gcc/x86_64-w64-mingw32/8.1.0/../../../../x86_64-w64-mingw32/lib/../lib/libmingwex.a(lib64_libmingwex_a-sum.o)
                0x0000000000405ef0                __sum_D2A
 .text          0x0000000000406040      0x910 c:/ProgramFiles/mingw-w64-x86_64-8.1.0-posix-seh-rt_v6-rev0/mingw64/bin/../lib/gcc/x86_64-w64-mingw32/8.1.0/../../../../x86_64-w64-mingw32/lib/../lib/libmingwex.a(lib64_libmingwex_a-gethex.o)
                0x0000000000406040                __gethex_D2A
 .text          0x0000000000406950      0x150 c:/ProgramFiles/mingw-w64-x86_64-8.1.0-posix-seh-rt_v6-rev0/mingw64/bin/../lib/gcc/x86_64-w64-mingw32/8.1.0/../../../../x86_64-w64-mingw32/lib/../lib/libmingwex.a(lib64_libmingwex_a-gmisc.o)
                0x0000000000406950                __rshift_D2A
                0x0000000000406a50                __trailz_D2A
 .text          0x0000000000406aa0       0xa0 c:/ProgramFiles/mingw-w64-x86_64-8.1.0-posix-seh-rt_v6-rev0/mingw64/bin/../lib/gcc/x86_64-w64-mingw32/8.1.0/../../../../x86_64-w64-mingw32/lib/../lib/libmingwex.a(lib64_libmingwex_a-hd_init.o)
                0x0000000000406aa0                __mingw_hexdig_init_D2A
 .text          0x0000000000406b40      0x3a0 c:/ProgramFiles/mingw-w64-x86_64-8.1.0-posix-seh-rt_v6-rev0/mingw64/bin/../lib/gcc/x86_64-w64-mingw32/8.1.0/../../../../x86_64-w64-mingw32/lib/../lib/libmingwex.a(lib64_libmingwex_a-hexnan.o)
                0x0000000000406b40                __hexnan_D2A
 .text          0x0000000000406ee0      0xb30 c:/ProgramFiles/mingw-w64-x86_64-8.1.0-posix-seh-rt_v6-rev0/mingw64/bin/../lib/gcc/x86_64-w64-mingw32/8.1.0/../../../../x86_64-w64-mingw32/lib/../lib/libmingwex.a(lib64_libmingwex_a-misc.o)
                0x0000000000407000                __Balloc_D2A
                0x0000000000407100                __Bfree_D2A
                0x0000000000407170                __multadd_D2A
                0x0000000000407220                __i2b_D2A
                0x0000000000407250                __mult_D2A
                0x0000000000407380                __pow5mult_D2A
                0x0000000000407500                __lshift_D2A
                0x0000000000407600                __cmp_D2A
                0x0000000000407640                __diff_D2A
                0x00000000004077b0                __b2d_D2A
                0x00000000004078c0                __d2b_D2A
                0x00000000004079e0                __strcp_D2A
 .text          0x0000000000407a10      0x2f0 c:/ProgramFiles/mingw-w64-x86_64-8.1.0-posix-seh-rt_v6-rev0/mingw64/bin/../lib/gcc/x86_64-w64-mingw32/8.1.0/../../../../x86_64-w64-mingw32/lib/../lib/libmingwex.a(lib64_libmingwex_a-smisc.o)
                0x0000000000407a10                __s2b_D2A
                0x0000000000407b10                __ratio_D2A
                0x0000000000407bb0                __match_D2A
                0x0000000000407c00                __copybits_D2A
                0x0000000000407c60                __any_on_D2A
 .text          0x0000000000407d00        0x8 c:/ProgramFiles/mingw-w64-x86_64-8.1.0-posix-seh-rt_v6-rev0/mingw64/bin/../lib/gcc/x86_64-w64-mingw32/8.1.0/../../../../x86_64-w64-mingw32/lib/../lib/libmsvcrt.a(duags01260.o)
                0x0000000000407d00                wcscpy
 .text          0x0000000000407d08        0x8 c:/ProgramFiles/mingw-w64-x86_64-8.1.0-posix-seh-rt_v6-rev0/mingw64/bin/../lib/gcc/x86_64-w64-mingw32/8.1.0/../../../../x86_64-w64-mingw32/lib/../lib/libmsvcrt.a(duags01243.o)
                0x0000000000407d08                vfprintf
 .text          0x0000000000407d10        0x8 c:/ProgramFiles/mingw-w64-x86_64-8.1.0-posix-seh-rt_v6-rev0/mingw64/bin/../lib/gcc/x86_64-w64-mingw32/8.1.0/../../../../x86_64-w64-mingw32/lib/../lib/libmsvcrt.a(duags01214.o)
                0x0000000000407d10                strpbrk
 .text          0x0000000000407d18        0x8 c:/ProgramFiles/mingw-w64-x86_64-8.1.0-posix-seh-rt_v6-rev0/mingw64/bin/../lib/gcc/x86_64-w64-mingw32/8.1.0/../../../../x86_64-w64-mingw32/lib/../lib/libmsvcrt.a(duags01212.o)
                0x0000000000407d18                strncpy
 .text          0x0000000000407d20        0x8 c:/ProgramFiles/mingw-w64-x86_64-8.1.0-posix-seh-rt_v6-rev0/mingw64/bin/../lib/gcc/x86_64-w64-mingw32/8.1.0/../../../../x86_64-w64-mingw32/lib/../lib/libmsvcrt.a(duags01211.o)
                0x0000000000407d20                strncmp
 .text          0x0000000000407d28        0x8 c:/ProgramFiles/mingw-w64-x86_64-8.1.0-posix-seh-rt_v6-rev0/mingw64/bin/../lib/gcc/x86_64-w64-mingw32/8.1.0/../../../../x86_64-w64-mingw32/lib/../lib/libmsvcrt.a(duags01209.o)
                0x0000000000407d28                strncat
 .text          0x0000000000407d30        0x8 c:/ProgramFiles/mingw-w64-x86_64-8.1.0-posix-seh-rt_v6-rev0/mingw64/bin/../lib/gcc/x86_64-w64-mingw32/8.1.0/../../../../x86_64-w64-mingw32/lib/../lib/libmsvcrt.a(duags01208.o)
                0x0000000000407d30                strlen
 .text          0x0000000000407d38        0x8 c:/ProgramFiles/mingw-w64-x86_64-8.1.0-posix-seh-rt_v6-rev0/mingw64/bin/../lib/gcc/x86_64-w64-mingw32/8.1.0/../../../../x86_64-w64-mingw32/lib/../lib/libmsvcrt.a(duags01203.o)
                0x0000000000407d38                strcpy
 .text          0x0000000000407d40        0x8 c:/ProgramFiles/mingw-w64-x86_64-8.1.0-posix-seh-rt_v6-rev0/mingw64/bin/../lib/gcc/x86_64-w64-mingw32/8.1.0/../../../../x86_64-w64-mingw32/lib/../lib/libmsvcrt.a(duags01201.o)
                0x0000000000407d40                strcmp
 .text          0x0000000000407d48        0x8 c:/ProgramFiles/mingw-w64-x86_64-8.1.0-posix-seh-rt_v6-rev0/mingw64/bin/../lib/gcc/x86_64-w64-mingw32/8.1.0/../../../../x86_64-w64-mingw32/lib/../lib/libmsvcrt.a(duags01200.o)
                0x0000000000407d48                strchr
 .text          0x0000000000407d50        0x8 c:/ProgramFiles/mingw-w64-x86_64-8.1.0-posix-seh-rt_v6-rev0/mingw64/bin/../lib/gcc/x86_64-w64-mingw32/8.1.0/../../../../x86_64-w64-mingw32/lib/../lib/libmsvcrt.a(duags01187.o)
                0x0000000000407d50                signal
 .text          0x0000000000407d58        0x8 c:/ProgramFiles/mingw-w64-x86_64-8.1.0-posix-seh-rt_v6-rev0/mingw64/bin/../lib/gcc/x86_64-w64-mingw32/8.1.0/../../../../x86_64-w64-mingw32/lib/../lib/libmsvcrt.a(duags01176.o)
                0x0000000000407d58                rand
 .text          0x0000000000407d60        0x8 c:/ProgramFiles/mingw-w64-x86_64-8.1.0-posix-seh-rt_v6-rev0/mingw64/bin/../lib/gcc/x86_64-w64-mingw32/8.1.0/../../../../x86_64-w64-mingw32/lib/../lib/libmsvcrt.a(duags01175.o)
                0x0000000000407d60                raise
 .text          0x0000000000407d68        0x8 c:/ProgramFiles/mingw-w64-x86_64-8.1.0-posix-seh-rt_v6-rev0/mingw64/bin/../lib/gcc/x86_64-w64-mingw32/8.1.0/../../../../x86_64-w64-mingw32/lib/../lib/libmsvcrt.a(duags01170.o)
                0x0000000000407d68                puts
 .text          0x0000000000407d70        0x8 c:/ProgramFiles/mingw-w64-x86_64-8.1.0-posix-seh-rt_v6-rev0/mingw64/bin/../lib/gcc/x86_64-w64-mingw32/8.1.0/../../../../x86_64-w64-mingw32/lib/../lib/libmsvcrt.a(duags01159.o)
                0x0000000000407d70                memset
 .text          0x0000000000407d78        0x8 c:/ProgramFiles/mingw-w64-x86_64-8.1.0-posix-seh-rt_v6-rev0/mingw64/bin/../lib/gcc/x86_64-w64-mingw32/8.1.0/../../../../x86_64-w64-mingw32/lib/../lib/libmsvcrt.a(duags01157.o)
                0x0000000000407d78                memcpy
 .text          0x0000000000407d80        0x8 c:/ProgramFiles/mingw-w64-x86_64-8.1.0-posix-seh-rt_v6-rev0/mingw64/bin/../lib/gcc/x86_64-w64-mingw32/8.1.0/../../../../x86_64-w64-mingw32/lib/../lib/libmsvcrt.a(duags01156.o)
                0x0000000000407d80                memcmp
 .text          0x0000000000407d88        0x8 c:/ProgramFiles/mingw-w64-x86_64-8.1.0-posix-seh-rt_v6-rev0/mingw64/bin/../lib/gcc/x86_64-w64-mingw32/8.1.0/../../../../x86_64-w64-mingw32/lib/../lib/libmsvcrt.a(duags01149.o)
                0x0000000000407d88                malloc
 .text          0x0000000000407d90        0x8 c:/ProgramFiles/mingw-w64-x86_64-8.1.0-posix-seh-rt_v6-rev0/mingw64/bin/../lib/gcc/x86_64-w64-mingw32/8.1.0/../../../../x86_64-w64-mingw32/lib/../lib/libmsvcrt.a(duags01142.o)
                0x0000000000407d90                localeconv
 .text          0x0000000000407d98        0x8 c:/ProgramFiles/mingw-w64-x86_64-8.1.0-posix-seh-rt_v6-rev0/mingw64/bin/../lib/gcc/x86_64-w64-mingw32/8.1.0/../../../../x86_64-w64-mingw32/lib/../lib/libmsvcrt.a(duags01120.o)
                0x0000000000407d98                isprint
 .text          0x0000000000407da0        0x8 c:/ProgramFiles/mingw-w64-x86_64-8.1.0-posix-seh-rt_v6-rev0/mingw64/bin/../lib/gcc/x86_64-w64-mingw32/8.1.0/../../../../x86_64-w64-mingw32/lib/../lib/libmsvcrt.a(duags01106.o)
                0x0000000000407da0                getenv
 .text          0x0000000000407da8        0x8 c:/ProgramFiles/mingw-w64-x86_64-8.1.0-posix-seh-rt_v6-rev0/mingw64/bin/../lib/gcc/x86_64-w64-mingw32/8.1.0/../../../../x86_64-w64-mingw32/lib/../lib/libmsvcrt.a(duags01101.o)
                0x0000000000407da8                fwrite
 .text          0x0000000000407db0        0x8 c:/ProgramFiles/mingw-w64-x86_64-8.1.0-posix-seh-rt_v6-rev0/mingw64/bin/../lib/gcc/x86_64-w64-mingw32/8.1.0/../../../../x86_64-w64-mingw32/lib/../lib/libmsvcrt.a(duags01099.o)
                0x0000000000407db0                fwprintf
 .text          0x0000000000407db8        0x8 c:/ProgramFiles/mingw-w64-x86_64-8.1.0-posix-seh-rt_v6-rev0/mingw64/bin/../lib/gcc/x86_64-w64-mingw32/8.1.0/../../../../x86_64-w64-mingw32/lib/../lib/libmsvcrt.a(duags01089.o)
                0x0000000000407db8                free
 .text          0x0000000000407dc0        0x8 c:/ProgramFiles/mingw-w64-x86_64-8.1.0-posix-seh-rt_v6-rev0/mingw64/bin/../lib/gcc/x86_64-w64-mingw32/8.1.0/../../../../x86_64-w64-mingw32/lib/../lib/libmsvcrt.a(duags01085.o)
                0x0000000000407dc0                fputs
 .text          0x0000000000407dc8        0x8 c:/ProgramFiles/mingw-w64-x86_64-8.1.0-posix-seh-rt_v6-rev0/mingw64/bin/../lib/gcc/x86_64-w64-mingw32/8.1.0/../../../../x86_64-w64-mingw32/lib/../lib/libmsvcrt.a(duags01084.o)
                0x0000000000407dc8                fputc
 .text          0x0000000000407dd0        0x8 c:/ProgramFiles/mingw-w64-x86_64-8.1.0-posix-seh-rt_v6-rev0/mingw64/bin/../lib/gcc/x86_64-w64-mingw32/8.1.0/../../../../x86_64-w64-mingw32/lib/../lib/libmsvcrt.a(duags01082.o)
                0x0000000000407dd0                fprintf
 .text          0x0000000000407dd8        0x8 c:/ProgramFiles/mingw-w64-x86_64-8.1.0-posix-seh-rt_v6-rev0/mingw64/bin/../lib/gcc/x86_64-w64-mingw32/8.1.0/../../../../x86_64-w64-mingw32/lib/../lib/libmsvcrt.a(duags01080.o)
                0x0000000000407dd8                fopen
 .text          0x0000000000407de0        0x8 c:/ProgramFiles/mingw-w64-x86_64-8.1.0-posix-seh-rt_v6-rev0/mingw64/bin/../lib/gcc/x86_64-w64-mingw32/8.1.0/../../../../x86_64-w64-mingw32/lib/../lib/libmsvcrt.a(duags01071.o)
                0x0000000000407de0                fgetc
 .text          0x0000000000407de8        0x8 c:/ProgramFiles/mingw-w64-x86_64-8.1.0-posix-seh-rt_v6-rev0/mingw64/bin/../lib/gcc/x86_64-w64-mingw32/8.1.0/../../../../x86_64-w64-mingw32/lib/../lib/libmsvcrt.a(duags01070.o)
                0x0000000000407de8                fflush
 .text          0x0000000000407df0        0x8 c:/ProgramFiles/mingw-w64-x86_64-8.1.0-posix-seh-rt_v6-rev0/mingw64/bin/../lib/gcc/x86_64-w64-mingw32/8.1.0/../../../../x86_64-w64-mingw32/lib/../lib/libmsvcrt.a(duags01069.o)
                0x0000000000407df0                ferror
 .text          0x0000000000407df8        0x8 c:/ProgramFiles/mingw-w64-x86_64-8.1.0-posix-seh-rt_v6-rev0/mingw64/bin/../lib/gcc/x86_64-w64-mingw32/8.1.0/../../../../x86_64-w64-mingw32/lib/../lib/libmsvcrt.a(duags01067.o)
                0x0000000000407df8                fclose
 .text          0x0000000000407e00        0x8 c:/ProgramFiles/mingw-w64-x86_64-8.1.0-posix-seh-rt_v6-rev0/mingw64/bin/../lib/gcc/x86_64-w64-mingw32/8.1.0/../../../../x86_64-w64-mingw32/lib/../lib/libmsvcrt.a(duags01063.o)
                0x0000000000407e00                exit
 .text          0x0000000000407e08        0x8 c:/ProgramFiles/mingw-w64-x86_64-8.1.0-posix-seh-rt_v6-rev0/mingw64/bin/../lib/gcc/x86_64-w64-mingw32/8.1.0/../../../../x86_64-w64-mingw32/lib/../lib/libmsvcrt.a(duags01060.o)
                0x0000000000407e08                ctime
 .text          0x0000000000407e10        0x8 c:/ProgramFiles/mingw-w64-x86_64-8.1.0-posix-seh-rt_v6-rev0/mingw64/bin/../lib/gcc/x86_64-w64-mingw32/8.1.0/../../../../x86_64-w64-mingw32/lib/../lib/libmsvcrt.a(duags01055.o)
                0x0000000000407e10                clock
 .text          0x0000000000407e18        0x8 c:/ProgramFiles/mingw-w64-x86_64-8.1.0-posix-seh-rt_v6-rev0/mingw64/bin/../lib/gcc/x86_64-w64-mingw32/8.1.0/../../../../x86_64-w64-mingw32/lib/../lib/libmsvcrt.a(duags01050.o)
                0x0000000000407e18                calloc
 .text          0x0000000000407e20        0x8 c:/ProgramFiles/mingw-w64-x86_64-8.1.0-posix-seh-rt_v6-rev0/mingw64/bin/../lib/gcc/x86_64-w64-mingw32/8.1.0/../../../../x86_64-w64-mingw32/lib/../lib/libmsvcrt.a(duags01048.o)
                0x0000000000407e20                bsearch
 .text          0x0000000000407e28        0x8 c:/ProgramFiles/mingw-w64-x86_64-8.1.0-posix-seh-rt_v6-rev0/mingw64/bin/../lib/gcc/x86_64-w64-mingw32/8.1.0/../../../../x86_64-w64-mingw32/lib/../lib/libmsvcrt.a(duags01032.o)
                0x0000000000407e28                abort
 .text          0x0000000000407e30        0x8 c:/ProgramFiles/mingw-w64-x86_64-8.1.0-posix-seh-rt_v6-rev0/mingw64/bin/../lib/gcc/x86_64-w64-mingw32/8.1.0/../../../../x86_64-w64-mingw32/lib/../lib/libmsvcrt.a(duags00973.o)
                0x0000000000407e30                time
 .text          0x0000000000407e38        0x8 c:/ProgramFiles/mingw-w64-x86_64-8.1.0-posix-seh-rt_v6-rev0/mingw64/bin/../lib/gcc/x86_64-w64-mingw32/8.1.0/../../../../x86_64-w64-mingw32/lib/../lib/libmsvcrt.a(duags00852.o)
                0x0000000000407e38                _vsnprintf
 .text          0x0000000000407e40        0x8 c:/ProgramFiles/mingw-w64-x86_64-8.1.0-posix-seh-rt_v6-rev0/mingw64/bin/../lib/gcc/x86_64-w64-mingw32/8.1.0/../../../../x86_64-w64-mingw32/lib/../lib/libmsvcrt.a(duags00735.o)
                0x0000000000407e40                stricmp
 .text          0x0000000000407e48        0x8 c:/ProgramFiles/mingw-w64-x86_64-8.1.0-posix-seh-rt_v6-rev0/mingw64/bin/../lib/gcc/x86_64-w64-mingw32/8.1.0/../../../../x86_64-w64-mingw32/lib/../lib/libmsvcrt.a(duags00689.o)
                0x0000000000407e48                _snwprintf
 .text          0x0000000000407e50        0x8 c:/ProgramFiles/mingw-w64-x86_64-8.1.0-posix-seh-rt_v6-rev0/mingw64/bin/../lib/gcc/x86_64-w64-mingw32/8.1.0/../../../../x86_64-w64-mingw32/lib/../lib/libmsvcrt.a(duags00614.o)
                0x0000000000407e50                _onexit
 .text          0x0000000000407e58        0x8 c:/ProgramFiles/mingw-w64-x86_64-8.1.0-posix-seh-rt_v6-rev0/mingw64/bin/../lib/gcc/x86_64-w64-mingw32/8.1.0/../../../../x86_64-w64-mingw32/lib/../lib/libmsvcrt.a(duags00603.o)
                0x0000000000407e58                mkdir
 .text          0x0000000000407e60        0x8 c:/ProgramFiles/mingw-w64-x86_64-8.1.0-posix-seh-rt_v6-rev0/mingw64/bin/../lib/gcc/x86_64-w64-mingw32/8.1.0/../../../../x86_64-w64-mingw32/lib/../lib/libmsvcrt.a(duags00332.o)
                0x0000000000407e60                _initterm
 .text          0x0000000000407e68        0x8 c:/ProgramFiles/mingw-w64-x86_64-8.1.0-posix-seh-rt_v6-rev0/mingw64/bin/../lib/gcc/x86_64-w64-mingw32/8.1.0/../../../../x86_64-w64-mingw32/lib/../lib/libmsvcrt.a(duags00278.o)
                0x0000000000407e68                _fullpath
 .text          0x0000000000407e70        0x8 c:/ProgramFiles/mingw-w64-x86_64-8.1.0-posix-seh-rt_v6-rev0/mingw64/bin/../lib/gcc/x86_64-w64-mingw32/8.1.0/../../../../x86_64-w64-mingw32/lib/../lib/libmsvcrt.a(duags00245.o)
                0x0000000000407e70                _findnext64
 .text          0x0000000000407e78        0x8 c:/ProgramFiles/mingw-w64-x86_64-8.1.0-posix-seh-rt_v6-rev0/mingw64/bin/../lib/gcc/x86_64-w64-mingw32/8.1.0/../../../../x86_64-w64-mingw32/lib/../lib/libmsvcrt.a(duags00240.o)
                0x0000000000407e78                _findfirst64
 .text          0x0000000000407e80        0x8 c:/ProgramFiles/mingw-w64-x86_64-8.1.0-posix-seh-rt_v6-rev0/mingw64/bin/../lib/gcc/x86_64-w64-mingw32/8.1.0/../../../../x86_64-w64-mingw32/lib/../lib/libmsvcrt.a(duags00237.o)
                0x0000000000407e80                _findclose
 .text          0x0000000000407e88        0x8 c:/ProgramFiles/mingw-w64-x86_64-8.1.0-posix-seh-rt_v6-rev0/mingw64/bin/../lib/gcc/x86_64-w64-mingw32/8.1.0/../../../../x86_64-w64-mingw32/lib/../lib/libmsvcrt.a(duags00218.o)
                0x0000000000407e88                _exit
 .text          0x0000000000407e90        0x8 c:/ProgramFiles/mingw-w64-x86_64-8.1.0-posix-seh-rt_v6-rev0/mingw64/bin/../lib/gcc/x86_64-w64-mingw32/8.1.0/../../../../x86_64-w64-mingw32/lib/../lib/libmsvcrt.a(duags00203.o)
                0x0000000000407e90                _errno
 .text          0x0000000000407e98        0x8 c:/ProgramFiles/mingw-w64-x86_64-8.1.0-posix-seh-rt_v6-rev0/mingw64/bin/../lib/gcc/x86_64-w64-mingw32/8.1.0/../../../../x86_64-w64-mingw32/lib/../lib/libmsvcrt.a(duags00141.o)
                0x0000000000407e98                _cexit
 .text          0x0000000000407ea0        0x8 c:/ProgramFiles/mingw-w64-x86_64-8.1.0-posix-seh-rt_v6-rev0/mingw64/bin/../lib/gcc/x86_64-w64-mingw32/8.1.0/../../../../x86_64-w64-mingw32/lib/../lib/libmsvcrt.a(duags00122.o)
                0x0000000000407ea0                _amsg_exit
 .text          0x0000000000407ea8        0x8 c:/ProgramFiles/mingw-w64-x86_64-8.1.0-posix-seh-rt_v6-rev0/mingw64/bin/../lib/gcc/x86_64-w64-mingw32/8.1.0/../../../../x86_64-w64-mingw32/lib/../lib/libmsvcrt.a(duags00098.o)
                0x0000000000407ea8                __setusermatherr
 .text          0x0000000000407eb0        0x8 c:/ProgramFiles/mingw-w64-x86_64-8.1.0-posix-seh-rt_v6-rev0/mingw64/bin/../lib/gcc/x86_64-w64-mingw32/8.1.0/../../../../x86_64-w64-mingw32/lib/../lib/libmsvcrt.a(duags00096.o)
                0x0000000000407eb0                __set_app_type
 .text          0x0000000000407eb8        0x8 c:/ProgramFiles/mingw-w64-x86_64-8.1.0-posix-seh-rt_v6-rev0/mingw64/bin/../lib/gcc/x86_64-w64-mingw32/8.1.0/../../../../x86_64-w64-mingw32/lib/../lib/libmsvcrt.a(duags00090.o)
                0x0000000000407eb8                __lconv_init
 .text          0x0000000000407ec0        0x0 c:/ProgramFiles/mingw-w64-x86_64-8.1.0-posix-seh-rt_v6-rev0/mingw64/bin/../lib/gcc/x86_64-w64-mingw32/8.1.0/../../../../x86_64-w64-mingw32/lib/../lib/libmsvcrt.a(duags00082.o)
 .text          0x0000000000407ec0        0x8 c:/ProgramFiles/mingw-w64-x86_64-8.1.0-posix-seh-rt_v6-rev0/mingw64/bin/../lib/gcc/x86_64-w64-mingw32/8.1.0/../../../../x86_64-w64-mingw32/lib/../lib/libmsvcrt.a(duags00081.o)
                0x0000000000407ec0                __getmainargs
 .text          0x0000000000407ec8        0x8 c:/ProgramFiles/mingw-w64-x86_64-8.1.0-posix-seh-rt_v6-rev0/mingw64/bin/../lib/gcc/x86_64-w64-mingw32/8.1.0/../../../../x86_64-w64-mingw32/lib/../lib/libmsvcrt.a(duags00055.o)
                0x0000000000407ec8                __C_specific_handler
 .text          0x0000000000407ed0       0x20 c:/ProgramFiles/mingw-w64-x86_64-8.1.0-posix-seh-rt_v6-rev0/mingw64/bin/../lib/gcc/x86_64-w64-mingw32/8.1.0/../../../../x86_64-w64-mingw32/lib/../lib/libmsvcrt.a(lib64_libmsvcrt_os_a-acrt_iob_func.o)
                0x0000000000407ed0                __acrt_iob_func
 .text          0x0000000000407ef0       0x20 c:/ProgramFiles/mingw-w64-x86_64-8.1.0-posix-seh-rt_v6-rev0/mingw64/bin/../lib/gcc/x86_64-w64-mingw32/8.1.0/../../../../x86_64-w64-mingw32/lib/../lib/libmsvcrt.a(lib64_libmsvcrt_os_a-invalid_parameter_handler.o)
                0x0000000000407ef0                _get_invalid_parameter_handler
                0x0000000000407f00                _set_invalid_parameter_handler
 .text          0x0000000000407f10       0x10 c:/ProgramFiles/mingw-w64-x86_64-8.1.0-posix-seh-rt_v6-rev0/mingw64/bin/../lib/gcc/x86_64-w64-mingw32/8.1.0/../../../../x86_64-w64-mingw32/lib/../lib/libmsvcrt.a(lib64_libmsvcrt_os_a-__p___argv.o)
                0x0000000000407f10                __p___argv
 .text          0x0000000000407f20       0x10 c:/ProgramFiles/mingw-w64-x86_64-8.1.0-posix-seh-rt_v6-rev0/mingw64/bin/../lib/gcc/x86_64-w64-mingw32/8.1.0/../../../../x86_64-w64-mingw32/lib/../lib/libmsvcrt.a(lib64_libmsvcrt_os_a-__p__acmdln.o)
                0x0000000000407f20                __p__acmdln
 .text          0x0000000000407f30       0x10 c:/ProgramFiles/mingw-w64-x86_64-8.1.0-posix-seh-rt_v6-rev0/mingw64/bin/../lib/gcc/x86_64-w64-mingw32/8.1.0/../../../../x86_64-w64-mingw32/lib/../lib/libmsvcrt.a(lib64_libmsvcrt_os_a-__p__fmode.o)
                0x0000000000407f30                __p__fmode
 .text          0x0000000000407f40        0x0 c:/ProgramFiles/mingw-w64-x86_64-8.1.0-posix-seh-rt_v6-rev0/mingw64/bin/../lib/gcc/x86_64-w64-mingw32/8.1.0/../../../../x86_64-w64-mingw32/lib/../lib/libmsvcrt.a(duagh.o)
 .text          0x0000000000407f40        0x0 c:/ProgramFiles/mingw-w64-x86_64-8.1.0-posix-seh-rt_v6-rev0/mingw64/bin/../lib/gcc/x86_64-w64-mingw32/8.1.0/../../../../x86_64-w64-mingw32/lib/../lib/libmsvcrt.a(duags00115.o)
 .text          0x0000000000407f40        0x8 c:/ProgramFiles/mingw-w64-x86_64-8.1.0-posix-seh-rt_v6-rev0/mingw64/bin/../lib/gcc/x86_64-w64-mingw32/8.1.0/../../../../x86_64-w64-mingw32/lib/../lib/libmsvcrt.a(duags00083.o)
                0x0000000000407f40                __iob_func
 .text          0x0000000000407f48        0x0 c:/ProgramFiles/mingw-w64-x86_64-8.1.0-posix-seh-rt_v6-rev0/mingw64/bin/../lib/gcc/x86_64-w64-mingw32/8.1.0/../../../../x86_64-w64-mingw32/lib/../lib/libmsvcrt.a(duags00070.o)
 *fill*         0x0000000000407f48        0x8 
 .text          0x0000000000407f50        0x0 c:/ProgramFiles/mingw-w64-x86_64-8.1.0-posix-seh-rt_v6-rev0/mingw64/bin/../lib/gcc/x86_64-w64-mingw32/8.1.0/../../../../x86_64-w64-mingw32/lib/../lib/libmsvcrt.a(duagt.o)
 .text          0x0000000000407f50        0x8 c:/ProgramFiles/mingw-w64-x86_64-8.1.0-posix-seh-rt_v6-rev0/mingw64/bin/../lib/gcc/x86_64-w64-mingw32/8.1.0/../../../../x86_64-w64-mingw32/lib/../lib/libuser32.a(dyqes00619.o)
                0x0000000000407f50                MessageBoxW
 *fill*         0x0000000000407f58        0x8 
 .text          0x0000000000407f60        0x0 c:/ProgramFiles/mingw-w64-x86_64-8.1.0-posix-seh-rt_v6-rev0/mingw64/bin/../lib/gcc/x86_64-w64-mingw32/8.1.0/../../../../x86_64-w64-mingw32/lib/../lib/libuser32.a(dyqeh.o)
 .text          0x0000000000407f60        0x0 c:/ProgramFiles/mingw-w64-x86_64-8.1.0-posix-seh-rt_v6-rev0/mingw64/bin/../lib/gcc/x86_64-w64-mingw32/8.1.0/../../../../x86_64-w64-mingw32/lib/../lib/libuser32.a(dyqet.o)
 .text          0x0000000000407f60        0x8 c:/ProgramFiles/mingw-w64-x86_64-8.1.0-posix-seh-rt_v6-rev0/mingw64/bin/../lib/gcc/x86_64-w64-mingw32/8.1.0/../../../../x86_64-w64-mingw32/lib/../lib/libkernel32.a(dqifs01445.o)
                0x0000000000407f60                VirtualQuery
 .text          0x0000000000407f68        0x8 c:/ProgramFiles/mingw-w64-x86_64-8.1.0-posix-seh-rt_v6-rev0/mingw64/bin/../lib/gcc/x86_64-w64-mingw32/8.1.0/../../../../x86_64-w64-mingw32/lib/../lib/libkernel32.a(dqifs01443.o)
                0x0000000000407f68                VirtualProtect
 .text          0x0000000000407f70        0x8 c:/ProgramFiles/mingw-w64-x86_64-8.1.0-posix-seh-rt_v6-rev0/mingw64/bin/../lib/gcc/x86_64-w64-mingw32/8.1.0/../../../../x86_64-w64-mingw32/lib/../lib/libkernel32.a(dqifs01409.o)
                0x0000000000407f70                UnhandledExceptionFilter
 .text          0x0000000000407f78        0x8 c:/ProgramFiles/mingw-w64-x86_64-8.1.0-posix-seh-rt_v6-rev0/mingw64/bin/../lib/gcc/x86_64-w64-mingw32/8.1.0/../../../../x86_64-w64-mingw32/lib/../lib/libkernel32.a(dqifs01395.o)
                0x0000000000407f78                TlsGetValue
 .text          0x0000000000407f80        0x8 c:/ProgramFiles/mingw-w64-x86_64-8.1.0-posix-seh-rt_v6-rev0/mingw64/bin/../lib/gcc/x86_64-w64-mingw32/8.1.0/../../../../x86_64-w64-mingw32/lib/../lib/libkernel32.a(dqifs01375.o)
                0x0000000000407f80                TerminateProcess
 .text          0x0000000000407f88        0x8 c:/ProgramFiles/mingw-w64-x86_64-8.1.0-posix-seh-rt_v6-rev0/mingw64/bin/../lib/gcc/x86_64-w64-mingw32/8.1.0/../../../../x86_64-w64-mingw32/lib/../lib/libkernel32.a(dqifs01360.o)
                0x0000000000407f88                Sleep
 .text          0x0000000000407f90        0x8 c:/ProgramFiles/mingw-w64-x86_64-8.1.0-posix-seh-rt_v6-rev0/mingw64/bin/../lib/gcc/x86_64-w64-mingw32/8.1.0/../../../../x86_64-w64-mingw32/lib/../lib/libkernel32.a(dqifs01346.o)
                0x0000000000407f90                SetUnhandledExceptionFilter
 .text          0x0000000000407f98        0x8 c:/ProgramFiles/mingw-w64-x86_64-8.1.0-posix-seh-rt_v6-rev0/mingw64/bin/../lib/gcc/x86_64-w64-mingw32/8.1.0/../../../../x86_64-w64-mingw32/lib/../lib/libkernel32.a(dqifs01194.o)
                0x0000000000407f98                RtlVirtualUnwind
 .text          0x0000000000407fa0        0x8 c:/ProgramFiles/mingw-w64-x86_64-8.1.0-posix-seh-rt_v6-rev0/mingw64/bin/../lib/gcc/x86_64-w64-mingw32/8.1.0/../../../../x86_64-w64-mingw32/lib/../lib/libkernel32.a(dqifs01187.o)
                0x0000000000407fa0                RtlLookupFunctionEntry
 .text          0x0000000000407fa8        0x8 c:/ProgramFiles/mingw-w64-x86_64-8.1.0-posix-seh-rt_v6-rev0/mingw64/bin/../lib/gcc/x86_64-w64-mingw32/8.1.0/../../../../x86_64-w64-mingw32/lib/../lib/libkernel32.a(dqifs01180.o)
                0x0000000000407fa8                RtlCaptureContext
 .text          0x0000000000407fb0        0x8 c:/ProgramFiles/mingw-w64-x86_64-8.1.0-posix-seh-rt_v6-rev0/mingw64/bin/../lib/gcc/x86_64-w64-mingw32/8.1.0/../../../../x86_64-w64-mingw32/lib/../lib/libkernel32.a(dqifs01179.o)
                0x0000000000407fb0                RtlAddFunctionTable
 .text          0x0000000000407fb8        0x8 c:/ProgramFiles/mingw-w64-x86_64-8.1.0-posix-seh-rt_v6-rev0/mingw64/bin/../lib/gcc/x86_64-w64-mingw32/8.1.0/../../../../x86_64-w64-mingw32/lib/../lib/libkernel32.a(dqifs01093.o)
                0x0000000000407fb8                QueryPerformanceCounter
 .text          0x0000000000407fc0        0x8 c:/ProgramFiles/mingw-w64-x86_64-8.1.0-posix-seh-rt_v6-rev0/mingw64/bin/../lib/gcc/x86_64-w64-mingw32/8.1.0/../../../../x86_64-w64-mingw32/lib/../lib/libkernel32.a(dqifs00951.o)
                0x0000000000407fc0                LeaveCriticalSection
 .text          0x0000000000407fc8        0x8 c:/ProgramFiles/mingw-w64-x86_64-8.1.0-posix-seh-rt_v6-rev0/mingw64/bin/../lib/gcc/x86_64-w64-mingw32/8.1.0/../../../../x86_64-w64-mingw32/lib/../lib/libkernel32.a(dqifs00863.o)
                0x0000000000407fc8                InitializeCriticalSection
 .text          0x0000000000407fd0        0x8 c:/ProgramFiles/mingw-w64-x86_64-8.1.0-posix-seh-rt_v6-rev0/mingw64/bin/../lib/gcc/x86_64-w64-mingw32/8.1.0/../../../../x86_64-w64-mingw32/lib/../lib/libkernel32.a(dqifs00774.o)
                0x0000000000407fd0                GetTickCount
 .text          0x0000000000407fd8        0x8 c:/ProgramFiles/mingw-w64-x86_64-8.1.0-posix-seh-rt_v6-rev0/mingw64/bin/../lib/gcc/x86_64-w64-mingw32/8.1.0/../../../../x86_64-w64-mingw32/lib/../lib/libkernel32.a(dqifs00746.o)
                0x0000000000407fd8                GetSystemTimeAsFileTime
 .text          0x0000000000407fe0        0x8 c:/ProgramFiles/mingw-w64-x86_64-8.1.0-posix-seh-rt_v6-rev0/mingw64/bin/../lib/gcc/x86_64-w64-mingw32/8.1.0/../../../../x86_64-w64-mingw32/lib/../lib/libkernel32.a(dqifs00721.o)
                0x0000000000407fe0                GetStartupInfoA
 .text          0x0000000000407fe8        0x8 c:/ProgramFiles/mingw-w64-x86_64-8.1.0-posix-seh-rt_v6-rev0/mingw64/bin/../lib/gcc/x86_64-w64-mingw32/8.1.0/../../../../x86_64-w64-mingw32/lib/../lib/libkernel32.a(dqifs00629.o)
                0x0000000000407fe8                GetModuleFileNameW
 .text          0x0000000000407ff0        0x8 c:/ProgramFiles/mingw-w64-x86_64-8.1.0-posix-seh-rt_v6-rev0/mingw64/bin/../lib/gcc/x86_64-w64-mingw32/8.1.0/../../../../x86_64-w64-mingw32/lib/../lib/libkernel32.a(dqifs00609.o)
                0x0000000000407ff0                GetLastError
 .text          0x0000000000407ff8        0x8 c:/ProgramFiles/mingw-w64-x86_64-8.1.0-posix-seh-rt_v6-rev0/mingw64/bin/../lib/gcc/x86_64-w64-mingw32/8.1.0/../../../../x86_64-w64-mingw32/lib/../lib/libkernel32.a(dqifs00578.o)
                0x0000000000407ff8                GetFileAttributesA
 .text          0x0000000000408000        0x8 c:/ProgramFiles/mingw-w64-x86_64-8.1.0-posix-seh-rt_v6-rev0/mingw64/bin/../lib/gcc/x86_64-w64-mingw32/8.1.0/../../../../x86_64-w64-mingw32/lib/../lib/libkernel32.a(dqifs00540.o)
                0x0000000000408000                GetCurrentThreadId
 .text          0x0000000000408008        0x8 c:/ProgramFiles/mingw-w64-x86_64-8.1.0-posix-seh-rt_v6-rev0/mingw64/bin/../lib/gcc/x86_64-w64-mingw32/8.1.0/../../../../x86_64-w64-mingw32/lib/../lib/libkernel32.a(dqifs00536.o)
                0x0000000000408008                GetCurrentProcessId
 .text          0x0000000000408010        0x8 c:/ProgramFiles/mingw-w64-x86_64-8.1.0-posix-seh-rt_v6-rev0/mingw64/bin/../lib/gcc/x86_64-w64-mingw32/8.1.0/../../../../x86_64-w64-mingw32/lib/../lib/libkernel32.a(dqifs00535.o)
                0x0000000000408010                GetCurrentProcess
 .text          0x0000000000408018        0x8 c:/ProgramFiles/mingw-w64-x86_64-8.1.0-posix-seh-rt_v6-rev0/mingw64/bin/../lib/gcc/x86_64-w64-mingw32/8.1.0/../../../../x86_64-w64-mingw32/lib/../lib/libkernel32.a(dqifs00304.o)
                0x0000000000408018                EnterCriticalSection
 .text          0x0000000000408020        0x8 c:/ProgramFiles/mingw-w64-x86_64-8.1.0-posix-seh-rt_v6-rev0/mingw64/bin/../lib/gcc/x86_64-w64-mingw32/8.1.0/../../../../x86_64-w64-mingw32/lib/../lib/libkernel32.a(dqifs00268.o)
                0x0000000000408020                DeleteCriticalSection
 *fill*         0x0000000000408028        0x8 
 .text          0x0000000000408030        0x0 c:/ProgramFiles/mingw-w64-x86_64-8.1.0-posix-seh-rt_v6-rev0/mingw64/bin/../lib/gcc/x86_64-w64-mingw32/8.1.0/../../../../x86_64-w64-mingw32/lib/../lib/libkernel32.a(dqifh.o)
 .text          0x0000000000408030        0x0 c:/ProgramFiles/mingw-w64-x86_64-8.1.0-posix-seh-rt_v6-rev0/mingw64/bin/../lib/gcc/x86_64-w64-mingw32/8.1.0/../../../../x86_64-w64-mingw32/lib/../lib/libkernel32.a(dqift.o)
 .text          0x0000000000408030        0x0 c:/ProgramFiles/mingw-w64-x86_64-8.1.0-posix-seh-rt_v6-rev0/mingw64/bin/../lib/gcc/x86_64-w64-mingw32/8.1.0/../../../../x86_64-w64-mingw32/lib/../lib/libmsvcrt.a(duags00253.o)
 .text          0x0000000000408030        0x0 c:/ProgramFiles/mingw-w64-x86_64-8.1.0-posix-seh-rt_v6-rev0/mingw64/bin/../lib/gcc/x86_64-w64-mingw32/8.1.0/crtend.o
 *(SORT_BY_NAME(.text$*))
 .text$add      0x0000000000408030      0x170 bin/win/DEBUG/obj/mhn_mapOsFrameHandleToCanIfHandle.o
 .text$addKeyValuePair
                0x00000000004081a0      0x1a0 bin/win/DEBUG/obj/m16_mapDirectLookupU16.o
 .text$addKeyValuePair
                0x0000000000408340      0x160 bin/win/DEBUG/obj/mci_mapBinarySearchCanId.o
 .text$addKeyValuePair
                0x00000000004084a0      0x210 bin/win/DEBUG/obj/mpo_mapOffsetOnly.o
 .text$addKeyValuePair
                0x00000000004086b0      0x1a0 bin/win/DEBUG/obj/mu8_mapDirectLookupU8.o
 .text$alignedSizeOfObject
                0x0000000000408850       0x30 bin/win/DEBUG/obj/vsq_threadSafeQueueVariableSize.o
 .text$allocTailElement
                0x0000000000408880      0x250 bin/win/DEBUG/obj/vsq_threadSafeQueueVariableSize.o
 .text$apt_irqHandlerBusOff
                0x0000000000408ad0      0x1b0 bin/win/DEBUG/obj/apt_applicationTask.o
                0x0000000000408ad0                apt_irqHandlerBusOff
 .text$apt_irqHandlerRxCan
                0x0000000000408c80      0x170 bin/win/DEBUG/obj/apt_applicationTask.o
                0x0000000000408c80                apt_irqHandlerRxCan
 .text$apt_task100ms
                0x0000000000408df0       0xb0 bin/win/DEBUG/obj/apt_applicationTask.o
                0x0000000000408df0                apt_task100ms
 .text$apt_task10ms
                0x0000000000408ea0       0xb0 bin/win/DEBUG/obj/apt_applicationTask.o
                0x0000000000408ea0                apt_task10ms
 .text$apt_taskInit
                0x0000000000408f50      0x640 bin/win/DEBUG/obj/apt_applicationTask.o
                0x0000000000408f50                apt_taskInit
 .text$apt_taskShutdown
                0x0000000000409590      0x420 bin/win/DEBUG/obj/apt_applicationTask.o
                0x0000000000409590                apt_taskShutdown
 .text$byteOffsetOfRingBuffer
                0x00000000004099b0       0x20 bin/win/DEBUG/obj/vsq_threadSafeQueueVariableSize.o
 .text$calculateSizeOfRingBuffer
                0x00000000004099d0       0x70 bin/win/DEBUG/obj/vsq_threadSafeQueueVariableSize.o
 .text$cbk_initInterface
                0x0000000000409a40      0x4b0 bin/win/DEBUG/obj/cbk_callbacks.o
                0x0000000000409a40                cbk_initInterface
 .text$checkForInstallDir
                0x0000000000409ef0       0xd0 bin/win/DEBUG/obj/fil_file.o
 .text$checkUserInput
                0x0000000000409fc0      0x1c0 bin/win/DEBUG/obj/opt_getOpt.o
 .text$chk_computeChecksum
                0x000000000040a180       0xe0 bin/win/DEBUG/obj/chk_checksum.o
                0x000000000040a180                chk_computeChecksum
 .text$chk_updateSequenceCounter
                0x000000000040a260       0x80 bin/win/DEBUG/obj/chk_checksum.o
                0x000000000040a260                chk_updateSequenceCounter
 .text$chk_validateChecksum
                0x000000000040a2e0       0x90 bin/win/DEBUG/obj/chk_checksum.o
                0x000000000040a2e0                chk_validateChecksum
 .text$chk_validateSequenceCounter
                0x000000000040a370      0x110 bin/win/DEBUG/obj/chk_checksum.o
                0x000000000040a370                chk_validateSequenceCounter
 .text$clockMsgSpeed
                0x000000000040a480      0x690 bin/win/DEBUG/obj/oss_operatingSystemSimulation.o
 .text$clockMsgTorque
                0x000000000040ab10      0x650 bin/win/DEBUG/obj/oss_operatingSystemSimulation.o
 .text$clockMsgUserLimits
                0x000000000040b160      0x580 bin/win/DEBUG/obj/oss_operatingSystemSimulation.o
 .text$comparePairsIdAndIdxById
                0x000000000040b6e0       0x60 bin/win/DEBUG/obj/mci_mapBinarySearchCanId.o
 .text$createTimer
                0x000000000040b740      0x220 bin/win/DEBUG/obj/ede_eventDispatcherEngine.o
 .text$edePortDisp_freeBuffer
                0x000000000040b960       0x10 bin/win/DEBUG/obj/vsq_dispatcherPortInterface.o
 .text$edePortDisp_readBuffer
                0x000000000040b970       0x70 bin/win/DEBUG/obj/vsq_dispatcherPortInterface.o
 .text$edePortSdr_allocBuffer
                0x000000000040b9e0       0x30 bin/win/DEBUG/obj/vsq_dispatcherPortInterface.o
 .text$edePortSdr_submitBuffer
                0x000000000040ba10       0x30 bin/win/DEBUG/obj/vsq_dispatcherPortInterface.o
 .text$ede_createDispatcher
                0x000000000040ba40      0x1d0 bin/win/DEBUG/obj/ede_eventDispatcherEngine.o
                0x000000000040ba40                ede_createDispatcher
 .text$ede_createDispatcherSystem
                0x000000000040bc10      0x1e0 bin/win/DEBUG/obj/ede_eventDispatcherEngine.o
                0x000000000040bc10                ede_createDispatcherSystem
 .text$ede_createPeriodicTimer
                0x000000000040bdf0       0x50 bin/win/DEBUG/obj/ede_eventDispatcherEngine.o
                0x000000000040bdf0                ede_createPeriodicTimer
 .text$ede_createSender
                0x000000000040be40      0x190 bin/win/DEBUG/obj/ede_eventSender.o
                0x000000000040be40                ede_createSender
 .text$ede_createSingleShotTimer
                0x000000000040bfd0       0x50 bin/win/DEBUG/obj/ede_eventDispatcherEngine.o
                0x000000000040bfd0                ede_createSingleShotTimer
 .text$ede_dispatcherMain
                0x000000000040c020      0x400 bin/win/DEBUG/obj/ede_eventDispatcherEngine.o
                0x000000000040c020                ede_dispatcherMain
 .text$ede_getEventData
                0x000000000040c420       0x60 bin/win/DEBUG/obj/ede_eventDispatcherEngine.o
                0x000000000040c420                ede_getEventData
 .text$ede_getEventSourceData
                0x000000000040c480       0x30 bin/win/DEBUG/obj/ede_eventDispatcherEngine.o
                0x000000000040c480                ede_getEventSourceData
 .text$ede_getHandleTimer
                0x000000000040c4b0       0x50 bin/win/DEBUG/obj/ede_eventDispatcherEngine.o
                0x000000000040c4b0                ede_getHandleTimer
 .text$ede_getIdxEventSource
                0x000000000040c500       0xf0 bin/win/DEBUG/obj/ede_eventDispatcherEngine.o
                0x000000000040c500                ede_getIdxEventSource
 .text$ede_getIdxExternalEventSource
                0x000000000040c5f0       0x80 bin/win/DEBUG/obj/ede_eventDispatcherEngine.o
                0x000000000040c5f0                ede_getIdxExternalEventSource
 .text$ede_getIdxInternalEventSource
                0x000000000040c670       0x70 bin/win/DEBUG/obj/ede_eventDispatcherEngine.o
                0x000000000040c670                ede_getIdxInternalEventSource
 .text$ede_getIdxPort
                0x000000000040c6e0       0x20 bin/win/DEBUG/obj/ede_eventDispatcherEngine.o
                0x000000000040c6e0                ede_getIdxPort
 .text$ede_getKindOfEvent
                0x000000000040c700       0x10 bin/win/DEBUG/obj/ede_eventDispatcherEngine.o
                0x000000000040c700                ede_getKindOfEvent
 .text$ede_getNoSenderPortBlockedEvents
                0x000000000040c710       0x60 bin/win/DEBUG/obj/ede_eventSender.o
                0x000000000040c710                ede_getNoSenderPortBlockedEvents
 .text$ede_getTimerContextData
                0x000000000040c770       0x70 bin/win/DEBUG/obj/ede_eventDispatcherEngine.o
                0x000000000040c770                ede_getTimerContextData
 .text$ede_installCallback
                0x000000000040c7e0       0xf0 bin/win/DEBUG/obj/ede_eventDispatcherEngine.o
                0x000000000040c7e0                ede_installCallback
 .text$ede_killTimer
                0x000000000040c8d0       0x30 bin/win/DEBUG/obj/ede_eventDispatcherEngine.o
                0x000000000040c8d0                ede_killTimer
 .text$ede_postEvent
                0x000000000040c900       0xc0 bin/win/DEBUG/obj/ede_eventSender.o
                0x000000000040c900                ede_postEvent
 .text$ede_postEventToPort
                0x000000000040c9c0      0x140 bin/win/DEBUG/obj/ede_eventSender.o
                0x000000000040c9c0                ede_postEventToPort
 .text$ede_registerExternalEventSource
                0x000000000040cb00      0x180 bin/win/DEBUG/obj/ede_eventDispatcherEngine.o
                0x000000000040cb00                ede_registerExternalEventSource
 .text$ede_registerInternalEventSource
                0x000000000040cc80      0x110 bin/win/DEBUG/obj/ede_eventDispatcherEngine.o
                0x000000000040cc80                ede_registerInternalEventSource
 .text$ede_retriggerSingleShotTimer
                0x000000000040cd90       0xc0 bin/win/DEBUG/obj/ede_eventDispatcherEngine.o
                0x000000000040cd90                ede_retriggerSingleShotTimer
 .text$ede_suspendSingleShotTimer
                0x000000000040ce50       0x90 bin/win/DEBUG/obj/ede_eventDispatcherEngine.o
                0x000000000040ce50                ede_suspendSingleShotTimer
 .text$fil_changeExtension
                0x000000000040cee0      0x120 bin/win/DEBUG/obj/fil_file.o
                0x000000000040cee0                fil_changeExtension
 .text$fil_changeFileName
                0x000000000040d000      0x120 bin/win/DEBUG/obj/fil_file.o
                0x000000000040d000                fil_changeFileName
 .text$fil_copyDir
                0x000000000040d120      0x250 bin/win/DEBUG/obj/fil_file.o
                0x000000000040d120                fil_copyDir
 .text$fil_copyFile
                0x000000000040d370      0x100 bin/win/DEBUG/obj/fil_file.o
                0x000000000040d370                fil_copyFile
 .text$fil_splitPath
                0x000000000040d470      0x1b0 bin/win/DEBUG/obj/fil_file.o
                0x000000000040d470                fil_splitPath
 .text$get      0x000000000040d620       0x50 bin/win/DEBUG/obj/mhn_mapOsFrameHandleToCanIfHandle.o
 .text$getElementAt
                0x000000000040d670       0x60 bin/win/DEBUG/obj/vsq_threadSafeQueueVariableSize.o
 .text$getEventSourceFromContext
                0x000000000040d6d0       0x40 bin/win/DEBUG/obj/ede_eventDispatcherEngine.o
 .text$getIdxByCanId
                0x000000000040d710       0xb0 bin/win/DEBUG/obj/mci_mapBinarySearchCanId.o
 .text$getLinkPtrOfElementAt
                0x000000000040d7c0       0x60 bin/win/DEBUG/obj/vsq_threadSafeQueueVariableSize.o
 .text$getLogFileName
                0x000000000040d820      0x220 bin/win/DEBUG/obj/main.o
 .text$getNbrOfAllocatedBytes
                0x000000000040da40       0x30 bin/win/DEBUG/obj/mem_malloc.o
 .text$getNbrOfAvailableBytes
                0x000000000040da70       0x50 bin/win/DEBUG/obj/mem_malloc.o
 .text$getTimeStr
                0x000000000040dac0       0x80 bin/win/DEBUG/obj/main.o
 .text$getTimerObject
                0x000000000040db40       0x80 bin/win/DEBUG/obj/ede_eventDispatcherEngine.o
 .text$getValue
                0x000000000040dbc0      0x130 bin/win/DEBUG/obj/m16_mapDirectLookupU16.o
 .text$getValue
                0x000000000040dcf0      0x180 bin/win/DEBUG/obj/mci_mapBinarySearchCanId.o
 .text$getValue
                0x000000000040de70       0x30 bin/win/DEBUG/obj/mid_mapIdentity.o
 .text$getValue
                0x000000000040dea0      0x100 bin/win/DEBUG/obj/mpo_mapOffsetOnly.o
 .text$getValue
                0x000000000040dfa0      0x130 bin/win/DEBUG/obj/mu8_mapDirectLookupU8.o
 .text$invokeCallback
                0x000000000040e0d0       0x70 bin/win/DEBUG/obj/ede_eventDispatcherEngine.o
 .text$isExtEventSrc
                0x000000000040e140       0xc0 bin/win/DEBUG/obj/ede_eventDispatcherEngine.o
 .text$isaligned
                0x000000000040e200       0x20 bin/win/DEBUG/obj/vsq_threadSafeQueueVariableSize.o
 .text$logCanFrame
                0x000000000040e220      0x130 bin/win/DEBUG/obj/oss_operatingSystemSimulation.o
 .text$logInternal
                0x000000000040e350      0x340 bin/win/DEBUG/obj/log_logger.o
 .text$log_cloneByReference
                0x000000000040e690       0x60 bin/win/DEBUG/obj/log_logger.o
                0x000000000040e690                log_cloneByReference
 .text$log_close
                0x000000000040e6f0       0x60 bin/win/DEBUG/obj/log_logger.o
                0x000000000040e6f0                log_close
 .text$log_createLogger
                0x000000000040e750      0x100 bin/win/DEBUG/obj/log_logger.o
                0x000000000040e750                log_createLogger
 .text$log_deleteLogger
                0x000000000040e850       0x80 bin/win/DEBUG/obj/log_logger.o
                0x000000000040e850                log_deleteLogger
 .text$log_flush
                0x000000000040e8d0       0x70 bin/win/DEBUG/obj/log_logger.o
                0x000000000040e8d0                log_flush
 .text$log_getLengthOfLineHeader
                0x000000000040e940       0x60 bin/win/DEBUG/obj/log_logger.o
                0x000000000040e940                log_getLengthOfLineHeader
 .text$log_getLineFormat
                0x000000000040e9a0       0x20 bin/win/DEBUG/obj/main.o
 .text$log_getLogLevel
                0x000000000040e9c0       0x20 bin/win/DEBUG/obj/apt_applicationTask.o
 .text$log_getLogLevel
                0x000000000040e9e0       0x20 bin/win/DEBUG/obj/cbk_callbacks.o
 .text$log_getLogLevel
                0x000000000040ea00       0x20 bin/win/DEBUG/obj/log_logger.o
 .text$log_getLogLevel
                0x000000000040ea20       0x20 bin/win/DEBUG/obj/main.o
 .text$log_getLogLevel
                0x000000000040ea40       0x20 bin/win/DEBUG/obj/mhn_mapOsFrameHandleToCanIfHandle.o
 .text$log_getLogLevel
                0x000000000040ea60       0x20 bin/win/DEBUG/obj/oss_operatingSystemSimulation.o
 .text$log_getLogLevel
                0x000000000040ea80       0x20 bin/win/DEBUG/obj/pwr_computeEnginePower.o
 .text$log_getStreams
                0x000000000040eaa0       0x90 bin/win/DEBUG/obj/log_logger.o
                0x000000000040eaa0                log_getStreams
 .text$log_initModule
                0x000000000040eb30       0x70 bin/win/DEBUG/obj/log_logger.o
                0x000000000040eb30                log_initModule
 .text$log_log  0x000000000040eba0       0x70 bin/win/DEBUG/obj/log_logger.o
                0x000000000040eba0                log_log
 .text$log_logLine
                0x000000000040ec10       0xf0 bin/win/DEBUG/obj/log_logger.o
                0x000000000040ec10                log_logLine
 .text$log_parseLineFormat
                0x000000000040ed00       0xc0 bin/win/DEBUG/obj/log_logger.o
                0x000000000040ed00                log_parseLineFormat
 .text$log_parseLogLevel
                0x000000000040edc0      0x110 bin/win/DEBUG/obj/log_logger.o
                0x000000000040edc0                log_parseLogLevel
 .text$log_setEchoToConsole
                0x000000000040eed0       0x20 bin/win/DEBUG/obj/log_logger.o
                0x000000000040eed0                log_setEchoToConsole
 .text$log_setLineFormat
                0x000000000040eef0       0x40 bin/win/DEBUG/obj/log_logger.o
                0x000000000040eef0                log_setLineFormat
 .text$log_setLogLevel
                0x000000000040ef30       0x40 bin/win/DEBUG/obj/log_logger.o
                0x000000000040ef30                log_setLogLevel
 .text$log_shutdownModule
                0x000000000040ef70       0x50 bin/win/DEBUG/obj/log_logger.o
                0x000000000040ef70                log_shutdownModule
 .text$m16_createMapDirectLookupU16
                0x000000000040efc0      0x300 bin/win/DEBUG/obj/m16_mapDirectLookupU16.o
                0x000000000040efc0                m16_createMapDirectLookupU16
 .text$main     0x000000000040f2c0      0x410 bin/win/DEBUG/obj/main.o
                0x000000000040f2c0                main
 .text$mallocChunk
                0x000000000040f6d0      0x100 bin/win/DEBUG/obj/mem_malloc.o
 .text$mci_createMapBinarySearchCanId
                0x000000000040f7d0      0x1b0 bin/win/DEBUG/obj/mci_mapBinarySearchCanId.o
                0x000000000040f7d0                mci_createMapBinarySearchCanId
 .text$mem_createMemoryPool
                0x000000000040f980      0x120 bin/win/DEBUG/obj/mem_malloc.o
                0x000000000040f980                mem_createMemoryPool
 .text$mhn_addMapEntrySenderEvHandleToSenderPortIndex
                0x000000000040faa0       0xb0 bin/win/DEBUG/obj/mhn_mapOsFrameHandleToCanIfHandle.o
                0x000000000040faa0                mhn_addMapEntrySenderEvHandleToSenderPortIndex
 .text$mhn_addOsToEdeHandlePair
                0x000000000040fb50       0x70 bin/win/DEBUG/obj/mhn_mapOsFrameHandleToCanIfHandle.o
                0x000000000040fb50                mhn_addOsToEdeHandlePair
 .text$mhn_assignFrameToDispatcher
                0x000000000040fbc0      0x130 bin/win/DEBUG/obj/mhn_mapOsFrameHandleToCanIfHandle.o
                0x000000000040fbc0                mhn_assignFrameToDispatcher
 .text$mhn_initModule
                0x000000000040fcf0       0x70 bin/win/DEBUG/obj/mhn_mapOsFrameHandleToCanIfHandle.o
                0x000000000040fcf0                mhn_initModule
 .text$mhn_mapOsFrameHandleToEdeIdx
                0x000000000040fd60       0x50 bin/win/DEBUG/obj/mhn_mapOsFrameHandleToCanIfHandle.o
                0x000000000040fd60                mhn_mapOsFrameHandleToEdeIdx
 .text$mhn_mapSenderEvHandleToSenderPortIndex
                0x000000000040fdb0       0xf0 bin/win/DEBUG/obj/mhn_mapOsFrameHandleToCanIfHandle.o
                0x000000000040fdb0                mhn_mapSenderEvHandleToSenderPortIndex
 .text$mid_createMapIdentity
                0x000000000040fea0       0x40 bin/win/DEBUG/obj/mid_mapIdentity.o
                0x000000000040fea0                mid_createMapIdentity
 .text$mpo_createMapOffsetOnly
                0x000000000040fee0      0x140 bin/win/DEBUG/obj/mpo_mapOffsetOnly.o
                0x000000000040fee0                mpo_createMapOffsetOnly
 .text$mu8_createMapDirectLookupU8
                0x0000000000410020      0x300 bin/win/DEBUG/obj/mu8_mapDirectLookupU8.o
                0x0000000000410020                mu8_createMapDirectLookupU8
 .text$onBusOnOff
                0x0000000000410320      0x330 bin/win/DEBUG/obj/apt_applicationTask.o
 .text$onDueCheckEventFrame_PT_1537
                0x0000000000410650       0xf0 bin/win/DEBUG/obj/cbk_callbacks.o
 .text$onDueCheckEventFrame_PT_1538
                0x0000000000410740       0xf0 bin/win/DEBUG/obj/cbk_callbacks.o
 .text$onInitBus
                0x0000000000410830       0xe0 bin/win/DEBUG/obj/apt_applicationTask.o
 .text$onInitFrame_PT_1024
                0x0000000000410910      0x130 bin/win/DEBUG/obj/cbk_callbacks.o
 .text$onInitFrame_PT_1040
                0x0000000000410a40      0x130 bin/win/DEBUG/obj/cbk_callbacks.o
 .text$onInitFrame_PT_1536
                0x0000000000410b70      0x110 bin/win/DEBUG/obj/cbk_callbacks.o
 .text$onInitFrame_PT_1537
                0x0000000000410c80      0x160 bin/win/DEBUG/obj/cbk_callbacks.o
 .text$onInitFrame_PT_1538
                0x0000000000410de0      0x120 bin/win/DEBUG/obj/cbk_callbacks.o
 .text$onInitFrame_PT_2032
                0x0000000000410f00       0xe0 bin/win/DEBUG/obj/cbk_callbacks.o
 .text$onReceiveFrame_PT_1024
                0x0000000000410fe0      0x400 bin/win/DEBUG/obj/cbk_callbacks.o
 .text$onReceiveFrame_PT_1040
                0x00000000004113e0      0x400 bin/win/DEBUG/obj/cbk_callbacks.o
 .text$onReceiveFrame_PT_2032
                0x00000000004117e0      0x3f0 bin/win/DEBUG/obj/cbk_callbacks.o
 .text$onSendFrame_PT_1536
                0x0000000000411bd0      0x1e0 bin/win/DEBUG/obj/cbk_callbacks.o
 .text$onSendFrame_PT_1537
                0x0000000000411db0      0x220 bin/win/DEBUG/obj/cbk_callbacks.o
 .text$onSendFrame_PT_1538
                0x0000000000411fd0      0x1f0 bin/win/DEBUG/obj/cbk_callbacks.o
 .text$onTimeoutFrame_PT_1024
                0x00000000004121c0      0x140 bin/win/DEBUG/obj/cbk_callbacks.o
 .text$onTimeoutFrame_PT_1040
                0x0000000000412300      0x140 bin/win/DEBUG/obj/cbk_callbacks.o
 .text$opt_echoUserInput
                0x0000000000412440      0x1a0 bin/win/DEBUG/obj/opt_getOpt.o
                0x0000000000412440                opt_echoUserInput
 .text$opt_parseCmdLine
                0x00000000004125e0      0x450 bin/win/DEBUG/obj/opt_getOpt.o
                0x00000000004125e0                opt_parseCmdLine
 .text$oss_installIrqHandlerCanBusOff
                0x0000000000412a30       0x30 bin/win/DEBUG/obj/oss_operatingSystemSimulation.o
                0x0000000000412a30                oss_installIrqHandlerCanBusOff
 .text$oss_installIrqHandlerCanRx
                0x0000000000412a60       0x30 bin/win/DEBUG/obj/oss_operatingSystemSimulation.o
                0x0000000000412a60                oss_installIrqHandlerCanRx
 .text$oss_installTask
                0x0000000000412a90       0x80 bin/win/DEBUG/obj/oss_operatingSystemSimulation.o
                0x0000000000412a90                oss_installTask
 .text$oss_kernel
                0x0000000000412b10      0x240 bin/win/DEBUG/obj/oss_operatingSystemSimulation.o
                0x0000000000412b10                oss_kernel
 .text$oss_registerFrameForReception
                0x0000000000412d50       0xd0 bin/win/DEBUG/obj/oss_operatingSystemSimulation.o
                0x0000000000412d50                oss_registerFrameForReception
 .text$oss_registerFrameForSending
                0x0000000000412e20       0x90 bin/win/DEBUG/obj/oss_operatingSystemSimulation.o
                0x0000000000412e20                oss_registerFrameForSending
 .text$oss_restartCanBus
                0x0000000000412eb0      0x240 bin/win/DEBUG/obj/oss_operatingSystemSimulation.o
                0x0000000000412eb0                oss_restartCanBus
 .text$oss_sendCanFrame
                0x00000000004130f0      0x1c0 bin/win/DEBUG/obj/oss_operatingSystemSimulation.o
                0x00000000004130f0                oss_sendCanFrame
 .text$pck_pack_PT_InfoPowerDisplay_1536
                0x00000000004132b0      0x120 bin/win/DEBUG/obj/pck_packCanFrame.o
                0x00000000004132b0                pck_pack_PT_InfoPowerDisplay_1536
 .text$pck_pack_PT_LimitsPowerDisplay_1538
                0x00000000004133d0       0xe0 bin/win/DEBUG/obj/pck_packCanFrame.o
                0x00000000004133d0                pck_pack_PT_LimitsPowerDisplay_1538
 .text$pck_pack_PT_StatusPowerDisplay_1537
                0x00000000004134b0      0x170 bin/win/DEBUG/obj/pck_packCanFrame.o
                0x00000000004134b0                pck_pack_PT_StatusPowerDisplay_1537
 .text$pck_unpack_PT_StateEcu01_1024
                0x0000000000413620       0x80 bin/win/DEBUG/obj/pck_packCanFrame.o
                0x0000000000413620                pck_unpack_PT_StateEcu01_1024
 .text$pck_unpack_PT_StateEcu02_1040
                0x00000000004136a0       0x60 bin/win/DEBUG/obj/pck_packCanFrame.o
                0x00000000004136a0                pck_unpack_PT_StateEcu02_1040
 .text$pck_unpack_PT_UserLimits_2032
                0x0000000000413700      0x110 bin/win/DEBUG/obj/pck_packCanFrame.o
                0x0000000000413700                pck_unpack_PT_UserLimits_2032
 .text$postTailElement
                0x0000000000413810       0x20 bin/win/DEBUG/obj/vsq_threadSafeQueueVariableSize.o
 .text$pwr_checkUserLimits
                0x0000000000413830      0x1a0 bin/win/DEBUG/obj/pwr_computeEnginePower.o
                0x0000000000413830                pwr_checkUserLimits
 .text$pwr_computeEnginePwr
                0x00000000004139d0      0x5d0 bin/win/DEBUG/obj/pwr_computeEnginePower.o
                0x00000000004139d0                pwr_computeEnginePwr
 .text$removeTrailingSlash
                0x0000000000413fa0       0x70 bin/win/DEBUG/obj/fil_file.o
 .text$setHdrOfElementAt
                0x0000000000414010       0xa0 bin/win/DEBUG/obj/vsq_threadSafeQueueVariableSize.o
 .text$setLinkPtrOfElementAt
                0x00000000004140b0       0x80 bin/win/DEBUG/obj/vsq_threadSafeQueueVariableSize.o
 .text$smalloc  0x0000000000414130       0x70 bin/win/DEBUG/obj/fil_file.o
 .text$smalloc  0x00000000004141a0       0x70 bin/win/DEBUG/obj/log_logger.o
 .text$smalloc  0x0000000000414210       0x70 bin/win/DEBUG/obj/main.o
 .text$snprintf
                0x0000000000414280       0x50 bin/win/DEBUG/obj/main.o
 .text$snprintf_patchMinGW64
                0x00000000004142d0       0x70 bin/win/DEBUG/obj/fil_file.o
 .text$snprintf_patchMinGW64
                0x0000000000414340       0x70 bin/win/DEBUG/obj/log_logger.o
 .text$stralloccpy
                0x00000000004143b0       0x50 bin/win/DEBUG/obj/fil_file.o
 .text$stralloccpy
                0x0000000000414400       0x50 bin/win/DEBUG/obj/main.o
 .text$task100us
                0x0000000000414450      0x310 bin/win/DEBUG/obj/oss_operatingSystemSimulation.o
 .text$updateGlobalErrCounters
                0x0000000000414760       0xf0 bin/win/DEBUG/obj/pwr_computeEnginePower.o
 .text$vsnprintf
                0x0000000000414850       0x40 bin/win/DEBUG/obj/fil_file.o
 .text$vsnprintf
                0x0000000000414890       0x40 bin/win/DEBUG/obj/log_logger.o
 .text$vsq_acknReSyncHead
                0x00000000004148d0       0x70 bin/win/DEBUG/obj/vsq_threadSafeQueueVariableSize.o
                0x00000000004148d0                vsq_acknReSyncHead
 .text$vsq_allocTailElement
                0x0000000000414940       0x60 bin/win/DEBUG/obj/vsq_threadSafeQueueVariableSize.o
                0x0000000000414940                vsq_allocTailElement
 .text$vsq_createEventQueue
                0x00000000004149a0      0x120 bin/win/DEBUG/obj/vsq_dispatcherPortInterface.o
                0x00000000004149a0                vsq_createEventQueue
 .text$vsq_createEventQueueHead
                0x0000000000414ac0       0xa0 bin/win/DEBUG/obj/vsq_dispatcherPortInterface.o
                0x0000000000414ac0                vsq_createEventQueueHead
 .text$vsq_createEventQueueTail
                0x0000000000414b60       0xc0 bin/win/DEBUG/obj/vsq_dispatcherPortInterface.o
                0x0000000000414b60                vsq_createEventQueueTail
 .text$vsq_createQueueHead
                0x0000000000414c20       0x70 bin/win/DEBUG/obj/vsq_threadSafeQueueVariableSize.o
                0x0000000000414c20                vsq_createQueueHead
 .text$vsq_createQueueTail
                0x0000000000414c90      0x1d0 bin/win/DEBUG/obj/vsq_threadSafeQueueVariableSize.o
                0x0000000000414c90                vsq_createQueueTail
 .text$vsq_getIsCommunicationBroken
                0x0000000000414e60       0x20 bin/win/DEBUG/obj/vsq_threadSafeQueueVariableSize.o
                0x0000000000414e60                vsq_getIsCommunicationBroken
 .text$vsq_getMaximumQueueUsage
                0x0000000000414e80       0x60 bin/win/DEBUG/obj/vsq_threadSafeQueueVariableSize.o
                0x0000000000414e80                vsq_getMaximumQueueUsage
 .text$vsq_getMaximumQueueUsageInByte
                0x0000000000414ee0       0x50 bin/win/DEBUG/obj/vsq_threadSafeQueueVariableSize.o
                0x0000000000414ee0                vsq_getMaximumQueueUsageInByte
 .text$vsq_getSizeOfQueueHead
                0x0000000000414f30       0x10 bin/win/DEBUG/obj/vsq_threadSafeQueueVariableSize.o
                0x0000000000414f30                vsq_getSizeOfQueueHead
 .text$vsq_getSizeOfQueueTail
                0x0000000000414f40       0x90 bin/win/DEBUG/obj/vsq_threadSafeQueueVariableSize.o
                0x0000000000414f40                vsq_getSizeOfQueueTail
 .text$vsq_linkEventQueueHeadWithTail
                0x0000000000414fd0       0x40 bin/win/DEBUG/obj/vsq_dispatcherPortInterface.o
                0x0000000000414fd0                vsq_linkEventQueueHeadWithTail
 .text$vsq_linkEventQueueTailWithHead
                0x0000000000415010       0x40 bin/win/DEBUG/obj/vsq_dispatcherPortInterface.o
                0x0000000000415010                vsq_linkEventQueueTailWithHead
 .text$vsq_linkQueueHeadWithTail
                0x0000000000415050       0x30 bin/win/DEBUG/obj/vsq_threadSafeQueueVariableSize.o
                0x0000000000415050                vsq_linkQueueHeadWithTail
 .text$vsq_linkQueueTailWithHead
                0x0000000000415080       0x50 bin/win/DEBUG/obj/vsq_threadSafeQueueVariableSize.o
                0x0000000000415080                vsq_linkQueueTailWithHead
 .text$vsq_postTailElement
                0x00000000004150d0       0x60 bin/win/DEBUG/obj/vsq_threadSafeQueueVariableSize.o
                0x00000000004150d0                vsq_postTailElement
 .text$vsq_readFromHead
                0x0000000000415130       0xa0 bin/win/DEBUG/obj/vsq_threadSafeQueueVariableSize.o
                0x0000000000415130                vsq_readFromHead
 .text$vsq_writeToTail
                0x00000000004151d0       0x70 bin/win/DEBUG/obj/vsq_threadSafeQueueVariableSize.o
                0x00000000004151d0                vsq_writeToTail
 *(.text.*)
 .text.unlikely
                0x0000000000415240       0x70 c:/ProgramFiles/mingw-w64-x86_64-8.1.0-posix-seh-rt_v6-rev0/mingw64/bin/../lib/gcc/x86_64-w64-mingw32/8.1.0/../../../../x86_64-w64-mingw32/lib/../lib/libmingw32.a(lib64_libmingw32_a-pseudo-reloc.o)
 .text.startup  0x00000000004152b0       0x10 c:/ProgramFiles/mingw-w64-x86_64-8.1.0-posix-seh-rt_v6-rev0/mingw64/bin/../lib/gcc/x86_64-w64-mingw32/8.1.0/crtend.o
 *(.gnu.linkonce.t.*)
 *(.glue_7t)
 *(.glue_7)
                0x00000000004152c0                . = ALIGN (0x8)
                0x00000000004152c0                ___CTOR_LIST__ = .
                0x00000000004152c0                __CTOR_LIST__ = .
                0x00000000004152c0        0x4 LONG 0xffffffffffffffff
                0x00000000004152c4        0x4 LONG 0xffffffffffffffff
 *(.ctors)
 *(.ctor)
 *(SORT_BY_NAME(.ctors.*))
 .ctors.65535   0x00000000004152c8        0x8 c:/ProgramFiles/mingw-w64-x86_64-8.1.0-posix-seh-rt_v6-rev0/mingw64/bin/../lib/gcc/x86_64-w64-mingw32/8.1.0/crtend.o
                0x00000000004152d0        0x4 LONG 0x0
                0x00000000004152d4        0x4 LONG 0x0
                0x00000000004152d8                ___DTOR_LIST__ = .
                0x00000000004152d8                __DTOR_LIST__ = .
                0x00000000004152d8        0x4 LONG 0xffffffffffffffff
                0x00000000004152dc        0x4 LONG 0xffffffffffffffff
 *(.dtors)
 *(.dtor)
 *(SORT_BY_NAME(.dtors.*))
                0x00000000004152e0        0x4 LONG 0x0
                0x00000000004152e4        0x4 LONG 0x0
 *(.fini)
 *(.gcc_exc)
                [!provide]                        PROVIDE (etext = .)
 *(.gcc_except_table)

.data           0x0000000000416000     0x5600
                0x0000000000416000                __data_start__ = .
 *(.data)
 .data          0x0000000000416000       0x10 c:/ProgramFiles/mingw-w64-x86_64-8.1.0-posix-seh-rt_v6-rev0/mingw64/bin/../lib/gcc/x86_64-w64-mingw32/8.1.0/../../../../x86_64-w64-mingw32/lib/../lib/crt2.o
                0x0000000000416000                __mingw_winmain_nShowCmd
 .data          0x0000000000416010        0x0 c:/ProgramFiles/mingw-w64-x86_64-8.1.0-posix-seh-rt_v6-rev0/mingw64/bin/../lib/gcc/x86_64-w64-mingw32/8.1.0/crtbegin.o
 .data          0x0000000000416010        0x0 bin/win/DEBUG/obj/apt_applicationTask.o
 .data          0x0000000000416010        0x0 bin/win/DEBUG/obj/cbk_callbacks.o
 .data          0x0000000000416010        0x0 bin/win/DEBUG/obj/chk_checksum.o
 .data          0x0000000000416010        0x0 bin/win/DEBUG/obj/ede_eventDispatcherEngine.o
 .data          0x0000000000416010        0x0 bin/win/DEBUG/obj/ede_eventSender.o
 .data          0x0000000000416010        0x0 bin/win/DEBUG/obj/fil_file.o
 .data          0x0000000000416010        0x0 bin/win/DEBUG/obj/log_logger.o
 .data          0x0000000000416010        0x0 bin/win/DEBUG/obj/m16_mapDirectLookupU16.o
 .data          0x0000000000416010        0x0 bin/win/DEBUG/obj/main.o
 .data          0x0000000000416010        0x0 bin/win/DEBUG/obj/mci_mapBinarySearchCanId.o
 .data          0x0000000000416010        0x0 bin/win/DEBUG/obj/mem_malloc.o
 .data          0x0000000000416010        0x0 bin/win/DEBUG/obj/mhn_mapOsFrameHandleToCanIfHandle.o
 .data          0x0000000000416010        0x0 bin/win/DEBUG/obj/mid_mapIdentity.o
 .data          0x0000000000416010        0x0 bin/win/DEBUG/obj/mpo_mapOffsetOnly.o
 .data          0x0000000000416010        0x0 bin/win/DEBUG/obj/mu8_mapDirectLookupU8.o
 *fill*         0x0000000000416010       0x10 
 .data          0x0000000000416020      0x120 bin/win/DEBUG/obj/opt_getOpt.o
 .data          0x0000000000416140        0x0 bin/win/DEBUG/obj/oss_operatingSystemSimulation.o
 .data          0x0000000000416140        0x0 bin/win/DEBUG/obj/pck_packCanFrame.o
 .data          0x0000000000416140        0x0 bin/win/DEBUG/obj/pwr_computeEnginePower.o
 .data          0x0000000000416140        0x0 bin/win/DEBUG/obj/vsq_dispatcherPortInterface.o
 .data          0x0000000000416140        0x0 bin/win/DEBUG/obj/vsq_threadSafeQueueVariableSize.o
 .data          0x0000000000416140       0x10 c:/ProgramFiles/mingw-w64-x86_64-8.1.0-posix-seh-rt_v6-rev0/mingw64/bin/../lib/gcc/x86_64-w64-mingw32/8.1.0/../../../../x86_64-w64-mingw32/lib/../lib/libmingw32.a(lib64_libmingw32_a-gccmain.o)
 .data          0x0000000000416150       0x10 c:/ProgramFiles/mingw-w64-x86_64-8.1.0-posix-seh-rt_v6-rev0/mingw64/bin/../lib/gcc/x86_64-w64-mingw32/8.1.0/../../../../x86_64-w64-mingw32/lib/../lib/libmingw32.a(lib64_libmingw32_a-natstart.o)
                0x0000000000416150                __native_vcclrit_reason
                0x0000000000416154                __native_dllmain_reason
 .data          0x0000000000416160       0x10 c:/ProgramFiles/mingw-w64-x86_64-8.1.0-posix-seh-rt_v6-rev0/mingw64/bin/../lib/gcc/x86_64-w64-mingw32/8.1.0/../../../../x86_64-w64-mingw32/lib/../lib/libmingw32.a(lib64_libmingw32_a-wildcard.o)
                0x0000000000416160                _dowildcard
 .data          0x0000000000416170       0x10 c:/ProgramFiles/mingw-w64-x86_64-8.1.0-posix-seh-rt_v6-rev0/mingw64/bin/../lib/gcc/x86_64-w64-mingw32/8.1.0/../../../../x86_64-w64-mingw32/lib/../lib/libmingw32.a(lib64_libmingw32_a-charmax.o)
                0x0000000000416170                _charmax
 .data          0x0000000000416180        0x0 c:/ProgramFiles/mingw-w64-x86_64-8.1.0-posix-seh-rt_v6-rev0/mingw64/bin/../lib/gcc/x86_64-w64-mingw32/8.1.0/../../../../x86_64-w64-mingw32/lib/../lib/libmingw32.a(lib64_libmingw32_a-dllargv.o)
 .data          0x0000000000416180        0x0 c:/ProgramFiles/mingw-w64-x86_64-8.1.0-posix-seh-rt_v6-rev0/mingw64/bin/../lib/gcc/x86_64-w64-mingw32/8.1.0/../../../../x86_64-w64-mingw32/lib/../lib/libmingw32.a(lib64_libmingw32_a-gs_support.o)
 .data          0x0000000000416180        0x0 c:/ProgramFiles/mingw-w64-x86_64-8.1.0-posix-seh-rt_v6-rev0/mingw64/bin/../lib/gcc/x86_64-w64-mingw32/8.1.0/../../../../x86_64-w64-mingw32/lib/../lib/libmingw32.a(lib64_libmingw32_a-_newmode.o)
 .data          0x0000000000416180        0x0 c:/ProgramFiles/mingw-w64-x86_64-8.1.0-posix-seh-rt_v6-rev0/mingw64/bin/../lib/gcc/x86_64-w64-mingw32/8.1.0/../../../../x86_64-w64-mingw32/lib/../lib/libmingw32.a(lib64_libmingw32_a-tlssup.o)
 .data          0x0000000000416180        0x0 c:/ProgramFiles/mingw-w64-x86_64-8.1.0-posix-seh-rt_v6-rev0/mingw64/bin/../lib/gcc/x86_64-w64-mingw32/8.1.0/../../../../x86_64-w64-mingw32/lib/../lib/libmingw32.a(lib64_libmingw32_a-cinitexe.o)
 .data          0x0000000000416180        0x0 c:/ProgramFiles/mingw-w64-x86_64-8.1.0-posix-seh-rt_v6-rev0/mingw64/bin/../lib/gcc/x86_64-w64-mingw32/8.1.0/../../../../x86_64-w64-mingw32/lib/../lib/libmingw32.a(lib64_libmingw32_a-merr.o)
 .data          0x0000000000416180        0x0 c:/ProgramFiles/mingw-w64-x86_64-8.1.0-posix-seh-rt_v6-rev0/mingw64/bin/../lib/gcc/x86_64-w64-mingw32/8.1.0/../../../../x86_64-w64-mingw32/lib/../lib/libmingw32.a(lib64_libmingw32_a-CRT_fp10.o)
 .data          0x0000000000416180        0x0 c:/ProgramFiles/mingw-w64-x86_64-8.1.0-posix-seh-rt_v6-rev0/mingw64/bin/../lib/gcc/x86_64-w64-mingw32/8.1.0/../../../../x86_64-w64-mingw32/lib/../lib/libmingw32.a(lib64_libmingw32_a-mingw_helpers.o)
 .data          0x0000000000416180        0x0 c:/ProgramFiles/mingw-w64-x86_64-8.1.0-posix-seh-rt_v6-rev0/mingw64/bin/../lib/gcc/x86_64-w64-mingw32/8.1.0/../../../../x86_64-w64-mingw32/lib/../lib/libmingw32.a(lib64_libmingw32_a-pseudo-reloc.o)
 .data          0x0000000000416180        0x0 c:/ProgramFiles/mingw-w64-x86_64-8.1.0-posix-seh-rt_v6-rev0/mingw64/bin/../lib/gcc/x86_64-w64-mingw32/8.1.0/../../../../x86_64-w64-mingw32/lib/../lib/libmingw32.a(lib64_libmingw32_a-xtxtmode.o)
 .data          0x0000000000416180        0x0 c:/ProgramFiles/mingw-w64-x86_64-8.1.0-posix-seh-rt_v6-rev0/mingw64/bin/../lib/gcc/x86_64-w64-mingw32/8.1.0/../../../../x86_64-w64-mingw32/lib/../lib/libmingw32.a(lib64_libmingw32_a-crt_handler.o)
 .data          0x0000000000416180        0x0 c:/ProgramFiles/mingw-w64-x86_64-8.1.0-posix-seh-rt_v6-rev0/mingw64/bin/../lib/gcc/x86_64-w64-mingw32/8.1.0/../../../../x86_64-w64-mingw32/lib/../lib/libmingw32.a(lib64_libmingw32_a-tlsthrd.o)
 .data          0x0000000000416180       0x10 c:/ProgramFiles/mingw-w64-x86_64-8.1.0-posix-seh-rt_v6-rev0/mingw64/bin/../lib/gcc/x86_64-w64-mingw32/8.1.0/../../../../x86_64-w64-mingw32/lib/../lib/libmingw32.a(lib64_libmingw32_a-tlsmcrt.o)
                0x0000000000416180                _CRT_MT
 .data          0x0000000000416190        0x0 c:/ProgramFiles/mingw-w64-x86_64-8.1.0-posix-seh-rt_v6-rev0/mingw64/bin/../lib/gcc/x86_64-w64-mingw32/8.1.0/../../../../x86_64-w64-mingw32/lib/../lib/libmingw32.a(lib64_libmingw32_a-pseudo-reloc-list.o)
 .data          0x0000000000416190        0x0 c:/ProgramFiles/mingw-w64-x86_64-8.1.0-posix-seh-rt_v6-rev0/mingw64/bin/../lib/gcc/x86_64-w64-mingw32/8.1.0/../../../../x86_64-w64-mingw32/lib/../lib/libmingw32.a(lib64_libmingw32_a-pesect.o)
 .data          0x0000000000416190        0x0 c:/ProgramFiles/mingw-w64-x86_64-8.1.0-posix-seh-rt_v6-rev0/mingw64/bin/../lib/gcc/x86_64-w64-mingw32/8.1.0/libgcc.a(_chkstk_ms.o)
 .data          0x0000000000416190        0x0 c:/ProgramFiles/mingw-w64-x86_64-8.1.0-posix-seh-rt_v6-rev0/mingw64/bin/../lib/gcc/x86_64-w64-mingw32/8.1.0/libgcc.a(_ctors.o)
 .data          0x0000000000416190       0x20 c:/ProgramFiles/mingw-w64-x86_64-8.1.0-posix-seh-rt_v6-rev0/mingw64/bin/../lib/gcc/x86_64-w64-mingw32/8.1.0/../../../../x86_64-w64-mingw32/lib/../lib/libmingwex.a(lib64_libmingwex_a-strtodnrp.o)
 .data          0x00000000004161b0        0x0 c:/ProgramFiles/mingw-w64-x86_64-8.1.0-posix-seh-rt_v6-rev0/mingw64/bin/../lib/gcc/x86_64-w64-mingw32/8.1.0/../../../../x86_64-w64-mingw32/lib/../lib/libmingwex.a(lib64_libmingwex_a-dirent.o)
 .data          0x00000000004161b0       0x30 c:/ProgramFiles/mingw-w64-x86_64-8.1.0-posix-seh-rt_v6-rev0/mingw64/bin/../lib/gcc/x86_64-w64-mingw32/8.1.0/../../../../x86_64-w64-mingw32/lib/../lib/libmingwex.a(lib64_libmingwex_a-getopt.o)
                0x00000000004161c8                optopt
                0x00000000004161cc                optind
                0x00000000004161d0                opterr
 .data          0x00000000004161e0       0x10 c:/ProgramFiles/mingw-w64-x86_64-8.1.0-posix-seh-rt_v6-rev0/mingw64/bin/../lib/gcc/x86_64-w64-mingw32/8.1.0/../../../../x86_64-w64-mingw32/lib/../lib/libmingwex.a(lib64_libmingwex_a-mingw_matherr.o)
                0x00000000004161e0                _MINGW_INSTALL_DEBUG_MATHERR
 .data          0x00000000004161f0        0x0 c:/ProgramFiles/mingw-w64-x86_64-8.1.0-posix-seh-rt_v6-rev0/mingw64/bin/../lib/gcc/x86_64-w64-mingw32/8.1.0/../../../../x86_64-w64-mingw32/lib/../lib/libmingwex.a(lib64_libmingwex_a-wassert.o)
 .data          0x00000000004161f0        0x0 c:/ProgramFiles/mingw-w64-x86_64-8.1.0-posix-seh-rt_v6-rev0/mingw64/bin/../lib/gcc/x86_64-w64-mingw32/8.1.0/../../../../x86_64-w64-mingw32/lib/../lib/libmingwex.a(lib64_libmingwex_a-vsnprintf.o)
 .data          0x00000000004161f0        0x0 c:/ProgramFiles/mingw-w64-x86_64-8.1.0-posix-seh-rt_v6-rev0/mingw64/bin/../lib/gcc/x86_64-w64-mingw32/8.1.0/../../../../x86_64-w64-mingw32/lib/../lib/libmingwex.a(lib64_libmingwex_a-strtodg.o)
 .data          0x00000000004161f0        0x0 c:/ProgramFiles/mingw-w64-x86_64-8.1.0-posix-seh-rt_v6-rev0/mingw64/bin/../lib/gcc/x86_64-w64-mingw32/8.1.0/../../../../x86_64-w64-mingw32/lib/../lib/libmingwex.a(lib64_libmingwex_a-sum.o)
 .data          0x00000000004161f0        0x0 c:/ProgramFiles/mingw-w64-x86_64-8.1.0-posix-seh-rt_v6-rev0/mingw64/bin/../lib/gcc/x86_64-w64-mingw32/8.1.0/../../../../x86_64-w64-mingw32/lib/../lib/libmingwex.a(lib64_libmingwex_a-gethex.o)
 .data          0x00000000004161f0        0x0 c:/ProgramFiles/mingw-w64-x86_64-8.1.0-posix-seh-rt_v6-rev0/mingw64/bin/../lib/gcc/x86_64-w64-mingw32/8.1.0/../../../../x86_64-w64-mingw32/lib/../lib/libmingwex.a(lib64_libmingwex_a-gmisc.o)
 .data          0x00000000004161f0        0x0 c:/ProgramFiles/mingw-w64-x86_64-8.1.0-posix-seh-rt_v6-rev0/mingw64/bin/../lib/gcc/x86_64-w64-mingw32/8.1.0/../../../../x86_64-w64-mingw32/lib/../lib/libmingwex.a(lib64_libmingwex_a-hd_init.o)
 .data          0x00000000004161f0        0x0 c:/ProgramFiles/mingw-w64-x86_64-8.1.0-posix-seh-rt_v6-rev0/mingw64/bin/../lib/gcc/x86_64-w64-mingw32/8.1.0/../../../../x86_64-w64-mingw32/lib/../lib/libmingwex.a(lib64_libmingwex_a-hexnan.o)
 .data          0x00000000004161f0       0x10 c:/ProgramFiles/mingw-w64-x86_64-8.1.0-posix-seh-rt_v6-rev0/mingw64/bin/../lib/gcc/x86_64-w64-mingw32/8.1.0/../../../../x86_64-w64-mingw32/lib/../lib/libmingwex.a(lib64_libmingwex_a-misc.o)
 .data          0x0000000000416200        0x0 c:/ProgramFiles/mingw-w64-x86_64-8.1.0-posix-seh-rt_v6-rev0/mingw64/bin/../lib/gcc/x86_64-w64-mingw32/8.1.0/../../../../x86_64-w64-mingw32/lib/../lib/libmingwex.a(lib64_libmingwex_a-smisc.o)
 .data          0x0000000000416200        0x0 c:/ProgramFiles/mingw-w64-x86_64-8.1.0-posix-seh-rt_v6-rev0/mingw64/bin/../lib/gcc/x86_64-w64-mingw32/8.1.0/../../../../x86_64-w64-mingw32/lib/../lib/libmsvcrt.a(duags01260.o)
 .data          0x0000000000416200        0x0 c:/ProgramFiles/mingw-w64-x86_64-8.1.0-posix-seh-rt_v6-rev0/mingw64/bin/../lib/gcc/x86_64-w64-mingw32/8.1.0/../../../../x86_64-w64-mingw32/lib/../lib/libmsvcrt.a(duags01243.o)
 .data          0x0000000000416200        0x0 c:/ProgramFiles/mingw-w64-x86_64-8.1.0-posix-seh-rt_v6-rev0/mingw64/bin/../lib/gcc/x86_64-w64-mingw32/8.1.0/../../../../x86_64-w64-mingw32/lib/../lib/libmsvcrt.a(duags01214.o)
 .data          0x0000000000416200        0x0 c:/ProgramFiles/mingw-w64-x86_64-8.1.0-posix-seh-rt_v6-rev0/mingw64/bin/../lib/gcc/x86_64-w64-mingw32/8.1.0/../../../../x86_64-w64-mingw32/lib/../lib/libmsvcrt.a(duags01212.o)
 .data          0x0000000000416200        0x0 c:/ProgramFiles/mingw-w64-x86_64-8.1.0-posix-seh-rt_v6-rev0/mingw64/bin/../lib/gcc/x86_64-w64-mingw32/8.1.0/../../../../x86_64-w64-mingw32/lib/../lib/libmsvcrt.a(duags01211.o)
 .data          0x0000000000416200        0x0 c:/ProgramFiles/mingw-w64-x86_64-8.1.0-posix-seh-rt_v6-rev0/mingw64/bin/../lib/gcc/x86_64-w64-mingw32/8.1.0/../../../../x86_64-w64-mingw32/lib/../lib/libmsvcrt.a(duags01209.o)
 .data          0x0000000000416200        0x0 c:/ProgramFiles/mingw-w64-x86_64-8.1.0-posix-seh-rt_v6-rev0/mingw64/bin/../lib/gcc/x86_64-w64-mingw32/8.1.0/../../../../x86_64-w64-mingw32/lib/../lib/libmsvcrt.a(duags01208.o)
 .data          0x0000000000416200        0x0 c:/ProgramFiles/mingw-w64-x86_64-8.1.0-posix-seh-rt_v6-rev0/mingw64/bin/../lib/gcc/x86_64-w64-mingw32/8.1.0/../../../../x86_64-w64-mingw32/lib/../lib/libmsvcrt.a(duags01203.o)
 .data          0x0000000000416200        0x0 c:/ProgramFiles/mingw-w64-x86_64-8.1.0-posix-seh-rt_v6-rev0/mingw64/bin/../lib/gcc/x86_64-w64-mingw32/8.1.0/../../../../x86_64-w64-mingw32/lib/../lib/libmsvcrt.a(duags01201.o)
 .data          0x0000000000416200        0x0 c:/ProgramFiles/mingw-w64-x86_64-8.1.0-posix-seh-rt_v6-rev0/mingw64/bin/../lib/gcc/x86_64-w64-mingw32/8.1.0/../../../../x86_64-w64-mingw32/lib/../lib/libmsvcrt.a(duags01200.o)
 .data          0x0000000000416200        0x0 c:/ProgramFiles/mingw-w64-x86_64-8.1.0-posix-seh-rt_v6-rev0/mingw64/bin/../lib/gcc/x86_64-w64-mingw32/8.1.0/../../../../x86_64-w64-mingw32/lib/../lib/libmsvcrt.a(duags01187.o)
 .data          0x0000000000416200        0x0 c:/ProgramFiles/mingw-w64-x86_64-8.1.0-posix-seh-rt_v6-rev0/mingw64/bin/../lib/gcc/x86_64-w64-mingw32/8.1.0/../../../../x86_64-w64-mingw32/lib/../lib/libmsvcrt.a(duags01176.o)
 .data          0x0000000000416200        0x0 c:/ProgramFiles/mingw-w64-x86_64-8.1.0-posix-seh-rt_v6-rev0/mingw64/bin/../lib/gcc/x86_64-w64-mingw32/8.1.0/../../../../x86_64-w64-mingw32/lib/../lib/libmsvcrt.a(duags01175.o)